
=== Experiment 13: full David-review stopping-rule comparison ===
# T4 fits OLS to the preceding log-dQ window and compares the current trend-extrapolation residual with the fitted-residual scale. T5 applies CUSUM/SR to the same standardized residual stream; h is calibrated once on ER nulls, rather than swept per real graph.
# `mad` uses 1.4826*MAD and suppresses a near-flat window when its relative scale is below 1e-6; `defer` begins testing only after no mergeable singleton community remains. BM-native-stop is separate: it tests Eq. 6 on CNM's selected community pair with adaptive tau.
dataset	method	modifier	W	parameter	sided	stop_at	of_merges	stop_frac	K_all	K_ge3	Q	F1	NMI	frac_nonsingleton
    ...5000 merges, heap 71026, nbr_entries 89736 (max deg 67), 31 ms
    ...5000 merges, heap 70739, nbr_entries 89450 (max deg 56), 25 ms
    ...5000 merges, heap 70811, nbr_entries 89440 (max deg 52), 27 ms
    ...5000 merges, heap 69124, nbr_entries 90102 (max deg 57), 27 ms
    ...5000 merges, heap 69775, nbr_entries 90366 (max deg 90), 26 ms
    ...5000 merges, heap 69119, nbr_entries 89932 (max deg 60), 29 ms
    ...5000 merges, heap 71568, nbr_entries 90000 (max deg 43), 31 ms
    ...5000 merges, heap 68499, nbr_entries 90382 (max deg 46), 30 ms
    ...5000 merges, heap 69601, nbr_entries 90090 (max deg 51), 26 ms
    ...5000 merges, heap 69609, nbr_entries 90546 (max deg 47), 27 ms
# CUSUM calibration (delta=1, W=15): selected h=50.000 by the >=90% mean-ARL rule.
CALIBRATION	T5-cusum	-	15	2.000	1	30.725	4489.500	0.007	NA	NA	NA	NA	NA	NA
CALIBRATION	T5-cusum	-	15	5.000	1	46.075	4489.500	0.010	NA	NA	NA	NA	NA	NA
CALIBRATION	T5-cusum	-	15	10.000	1	77.300	4489.500	0.017	NA	NA	NA	NA	NA	NA
CALIBRATION	T5-cusum	-	15	20.000	1	2009.100	4489.500	0.448	NA	NA	NA	NA	NA	NA
CALIBRATION	T5-cusum	-	15	50.000	1	4233.375	4489.500	0.943	NA	NA	NA	NA	NA	NA
CALIBRATION	T5-cusum	-	15	100.000	1	4489.500	4489.500	1.000	NA	NA	NA	NA	NA	NA
CALIBRATION	T5-cusum	-	15	200.000	1	4489.500	4489.500	1.000	NA	NA	NA	NA	NA	NA
ER-1000	T1-2sided-k1	none	10	1.000	2	10.000	991.500	0.010	990.000	0.000	0.001	NA	NA	0.020
ER-1000	T2-short-1sided	none	5	5.000	1	26.400	991.500	0.027	973.600	0.600	0.004	NA	NA	0.052
ER-1000	T3-diff-1sided	none	15	3.000	1	34.900	991.500	0.035	965.100	0.600	0.006	NA	NA	0.069
ER-1000	T4-detrend-1sided	none	10	1.000	1	16.600	991.500	0.017	983.400	0.400	0.002	NA	NA	0.033
ER-1000	T4-detrend-2sided	none	10	1.000	2	11.000	991.500	0.011	989.000	0.000	0.001	NA	NA	0.022
ER-1000	T4-detrend-1sided	none	10	2.000	1	22.400	991.500	0.023	977.600	0.500	0.003	NA	NA	0.044
ER-1000	T4-detrend-2sided	none	10	2.000	2	13.000	991.500	0.013	987.000	0.000	0.001	NA	NA	0.026
ER-1000	T4-detrend-1sided	none	10	3.000	1	27.700	991.500	0.028	972.300	0.600	0.005	NA	NA	0.055
ER-1000	T4-detrend-2sided	none	10	3.000	2	18.500	991.500	0.019	981.500	0.000	0.003	NA	NA	0.037
ER-1000	T4-detrend-1sided	none	15	1.000	1	20.900	991.500	0.021	979.100	0.400	0.003	NA	NA	0.041
ER-1000	T4-detrend-2sided	none	15	1.000	2	15.600	991.500	0.016	984.400	0.200	0.002	NA	NA	0.031
ER-1000	T4-detrend-1sided	none	15	2.000	1	32.000	991.500	0.032	968.000	0.600	0.005	NA	NA	0.063
ER-1000	T4-detrend-2sided	none	15	2.000	2	22.000	991.500	0.022	978.000	0.200	0.003	NA	NA	0.044
ER-1000	T4-detrend-1sided	none	15	3.000	1	33.400	991.500	0.034	966.600	0.600	0.006	NA	NA	0.066
ER-1000	T4-detrend-2sided	none	15	3.000	2	28.500	991.500	0.029	971.500	0.200	0.005	NA	NA	0.057
ER-1000	T4-detrend-1sided	none	20	1.000	1	35.000	991.500	0.035	965.000	0.700	0.006	NA	NA	0.069
ER-1000	T4-detrend-2sided	none	20	1.000	2	24.700	991.500	0.025	975.300	0.300	0.004	NA	NA	0.049
ER-1000	T4-detrend-1sided	none	20	2.000	1	47.700	991.500	0.048	952.300	1.600	0.009	NA	NA	0.094
ER-1000	T4-detrend-2sided	none	20	2.000	2	29.700	991.500	0.030	970.300	0.300	0.005	NA	NA	0.059
ER-1000	T4-detrend-1sided	none	20	3.000	1	79.000	991.500	0.080	921.000	2.700	0.015	NA	NA	0.155
ER-1000	T4-detrend-2sided	none	20	3.000	2	41.700	991.500	0.042	958.300	0.300	0.007	NA	NA	0.083
ER-1000	T5-cusum	none	15	50.000	1	991.500	991.500	1.000	8.500	8.400	0.276	NA	NA	1.000
ER-1000	T5-sr	none	15	50.000	1	33.600	991.500	0.034	966.400	0.600	0.006	NA	NA	0.066
ER-1000	T1-2sided-k1	defer	10	1.000	2	957.500	991.500	0.966	42.500	27.700	0.268	NA	NA	1.000
ER-1000	T2-short-1sided	defer	5	5.000	1	979.200	991.500	0.988	20.800	17.900	0.274	NA	NA	1.000
ER-1000	T3-diff-1sided	defer	15	3.000	1	985.100	991.500	0.994	14.900	12.300	0.275	NA	NA	1.000
ER-1000	T4-detrend-1sided	defer	10	1.000	1	960.800	991.500	0.969	39.200	26.500	0.269	NA	NA	1.000
ER-1000	T4-detrend-2sided	defer	10	1.000	2	958.000	991.500	0.966	42.000	28.300	0.268	NA	NA	1.000
ER-1000	T4-detrend-1sided	defer	10	2.000	1	966.500	991.500	0.975	33.500	24.100	0.271	NA	NA	1.000
ER-1000	T4-detrend-2sided	defer	10	2.000	2	959.400	991.500	0.968	40.600	27.500	0.269	NA	NA	1.000
ER-1000	T4-detrend-1sided	defer	10	3.000	1	977.300	991.500	0.986	22.700	19.300	0.273	NA	NA	1.000
ER-1000	T4-detrend-2sided	defer	10	3.000	2	961.800	991.500	0.970	38.200	26.100	0.270	NA	NA	1.000
ER-1000	T4-detrend-1sided	defer	15	1.000	1	961.200	991.500	0.969	38.800	26.900	0.269	NA	NA	1.000
ER-1000	T4-detrend-2sided	defer	15	1.000	2	957.200	991.500	0.965	42.800	28.000	0.268	NA	NA	1.000
ER-1000	T4-detrend-1sided	defer	15	2.000	1	972.000	991.500	0.980	28.000	20.500	0.272	NA	NA	1.000
ER-1000	T4-detrend-2sided	defer	15	2.000	2	960.700	991.500	0.969	39.300	26.900	0.269	NA	NA	1.000
ER-1000	T4-detrend-1sided	defer	15	3.000	1	980.000	991.500	0.988	20.000	17.700	0.274	NA	NA	1.000
ER-1000	T4-detrend-2sided	defer	15	3.000	2	965.500	991.500	0.974	34.500	25.500	0.270	NA	NA	1.000
ER-1000	T4-detrend-1sided	defer	20	1.000	1	961.500	991.500	0.970	38.500	26.000	0.269	NA	NA	1.000
ER-1000	T4-detrend-2sided	defer	20	1.000	2	957.600	991.500	0.966	42.400	27.800	0.268	NA	NA	1.000
ER-1000	T4-detrend-1sided	defer	20	2.000	1	973.100	991.500	0.981	26.900	19.700	0.272	NA	NA	1.000
ER-1000	T4-detrend-2sided	defer	20	2.000	2	961.200	991.500	0.969	38.800	26.600	0.269	NA	NA	1.000
ER-1000	T4-detrend-1sided	defer	20	3.000	1	984.400	991.500	0.993	15.600	13.800	0.275	NA	NA	1.000
ER-1000	T4-detrend-2sided	defer	20	3.000	2	970.300	991.500	0.979	29.700	24.400	0.271	NA	NA	1.000
ER-1000	T5-cusum	defer	15	50.000	1	991.500	991.500	1.000	8.500	8.400	0.276	NA	NA	1.000
ER-1000	T5-sr	defer	15	50.000	1	972.300	991.500	0.981	27.700	20.600	0.272	NA	NA	1.000
ER-1000	T1-2sided-k1	mad	10	1.000	2	10.400	991.500	0.010	989.600	0.000	0.001	NA	NA	0.021
ER-1000	T2-short-1sided	mad	5	5.000	1	41.000	991.500	0.041	959.000	1.400	0.007	NA	NA	0.080
ER-1000	T3-diff-1sided	mad	15	3.000	1	80.800	991.500	0.081	919.200	2.800	0.015	NA	NA	0.158
ER-1000	T4-detrend-1sided	mad	10	1.000	1	17.300	991.500	0.017	982.700	0.400	0.002	NA	NA	0.034
ER-1000	T4-detrend-2sided	mad	10	1.000	2	10.600	991.500	0.011	989.400	0.000	0.001	NA	NA	0.021
ER-1000	T4-detrend-1sided	mad	10	2.000	1	19.400	991.500	0.020	980.600	0.400	0.003	NA	NA	0.038
ER-1000	T4-detrend-2sided	mad	10	2.000	2	16.200	991.500	0.016	983.800	0.000	0.002	NA	NA	0.032
ER-1000	T4-detrend-1sided	mad	10	3.000	1	21.700	991.500	0.022	978.300	0.400	0.003	NA	NA	0.043
ER-1000	T4-detrend-2sided	mad	10	3.000	2	19.000	991.500	0.019	981.000	0.000	0.003	NA	NA	0.038
ER-1000	T4-detrend-1sided	mad	15	1.000	1	20.900	991.500	0.021	979.100	0.400	0.003	NA	NA	0.041
ER-1000	T4-detrend-2sided	mad	15	1.000	2	15.400	991.500	0.016	984.600	0.200	0.002	NA	NA	0.030
ER-1000	T4-detrend-1sided	mad	15	2.000	1	26.700	991.500	0.027	973.300	0.400	0.004	NA	NA	0.053
ER-1000	T4-detrend-2sided	mad	15	2.000	2	19.200	991.500	0.019	980.800	0.200	0.003	NA	NA	0.038
ER-1000	T4-detrend-1sided	mad	15	3.000	1	30.100	991.500	0.030	969.900	0.500	0.005	NA	NA	0.059
ER-1000	T4-detrend-2sided	mad	15	3.000	2	28.400	991.500	0.029	971.600	0.200	0.005	NA	NA	0.056
ER-1000	T4-detrend-1sided	mad	20	1.000	1	27.300	991.500	0.028	972.700	0.400	0.004	NA	NA	0.054
ER-1000	T4-detrend-2sided	mad	20	1.000	2	20.600	991.500	0.021	979.400	0.300	0.003	NA	NA	0.041
ER-1000	T4-detrend-1sided	mad	20	2.000	1	34.400	991.500	0.035	965.600	0.600	0.006	NA	NA	0.068
ER-1000	T4-detrend-2sided	mad	20	2.000	2	26.100	991.500	0.026	973.900	0.300	0.004	NA	NA	0.052
ER-1000	T4-detrend-1sided	mad	20	3.000	1	42.200	991.500	0.043	957.800	1.000	0.007	NA	NA	0.083
ER-1000	T4-detrend-2sided	mad	20	3.000	2	33.700	991.500	0.034	966.300	0.400	0.006	NA	NA	0.067
ER-1000	T5-cusum	mad	15	50.000	1	58.100	991.500	0.059	941.900	1.900	0.011	NA	NA	0.114
ER-1000	T5-sr	mad	15	50.000	1	28.700	991.500	0.029	971.300	0.400	0.005	NA	NA	0.057
ER-1000	T1-2sided-k1	defer+mad	10	1.000	2	957.100	991.500	0.965	42.900	27.700	0.268	NA	NA	1.000
ER-1000	T2-short-1sided	defer+mad	5	5.000	1	964.300	991.500	0.973	35.700	24.400	0.270	NA	NA	1.000
ER-1000	T3-diff-1sided	defer+mad	15	3.000	1	969.200	991.500	0.978	30.800	25.200	0.271	NA	NA	1.000
ER-1000	T4-detrend-1sided	defer+mad	10	1.000	1	960.000	991.500	0.968	40.000	26.700	0.269	NA	NA	1.000
ER-1000	T4-detrend-2sided	defer+mad	10	1.000	2	957.600	991.500	0.966	42.400	27.900	0.268	NA	NA	1.000
ER-1000	T4-detrend-1sided	defer+mad	10	2.000	1	962.300	991.500	0.971	37.700	26.200	0.270	NA	NA	1.000
ER-1000	T4-detrend-2sided	defer+mad	10	2.000	2	958.800	991.500	0.967	41.200	27.600	0.269	NA	NA	1.000
ER-1000	T4-detrend-1sided	defer+mad	10	3.000	1	965.200	991.500	0.973	34.800	24.900	0.270	NA	NA	1.000
ER-1000	T4-detrend-2sided	defer+mad	10	3.000	2	961.200	991.500	0.969	38.800	27.200	0.269	NA	NA	1.000
ER-1000	T4-detrend-1sided	defer+mad	15	1.000	1	960.400	991.500	0.969	39.600	27.400	0.269	NA	NA	1.000
ER-1000	T4-detrend-2sided	defer+mad	15	1.000	2	957.300	991.500	0.966	42.700	28.000	0.268	NA	NA	1.000
ER-1000	T4-detrend-1sided	defer+mad	15	2.000	1	968.800	991.500	0.977	31.200	22.700	0.271	NA	NA	1.000
ER-1000	T4-detrend-2sided	defer+mad	15	2.000	2	960.400	991.500	0.969	39.600	27.100	0.269	NA	NA	1.000
ER-1000	T4-detrend-1sided	defer+mad	15	3.000	1	976.600	991.500	0.985	23.400	19.900	0.273	NA	NA	1.000
ER-1000	T4-detrend-2sided	defer+mad	15	3.000	2	963.800	991.500	0.972	36.200	25.200	0.270	NA	NA	1.000
ER-1000	T4-detrend-1sided	defer+mad	20	1.000	1	961.300	991.500	0.970	38.700	26.600	0.269	NA	NA	1.000
ER-1000	T4-detrend-2sided	defer+mad	20	1.000	2	957.400	991.500	0.966	42.600	27.900	0.268	NA	NA	1.000
ER-1000	T4-detrend-1sided	defer+mad	20	2.000	1	969.600	991.500	0.978	30.400	21.800	0.271	NA	NA	1.000
ER-1000	T4-detrend-2sided	defer+mad	20	2.000	2	960.700	991.500	0.969	39.300	26.700	0.269	NA	NA	1.000
ER-1000	T4-detrend-1sided	defer+mad	20	3.000	1	981.100	991.500	0.990	18.900	15.900	0.274	NA	NA	1.000
ER-1000	T4-detrend-2sided	defer+mad	20	3.000	2	968.500	991.500	0.977	31.500	26.000	0.271	NA	NA	1.000
ER-1000	T5-cusum	defer+mad	15	50.000	1	991.500	991.500	1.000	8.500	8.400	0.276	NA	NA	1.000
ER-1000	T5-sr	defer+mad	15	50.000	1	969.500	991.500	0.978	30.500	22.400	0.271	NA	NA	1.000
ER-1000	BM-native-stop	-	0	2.000	1	253.700	991.500	0.256	746.300	15.200	0.051	NA	NA	0.489
ER-1000	cm-baseline	-	0	1.000	1	0.000	991.500	0.000	1000.000	0.000	-0.001	NA	NA	0.000
ER-1000	cm-baseline	-	0	5.000	1	0.000	991.500	0.000	1000.000	0.000	-0.001	NA	NA	0.000
ER-1000	cm-baseline	-	0	10.000	1	0.000	991.500	0.000	1000.000	0.000	-0.001	NA	NA	0.000
ER-1000	cm-baseline	-	0	50.000	1	0.000	991.500	0.000	1000.000	0.000	-0.001	NA	NA	0.000
ER-2000	T1-2sided-k1	none	10	1.000	2	10.600	1990.100	0.005	1989.400	0.000	0.001	NA	NA	0.011
ER-2000	T2-short-1sided	none	5	5.000	1	13.700	1990.100	0.007	1986.300	0.100	0.001	NA	NA	0.014
ER-2000	T3-diff-1sided	none	15	3.000	1	51.500	1990.100	0.026	1948.500	0.200	0.005	NA	NA	0.051
ER-2000	T4-detrend-1sided	none	10	1.000	1	15.100	1990.100	0.008	1984.900	0.100	0.001	NA	NA	0.015
ER-2000	T4-detrend-2sided	none	10	1.000	2	10.800	1990.100	0.005	1989.200	0.100	0.001	NA	NA	0.011
ER-2000	T4-detrend-1sided	none	10	2.000	1	16.400	1990.100	0.008	1983.600	0.100	0.001	NA	NA	0.016
ER-2000	T4-detrend-2sided	none	10	2.000	2	15.300	1990.100	0.008	1984.700	0.100	0.001	NA	NA	0.015
ER-2000	T4-detrend-1sided	none	10	3.000	1	25.600	1990.100	0.013	1974.400	0.200	0.002	NA	NA	0.025
ER-2000	T4-detrend-2sided	none	10	3.000	2	23.400	1990.100	0.012	1976.600	0.100	0.002	NA	NA	0.023
ER-2000	T4-detrend-1sided	none	15	1.000	1	23.900	1990.100	0.012	1976.100	0.200	0.002	NA	NA	0.024
ER-2000	T4-detrend-2sided	none	15	1.000	2	16.900	1990.100	0.008	1983.100	0.100	0.001	NA	NA	0.017
ER-2000	T4-detrend-1sided	none	15	2.000	1	33.100	1990.100	0.017	1966.900	0.300	0.003	NA	NA	0.033
ER-2000	T4-detrend-2sided	none	15	2.000	2	24.000	1990.100	0.012	1976.000	0.100	0.002	NA	NA	0.024
ER-2000	T4-detrend-1sided	none	15	3.000	1	48.700	1990.100	0.024	1951.300	0.300	0.004	NA	NA	0.049
ER-2000	T4-detrend-2sided	none	15	3.000	2	43.100	1990.100	0.022	1956.900	0.100	0.004	NA	NA	0.043
ER-2000	T4-detrend-1sided	none	20	1.000	1	33.600	1990.100	0.017	1966.400	0.200	0.003	NA	NA	0.033
ER-2000	T4-detrend-2sided	none	20	1.000	2	22.000	1990.100	0.011	1978.000	0.200	0.002	NA	NA	0.022
ER-2000	T4-detrend-1sided	none	20	2.000	1	46.100	1990.100	0.023	1953.900	0.300	0.004	NA	NA	0.046
ER-2000	T4-detrend-2sided	none	20	2.000	2	31.000	1990.100	0.016	1969.000	0.200	0.003	NA	NA	0.031
ER-2000	T4-detrend-1sided	none	20	3.000	1	62.700	1990.100	0.032	1937.300	0.600	0.006	NA	NA	0.062
ER-2000	T4-detrend-2sided	none	20	3.000	2	53.100	1990.100	0.027	1946.900	0.200	0.005	NA	NA	0.053
ER-2000	T5-cusum	none	15	50.000	1	1863.500	1990.100	0.936	136.500	35.000	0.254	NA	NA	0.989
ER-2000	T5-sr	none	15	50.000	1	42.000	1990.100	0.021	1958.000	0.300	0.004	NA	NA	0.042
ER-2000	T1-2sided-k1	defer	10	1.000	2	1880.000	1990.100	0.945	120.000	80.600	0.259	NA	NA	1.000
ER-2000	T2-short-1sided	defer	5	5.000	1	1929.800	1990.100	0.970	70.200	46.800	0.266	NA	NA	1.000
ER-2000	T3-diff-1sided	defer	15	3.000	1	1928.700	1990.100	0.969	71.300	48.500	0.267	NA	NA	1.000
ER-2000	T4-detrend-1sided	defer	10	1.000	1	1884.700	1990.100	0.947	115.300	78.300	0.260	NA	NA	1.000
ER-2000	T4-detrend-2sided	defer	10	1.000	2	1879.600	1990.100	0.944	120.400	80.700	0.259	NA	NA	1.000
ER-2000	T4-detrend-1sided	defer	10	2.000	1	1893.700	1990.100	0.952	106.300	74.500	0.261	NA	NA	1.000
ER-2000	T4-detrend-2sided	defer	10	2.000	2	1882.500	1990.100	0.946	117.500	78.800	0.260	NA	NA	1.000
ER-2000	T4-detrend-1sided	defer	10	3.000	1	1924.200	1990.100	0.967	75.800	53.600	0.266	NA	NA	1.000
ER-2000	T4-detrend-2sided	defer	10	3.000	2	1897.500	1990.100	0.953	102.500	72.300	0.262	NA	NA	1.000
ER-2000	T4-detrend-1sided	defer	15	1.000	1	1886.300	1990.100	0.948	113.700	77.800	0.260	NA	NA	1.000
ER-2000	T4-detrend-2sided	defer	15	1.000	2	1880.800	1990.100	0.945	119.200	81.000	0.259	NA	NA	1.000
ER-2000	T4-detrend-1sided	defer	15	2.000	1	1898.100	1990.100	0.954	101.900	70.300	0.262	NA	NA	1.000
ER-2000	T4-detrend-2sided	defer	15	2.000	2	1887.800	1990.100	0.949	112.200	76.400	0.260	NA	NA	1.000
ER-2000	T4-detrend-1sided	defer	15	3.000	1	1946.500	1990.100	0.978	53.500	40.100	0.269	NA	NA	1.000
ER-2000	T4-detrend-2sided	defer	15	3.000	2	1907.200	1990.100	0.958	92.800	67.000	0.263	NA	NA	1.000
ER-2000	T4-detrend-1sided	defer	20	1.000	1	1887.100	1990.100	0.948	112.900	76.400	0.260	NA	NA	1.000
ER-2000	T4-detrend-2sided	defer	20	1.000	2	1879.900	1990.100	0.945	120.100	80.100	0.259	NA	NA	1.000
ER-2000	T4-detrend-1sided	defer	20	2.000	1	1913.200	1990.100	0.961	86.800	63.900	0.265	NA	NA	1.000
ER-2000	T4-detrend-2sided	defer	20	2.000	2	1886.800	1990.100	0.948	113.200	76.600	0.260	NA	NA	1.000
ER-2000	T4-detrend-1sided	defer	20	3.000	1	1942.800	1990.100	0.976	57.200	40.800	0.269	NA	NA	1.000
ER-2000	T4-detrend-2sided	defer	20	3.000	2	1916.300	1990.100	0.963	83.700	60.100	0.265	NA	NA	1.000
ER-2000	T5-cusum	defer	15	50.000	1	1990.100	1990.100	1.000	9.900	9.800	0.275	NA	NA	1.000
ER-2000	T5-sr	defer	15	50.000	1	1897.700	1990.100	0.954	102.300	72.400	0.262	NA	NA	1.000
ER-2000	T1-2sided-k1	mad	10	1.000	2	10.500	1990.100	0.005	1989.500	0.000	0.001	NA	NA	0.010
ER-2000	T2-short-1sided	mad	5	5.000	1	199.700	1990.100	0.100	1800.300	4.400	0.020	NA	NA	0.198
ER-2000	T3-diff-1sided	mad	15	3.000	1	196.700	1990.100	0.099	1803.300	5.700	0.019	NA	NA	0.194
ER-2000	T4-detrend-1sided	mad	10	1.000	1	15.100	1990.100	0.008	1984.900	0.100	0.001	NA	NA	0.015
ER-2000	T4-detrend-2sided	mad	10	1.000	2	10.900	1990.100	0.005	1989.100	0.000	0.001	NA	NA	0.011
ER-2000	T4-detrend-1sided	mad	10	2.000	1	16.400	1990.100	0.008	1983.600	0.100	0.001	NA	NA	0.016
ER-2000	T4-detrend-2sided	mad	10	2.000	2	15.200	1990.100	0.008	1984.800	0.100	0.001	NA	NA	0.015
ER-2000	T4-detrend-1sided	mad	10	3.000	1	23.900	1990.100	0.012	1976.100	0.200	0.002	NA	NA	0.024
ER-2000	T4-detrend-2sided	mad	10	3.000	2	23.400	1990.100	0.012	1976.600	0.100	0.002	NA	NA	0.023
ER-2000	T4-detrend-1sided	mad	15	1.000	1	23.100	1990.100	0.012	1976.900	0.200	0.002	NA	NA	0.023
ER-2000	T4-detrend-2sided	mad	15	1.000	2	16.000	1990.100	0.008	1984.000	0.100	0.001	NA	NA	0.016
ER-2000	T4-detrend-1sided	mad	15	2.000	1	33.000	1990.100	0.017	1967.000	0.200	0.003	NA	NA	0.033
ER-2000	T4-detrend-2sided	mad	15	2.000	2	25.400	1990.100	0.013	1974.600	0.100	0.002	NA	NA	0.025
ER-2000	T4-detrend-1sided	mad	15	3.000	1	41.500	1990.100	0.021	1958.500	0.200	0.004	NA	NA	0.041
ER-2000	T4-detrend-2sided	mad	15	3.000	2	40.100	1990.100	0.020	1959.900	0.100	0.003	NA	NA	0.040
ER-2000	T4-detrend-1sided	mad	20	1.000	1	31.600	1990.100	0.016	1968.400	0.200	0.003	NA	NA	0.032
ER-2000	T4-detrend-2sided	mad	20	1.000	2	20.100	1990.100	0.010	1979.900	0.200	0.001	NA	NA	0.020
ER-2000	T4-detrend-1sided	mad	20	2.000	1	42.700	1990.100	0.021	1957.300	0.200	0.004	NA	NA	0.043
ER-2000	T4-detrend-2sided	mad	20	2.000	2	26.200	1990.100	0.013	1973.800	0.200	0.002	NA	NA	0.026
ER-2000	T4-detrend-1sided	mad	20	3.000	1	54.800	1990.100	0.028	1945.200	0.300	0.005	NA	NA	0.055
ER-2000	T4-detrend-2sided	mad	20	3.000	2	53.900	1990.100	0.027	1946.100	0.200	0.005	NA	NA	0.054
ER-2000	T5-cusum	mad	15	50.000	1	126.100	1990.100	0.063	1873.900	2.100	0.012	NA	NA	0.125
ER-2000	T5-sr	mad	15	50.000	1	36.500	1990.100	0.018	1963.500	0.200	0.003	NA	NA	0.036
ER-2000	T1-2sided-k1	defer+mad	10	1.000	2	1878.300	1990.100	0.944	121.700	79.700	0.259	NA	NA	1.000
ER-2000	T2-short-1sided	defer+mad	5	5.000	1	1886.500	1990.100	0.948	113.500	75.300	0.260	NA	NA	1.000
ER-2000	T3-diff-1sided	defer+mad	15	3.000	1	1887.400	1990.100	0.948	112.600	76.300	0.260	NA	NA	1.000
ER-2000	T4-detrend-1sided	defer+mad	10	1.000	1	1882.700	1990.100	0.946	117.300	79.100	0.260	NA	NA	1.000
ER-2000	T4-detrend-2sided	defer+mad	10	1.000	2	1880.300	1990.100	0.945	119.700	80.200	0.259	NA	NA	1.000
ER-2000	T4-detrend-1sided	defer+mad	10	2.000	1	1887.800	1990.100	0.949	112.200	76.300	0.260	NA	NA	1.000
ER-2000	T4-detrend-2sided	defer+mad	10	2.000	2	1882.100	1990.100	0.946	117.900	79.500	0.260	NA	NA	1.000
ER-2000	T4-detrend-1sided	defer+mad	10	3.000	1	1901.800	1990.100	0.956	98.200	69.000	0.263	NA	NA	1.000
ER-2000	T4-detrend-2sided	defer+mad	10	3.000	2	1886.000	1990.100	0.948	114.000	77.900	0.260	NA	NA	1.000
ER-2000	T4-detrend-1sided	defer+mad	15	1.000	1	1881.800	1990.100	0.946	118.200	77.100	0.260	NA	NA	1.000
ER-2000	T4-detrend-2sided	defer+mad	15	1.000	2	1878.500	1990.100	0.944	121.500	79.500	0.259	NA	NA	1.000
ER-2000	T4-detrend-1sided	defer+mad	15	2.000	1	1888.100	1990.100	0.949	111.900	75.200	0.261	NA	NA	1.000
ER-2000	T4-detrend-2sided	defer+mad	15	2.000	2	1882.600	1990.100	0.946	117.400	76.900	0.260	NA	NA	1.000
ER-2000	T4-detrend-1sided	defer+mad	15	3.000	1	1907.400	1990.100	0.958	92.600	62.400	0.263	NA	NA	1.000
ER-2000	T4-detrend-2sided	defer+mad	15	3.000	2	1886.200	1990.100	0.948	113.800	76.800	0.260	NA	NA	1.000
ER-2000	T4-detrend-1sided	defer+mad	20	1.000	1	1881.900	1990.100	0.946	118.100	77.600	0.260	NA	NA	1.000
ER-2000	T4-detrend-2sided	defer+mad	20	1.000	2	1878.300	1990.100	0.944	121.700	79.700	0.259	NA	NA	1.000
ER-2000	T4-detrend-1sided	defer+mad	20	2.000	1	1901.600	1990.100	0.956	98.400	66.500	0.263	NA	NA	1.000
ER-2000	T4-detrend-2sided	defer+mad	20	2.000	2	1887.200	1990.100	0.948	112.800	74.400	0.260	NA	NA	1.000
ER-2000	T4-detrend-1sided	defer+mad	20	3.000	1	1925.500	1990.100	0.968	74.500	53.200	0.266	NA	NA	1.000
ER-2000	T4-detrend-2sided	defer+mad	20	3.000	2	1889.600	1990.100	0.950	110.400	73.300	0.261	NA	NA	1.000
ER-2000	T5-cusum	defer+mad	15	50.000	1	1970.600	1990.100	0.990	29.400	23.300	0.272	NA	NA	1.000
ER-2000	T5-sr	defer+mad	15	50.000	1	1887.000	1990.100	0.948	113.000	76.200	0.260	NA	NA	1.000
ER-2000	BM-native-stop	-	0	2.000	1	790.400	1990.100	0.397	1209.600	80.200	0.082	NA	NA	0.739
ER-2000	cm-baseline	-	0	1.000	1	0.000	1990.100	0.000	2000.000	0.000	-0.001	NA	NA	0.000
ER-2000	cm-baseline	-	0	5.000	1	0.000	1990.100	0.000	2000.000	0.000	-0.001	NA	NA	0.000
ER-2000	cm-baseline	-	0	10.000	1	0.000	1990.100	0.000	2000.000	0.000	-0.001	NA	NA	0.000
ER-2000	cm-baseline	-	0	50.000	1	0.000	1990.100	0.000	2000.000	0.000	-0.001	NA	NA	0.000
ER-5000	T1-2sided-k1	none	10	1.000	2	10.000	4989.500	0.002	4990.000	0.000	0.000	NA	NA	0.004
ER-5000	T2-short-1sided	none	5	5.000	1	144.700	4989.500	0.029	4855.300	2.000	0.006	NA	NA	0.057
ER-5000	T3-diff-1sided	none	15	3.000	1	51.200	4989.500	0.010	4948.800	0.200	0.002	NA	NA	0.020
ER-5000	T4-detrend-1sided	none	10	1.000	1	17.900	4989.500	0.004	4982.100	0.100	0.000	NA	NA	0.007
ER-5000	T4-detrend-2sided	none	10	1.000	2	10.400	4989.500	0.002	4989.600	0.000	0.000	NA	NA	0.004
ER-5000	T4-detrend-1sided	none	10	2.000	1	23.100	4989.500	0.005	4976.900	0.100	0.001	NA	NA	0.009
ER-5000	T4-detrend-2sided	none	10	2.000	2	18.400	4989.500	0.004	4981.600	0.100	0.001	NA	NA	0.007
ER-5000	T4-detrend-1sided	none	10	3.000	1	27.400	4989.500	0.005	4972.600	0.100	0.001	NA	NA	0.011
ER-5000	T4-detrend-2sided	none	10	3.000	2	27.400	4989.500	0.005	4972.600	0.100	0.001	NA	NA	0.011
ER-5000	T4-detrend-1sided	none	15	1.000	1	26.200	4989.500	0.005	4973.800	0.100	0.001	NA	NA	0.010
ER-5000	T4-detrend-2sided	none	15	1.000	2	16.200	4989.500	0.003	4983.800	0.100	0.000	NA	NA	0.006
ER-5000	T4-detrend-1sided	none	15	2.000	1	29.000	4989.500	0.006	4971.000	0.100	0.001	NA	NA	0.012
ER-5000	T4-detrend-2sided	none	15	2.000	2	20.900	4989.500	0.004	4979.100	0.100	0.001	NA	NA	0.008
ER-5000	T4-detrend-1sided	none	15	3.000	1	31.600	4989.500	0.006	4968.400	0.100	0.001	NA	NA	0.013
ER-5000	T4-detrend-2sided	none	15	3.000	2	31.600	4989.500	0.006	4968.400	0.100	0.001	NA	NA	0.013
ER-5000	T4-detrend-1sided	none	20	1.000	1	29.600	4989.500	0.006	4970.400	0.100	0.001	NA	NA	0.012
ER-5000	T4-detrend-2sided	none	20	1.000	2	20.000	4989.500	0.004	4980.000	0.100	0.001	NA	NA	0.008
ER-5000	T4-detrend-1sided	none	20	2.000	1	34.200	4989.500	0.007	4965.800	0.100	0.001	NA	NA	0.014
ER-5000	T4-detrend-2sided	none	20	2.000	2	26.500	4989.500	0.005	4973.500	0.100	0.001	NA	NA	0.011
ER-5000	T4-detrend-1sided	none	20	3.000	1	34.300	4989.500	0.007	4965.700	0.100	0.001	NA	NA	0.014
ER-5000	T4-detrend-2sided	none	20	3.000	2	34.300	4989.500	0.007	4965.700	0.100	0.001	NA	NA	0.014
ER-5000	T5-cusum	none	15	50.000	1	4631.500	4989.500	0.928	368.500	180.500	0.242	NA	NA	0.999
ER-5000	T5-sr	none	15	50.000	1	31.900	4989.500	0.006	4968.100	0.100	0.001	NA	NA	0.013
ER-5000	T1-2sided-k1	defer	10	1.000	2	4533.600	4989.500	0.909	466.400	340.900	0.237	NA	NA	1.000
ER-5000	T2-short-1sided	defer	5	5.000	1	4647.100	4989.500	0.931	352.900	273.700	0.245	NA	NA	1.000
ER-5000	T3-diff-1sided	defer	15	3.000	1	4593.400	4989.500	0.921	406.600	299.700	0.242	NA	NA	1.000
ER-5000	T4-detrend-1sided	defer	10	1.000	1	4536.600	4989.500	0.909	463.400	339.700	0.238	NA	NA	1.000
ER-5000	T4-detrend-2sided	defer	10	1.000	2	4533.500	4989.500	0.909	466.500	341.000	0.237	NA	NA	1.000
ER-5000	T4-detrend-1sided	defer	10	2.000	1	4548.800	4989.500	0.912	451.200	332.100	0.239	NA	NA	1.000
ER-5000	T4-detrend-2sided	defer	10	2.000	2	4534.700	4989.500	0.909	465.300	340.300	0.238	NA	NA	1.000
ER-5000	T4-detrend-1sided	defer	10	3.000	1	4596.000	4989.500	0.921	404.000	308.900	0.242	NA	NA	1.000
ER-5000	T4-detrend-2sided	defer	10	3.000	2	4544.000	4989.500	0.911	456.000	336.800	0.238	NA	NA	1.000
ER-5000	T4-detrend-1sided	defer	15	1.000	1	4540.200	4989.500	0.910	459.800	338.000	0.238	NA	NA	1.000
ER-5000	T4-detrend-2sided	defer	15	1.000	2	4534.300	4989.500	0.909	465.700	341.100	0.238	NA	NA	1.000
ER-5000	T4-detrend-1sided	defer	15	2.000	1	4562.700	4989.500	0.914	437.300	325.800	0.239	NA	NA	1.000
ER-5000	T4-detrend-2sided	defer	15	2.000	2	4536.900	4989.500	0.909	463.100	339.400	0.238	NA	NA	1.000
ER-5000	T4-detrend-1sided	defer	15	3.000	1	4729.100	4989.500	0.948	270.900	217.700	0.250	NA	NA	1.000
ER-5000	T4-detrend-2sided	defer	15	3.000	2	4553.400	4989.500	0.913	446.600	331.300	0.239	NA	NA	1.000
ER-5000	T4-detrend-1sided	defer	20	1.000	1	4542.500	4989.500	0.910	457.500	337.500	0.238	NA	NA	1.000
ER-5000	T4-detrend-2sided	defer	20	1.000	2	4534.400	4989.500	0.909	465.600	341.000	0.238	NA	NA	1.000
ER-5000	T4-detrend-1sided	defer	20	2.000	1	4575.900	4989.500	0.917	424.100	319.700	0.240	NA	NA	1.000
ER-5000	T4-detrend-2sided	defer	20	2.000	2	4536.800	4989.500	0.909	463.200	339.500	0.238	NA	NA	1.000
ER-5000	T4-detrend-1sided	defer	20	3.000	1	4743.000	4989.500	0.951	257.000	206.600	0.251	NA	NA	1.000
ER-5000	T4-detrend-2sided	defer	20	3.000	2	4565.000	4989.500	0.915	435.000	322.400	0.240	NA	NA	1.000
ER-5000	T5-cusum	defer	15	50.000	1	4989.500	4989.500	1.000	10.500	10.300	0.267	NA	NA	1.000
ER-5000	T5-sr	defer	15	50.000	1	4559.600	4989.500	0.914	440.400	331.600	0.239	NA	NA	1.000
ER-5000	T1-2sided-k1	mad	10	1.000	2	10.300	4989.500	0.002	4989.700	0.000	0.000	NA	NA	0.004
ER-5000	T2-short-1sided	mad	5	5.000	1	641.500	4989.500	0.129	4358.500	13.300	0.026	NA	NA	0.254
ER-5000	T3-diff-1sided	mad	15	3.000	1	1557.200	4989.500	0.312	3442.800	170.800	0.063	NA	NA	0.581
ER-5000	T4-detrend-1sided	mad	10	1.000	1	57.400	4989.500	0.012	4942.600	0.200	0.002	NA	NA	0.023
ER-5000	T4-detrend-2sided	mad	10	1.000	2	11.700	4989.500	0.002	4988.300	0.000	0.000	NA	NA	0.005
ER-5000	T4-detrend-1sided	mad	10	2.000	1	109.000	4989.500	0.022	4891.000	0.600	0.004	NA	NA	0.043
ER-5000	T4-detrend-2sided	mad	10	2.000	2	50.300	4989.500	0.010	4949.700	0.300	0.002	NA	NA	0.020
ER-5000	T4-detrend-1sided	mad	10	3.000	1	199.400	4989.500	0.040	4800.600	1.500	0.008	NA	NA	0.079
ER-5000	T4-detrend-2sided	mad	10	3.000	2	198.400	4989.500	0.040	4801.600	1.300	0.008	NA	NA	0.079
ER-5000	T4-detrend-1sided	mad	15	1.000	1	28.800	4989.500	0.006	4971.200	0.100	0.001	NA	NA	0.011
ER-5000	T4-detrend-2sided	mad	15	1.000	2	16.000	4989.500	0.003	4984.000	0.100	0.000	NA	NA	0.006
ER-5000	T4-detrend-1sided	mad	15	2.000	1	98.700	4989.500	0.020	4901.300	0.900	0.004	NA	NA	0.039
ER-5000	T4-detrend-2sided	mad	15	2.000	2	49.200	4989.500	0.010	4950.800	0.200	0.002	NA	NA	0.020
ER-5000	T4-detrend-1sided	mad	15	3.000	1	100.800	4989.500	0.020	4899.200	0.900	0.004	NA	NA	0.040
ER-5000	T4-detrend-2sided	mad	15	3.000	2	98.700	4989.500	0.020	4901.300	0.600	0.004	NA	NA	0.039
ER-5000	T4-detrend-1sided	mad	20	1.000	1	34.600	4989.500	0.007	4965.400	0.100	0.001	NA	NA	0.014
ER-5000	T4-detrend-2sided	mad	20	1.000	2	20.000	4989.500	0.004	4980.000	0.100	0.001	NA	NA	0.008
ER-5000	T4-detrend-1sided	mad	20	2.000	1	47.600	4989.500	0.010	4952.400	0.300	0.002	NA	NA	0.019
ER-5000	T4-detrend-2sided	mad	20	2.000	2	21.500	4989.500	0.004	4978.500	0.100	0.001	NA	NA	0.009
ER-5000	T4-detrend-1sided	mad	20	3.000	1	92.800	4989.500	0.019	4907.200	0.500	0.003	NA	NA	0.037
ER-5000	T4-detrend-2sided	mad	20	3.000	2	72.600	4989.500	0.015	4927.400	0.200	0.003	NA	NA	0.029
ER-5000	T5-cusum	mad	15	50.000	1	479.400	4989.500	0.096	4520.600	7.000	0.019	NA	NA	0.190
ER-5000	T5-sr	mad	15	50.000	1	98.200	4989.500	0.020	4901.800	0.900	0.004	NA	NA	0.039
ER-5000	T1-2sided-k1	defer+mad	10	1.000	2	4533.500	4989.500	0.909	466.500	340.900	0.237	NA	NA	1.000
ER-5000	T2-short-1sided	defer+mad	5	5.000	1	4542.400	4989.500	0.910	457.600	336.600	0.238	NA	NA	1.000
ER-5000	T3-diff-1sided	defer+mad	15	3.000	1	4543.100	4989.500	0.911	456.900	335.500	0.238	NA	NA	1.000
ER-5000	T4-detrend-1sided	defer+mad	10	1.000	1	4535.100	4989.500	0.909	464.900	339.600	0.238	NA	NA	1.000
ER-5000	T4-detrend-2sided	defer+mad	10	1.000	2	4533.300	4989.500	0.909	466.700	340.900	0.237	NA	NA	1.000
ER-5000	T4-detrend-1sided	defer+mad	10	2.000	1	4541.100	4989.500	0.910	458.900	335.600	0.238	NA	NA	1.000
ER-5000	T4-detrend-2sided	defer+mad	10	2.000	2	4534.400	4989.500	0.909	465.600	340.400	0.238	NA	NA	1.000
ER-5000	T4-detrend-1sided	defer+mad	10	3.000	1	4548.200	4989.500	0.912	451.800	331.500	0.239	NA	NA	1.000
ER-5000	T4-detrend-2sided	defer+mad	10	3.000	2	4535.500	4989.500	0.909	464.500	340.600	0.238	NA	NA	1.000
ER-5000	T4-detrend-1sided	defer+mad	15	1.000	1	4537.500	4989.500	0.909	462.500	338.700	0.238	NA	NA	1.000
ER-5000	T4-detrend-2sided	defer+mad	15	1.000	2	4534.000	4989.500	0.909	466.000	340.900	0.237	NA	NA	1.000
ER-5000	T4-detrend-1sided	defer+mad	15	2.000	1	4543.200	4989.500	0.911	456.800	334.700	0.238	NA	NA	1.000
ER-5000	T4-detrend-2sided	defer+mad	15	2.000	2	4536.500	4989.500	0.909	463.500	339.200	0.238	NA	NA	1.000
ER-5000	T4-detrend-1sided	defer+mad	15	3.000	1	4557.900	4989.500	0.913	442.100	329.200	0.239	NA	NA	1.000
ER-5000	T4-detrend-2sided	defer+mad	15	3.000	2	4539.200	4989.500	0.910	460.800	338.500	0.238	NA	NA	1.000
ER-5000	T4-detrend-1sided	defer+mad	20	1.000	1	4538.700	4989.500	0.910	461.300	337.800	0.238	NA	NA	1.000
ER-5000	T4-detrend-2sided	defer+mad	20	1.000	2	4534.300	4989.500	0.909	465.700	340.800	0.238	NA	NA	1.000
ER-5000	T4-detrend-1sided	defer+mad	20	2.000	1	4548.400	4989.500	0.912	451.600	331.800	0.239	NA	NA	1.000
ER-5000	T4-detrend-2sided	defer+mad	20	2.000	2	4534.500	4989.500	0.909	465.500	340.800	0.238	NA	NA	1.000
ER-5000	T4-detrend-1sided	defer+mad	20	3.000	1	4563.000	4989.500	0.915	437.000	327.200	0.239	NA	NA	1.000
ER-5000	T4-detrend-2sided	defer+mad	20	3.000	2	4541.800	4989.500	0.910	458.200	338.100	0.238	NA	NA	1.000
ER-5000	T5-cusum	defer+mad	15	50.000	1	4741.000	4989.500	0.950	259.000	213.200	0.251	NA	NA	1.000
ER-5000	T5-sr	defer+mad	15	50.000	1	4541.600	4989.500	0.910	458.400	336.600	0.238	NA	NA	1.000
ER-5000	BM-native-stop	-	0	2.000	1	2645.700	4989.500	0.530	2354.300	483.900	0.108	NA	NA	0.929
ER-5000	cm-baseline	-	0	1.000	1	0.000	4989.500	0.000	5000.000	0.000	-0.000	NA	NA	0.000
ER-5000	cm-baseline	-	0	5.000	1	0.000	4989.500	0.000	5000.000	0.000	-0.000	NA	NA	0.000
ER-5000	cm-baseline	-	0	10.000	1	0.000	4989.500	0.000	5000.000	0.000	-0.000	NA	NA	0.000
ER-5000	cm-baseline	-	0	50.000	1	0.000	4989.500	0.000	5000.000	0.000	-0.000	NA	NA	0.000
ER-10000	T1-2sided-k1	none	10	1.000	2	10.100	9986.900	0.001	9989.900	0.000	0.000	NA	NA	0.002
ER-10000	T2-short-1sided	none	5	5.000	1	1143.800	9986.900	0.115	8856.200	25.600	0.023	NA	NA	0.226
ER-10000	T3-diff-1sided	none	15	3.000	1	53.400	9986.900	0.005	9946.600	0.200	0.001	NA	NA	0.011
ER-10000	T4-detrend-1sided	none	10	1.000	1	15.900	9986.900	0.002	9984.100	0.000	0.000	NA	NA	0.003
ER-10000	T4-detrend-2sided	none	10	1.000	2	10.800	9986.900	0.001	9989.200	0.000	0.000	NA	NA	0.002
ER-10000	T4-detrend-1sided	none	10	2.000	1	17.500	9986.900	0.002	9982.500	0.000	0.000	NA	NA	0.004
ER-10000	T4-detrend-2sided	none	10	2.000	2	13.900	9986.900	0.001	9986.100	0.000	0.000	NA	NA	0.003
ER-10000	T4-detrend-1sided	none	10	3.000	1	21.200	9986.900	0.002	9978.800	0.000	0.000	NA	NA	0.004
ER-10000	T4-detrend-2sided	none	10	3.000	2	21.200	9986.900	0.002	9978.800	0.000	0.000	NA	NA	0.004
ER-10000	T4-detrend-1sided	none	15	1.000	1	24.000	9986.900	0.002	9976.000	0.100	0.000	NA	NA	0.005
ER-10000	T4-detrend-2sided	none	15	1.000	2	15.400	9986.900	0.002	9984.600	0.000	0.000	NA	NA	0.003
ER-10000	T4-detrend-1sided	none	15	2.000	1	29.500	9986.900	0.003	9970.500	0.100	0.000	NA	NA	0.006
ER-10000	T4-detrend-2sided	none	15	2.000	2	18.300	9986.900	0.002	9981.700	0.000	0.000	NA	NA	0.004
ER-10000	T4-detrend-1sided	none	15	3.000	1	43.600	9986.900	0.004	9956.400	0.100	0.001	NA	NA	0.009
ER-10000	T4-detrend-2sided	none	15	3.000	2	43.600	9986.900	0.004	9956.400	0.100	0.001	NA	NA	0.009
ER-10000	T4-detrend-1sided	none	20	1.000	1	28.400	9986.900	0.003	9971.600	0.100	0.000	NA	NA	0.006
ER-10000	T4-detrend-2sided	none	20	1.000	2	20.000	9986.900	0.002	9980.000	0.000	0.000	NA	NA	0.004
ER-10000	T4-detrend-1sided	none	20	2.000	1	47.200	9986.900	0.005	9952.800	0.200	0.001	NA	NA	0.009
ER-10000	T4-detrend-2sided	none	20	2.000	2	29.300	9986.900	0.003	9970.700	0.100	0.000	NA	NA	0.006
ER-10000	T4-detrend-1sided	none	20	3.000	1	57.200	9986.900	0.006	9942.800	0.200	0.001	NA	NA	0.011
ER-10000	T4-detrend-2sided	none	20	3.000	2	54.900	9986.900	0.005	9945.100	0.100	0.001	NA	NA	0.011
ER-10000	T5-cusum	none	15	50.000	1	9447.000	9986.900	0.946	553.000	411.700	0.242	NA	NA	1.000
ER-10000	T5-sr	none	15	50.000	1	36.500	9986.900	0.004	9963.500	0.100	0.001	NA	NA	0.007
ER-10000	T1-2sided-k1	defer	10	1.000	2	8348.200	9986.900	0.836	1651.800	1220.500	0.202	NA	NA	1.000
ER-10000	T2-short-1sided	defer	5	5.000	1	8504.800	9986.900	0.852	1495.200	1176.900	0.207	NA	NA	1.000
ER-10000	T3-diff-1sided	defer	15	3.000	1	8363.200	9986.900	0.837	1636.800	1215.400	0.203	NA	NA	1.000
ER-10000	T4-detrend-1sided	defer	10	1.000	1	8347.000	9986.900	0.836	1653.000	1217.900	0.203	NA	NA	1.000
ER-10000	T4-detrend-2sided	defer	10	1.000	2	8343.000	9986.900	0.835	1657.000	1218.700	0.202	NA	NA	1.000
ER-10000	T4-detrend-1sided	defer	10	2.000	1	8369.100	9986.900	0.838	1630.900	1218.500	0.203	NA	NA	1.000
ER-10000	T4-detrend-2sided	defer	10	2.000	2	8349.200	9986.900	0.836	1650.800	1221.100	0.203	NA	NA	1.000
ER-10000	T4-detrend-1sided	defer	10	3.000	1	8425.400	9986.900	0.844	1574.600	1210.100	0.205	NA	NA	1.000
ER-10000	T4-detrend-2sided	defer	10	3.000	2	8358.900	9986.900	0.837	1641.100	1221.600	0.203	NA	NA	1.000
ER-10000	T4-detrend-1sided	defer	15	1.000	1	8346.400	9986.900	0.836	1653.600	1219.300	0.202	NA	NA	1.000
ER-10000	T4-detrend-2sided	defer	15	1.000	2	8344.300	9986.900	0.836	1655.700	1219.400	0.202	NA	NA	1.000
ER-10000	T4-detrend-1sided	defer	15	2.000	1	8394.900	9986.900	0.841	1605.100	1214.200	0.204	NA	NA	1.000
ER-10000	T4-detrend-2sided	defer	15	2.000	2	8348.400	9986.900	0.836	1651.600	1218.600	0.203	NA	NA	1.000
ER-10000	T4-detrend-1sided	defer	15	3.000	1	8418.400	9986.900	0.843	1581.600	1198.600	0.205	NA	NA	1.000
ER-10000	T4-detrend-2sided	defer	15	3.000	2	8362.300	9986.900	0.837	1637.700	1211.000	0.203	NA	NA	1.000
ER-10000	T4-detrend-1sided	defer	20	1.000	1	8361.400	9986.900	0.837	1638.600	1221.100	0.203	NA	NA	1.000
ER-10000	T4-detrend-2sided	defer	20	1.000	2	8345.500	9986.900	0.836	1654.500	1219.900	0.202	NA	NA	1.000
ER-10000	T4-detrend-1sided	defer	20	2.000	1	8408.000	9986.900	0.842	1592.000	1213.900	0.204	NA	NA	1.000
ER-10000	T4-detrend-2sided	defer	20	2.000	2	8354.100	9986.900	0.837	1645.900	1213.800	0.203	NA	NA	1.000
ER-10000	T4-detrend-1sided	defer	20	3.000	1	8534.500	9986.900	0.855	1465.500	1130.200	0.209	NA	NA	1.000
ER-10000	T4-detrend-2sided	defer	20	3.000	2	8362.400	9986.900	0.837	1637.600	1209.300	0.203	NA	NA	1.000
ER-10000	T5-cusum	defer	15	50.000	1	9551.500	9986.900	0.956	448.500	372.800	0.245	NA	NA	1.000
ER-10000	T5-sr	defer	15	50.000	1	8385.900	9986.900	0.840	1614.100	1221.400	0.203	NA	NA	1.000
ER-10000	T1-2sided-k1	mad	10	1.000	2	10.400	9986.900	0.001	9989.600	0.000	0.000	NA	NA	0.002
ER-10000	T2-short-1sided	mad	5	5.000	1	2522.900	9986.900	0.253	7477.100	150.000	0.051	NA	NA	0.488
ER-10000	T3-diff-1sided	mad	15	3.000	1	4466.900	9986.900	0.447	5533.100	696.800	0.090	NA	NA	0.805
ER-10000	T4-detrend-1sided	mad	10	1.000	1	269.900	9986.900	0.027	9730.100	1.400	0.005	NA	NA	0.054
ER-10000	T4-detrend-2sided	mad	10	1.000	2	258.100	9986.900	0.026	9741.900	1.300	0.005	NA	NA	0.051
ER-10000	T4-detrend-1sided	mad	10	2.000	1	311.000	9986.900	0.031	9689.000	1.700	0.006	NA	NA	0.062
ER-10000	T4-detrend-2sided	mad	10	2.000	2	311.000	9986.900	0.031	9689.000	1.700	0.006	NA	NA	0.062
ER-10000	T4-detrend-1sided	mad	10	3.000	1	314.200	9986.900	0.031	9685.800	1.800	0.006	NA	NA	0.063
ER-10000	T4-detrend-2sided	mad	10	3.000	2	314.000	9986.900	0.031	9686.000	1.700	0.006	NA	NA	0.063
ER-10000	T4-detrend-1sided	mad	15	1.000	1	257.900	9986.900	0.026	9742.100	1.300	0.005	NA	NA	0.051
ER-10000	T4-detrend-2sided	mad	15	1.000	2	172.500	9986.900	0.017	9827.500	1.000	0.003	NA	NA	0.034
ER-10000	T4-detrend-1sided	mad	15	2.000	1	313.000	9986.900	0.031	9687.000	1.700	0.006	NA	NA	0.062
ER-10000	T4-detrend-2sided	mad	15	2.000	2	273.800	9986.900	0.027	9726.200	1.500	0.005	NA	NA	0.055
ER-10000	T4-detrend-1sided	mad	15	3.000	1	316.500	9986.900	0.032	9683.500	1.900	0.006	NA	NA	0.063
ER-10000	T4-detrend-2sided	mad	15	3.000	2	315.700	9986.900	0.032	9684.300	1.700	0.006	NA	NA	0.063
ER-10000	T4-detrend-1sided	mad	20	1.000	1	258.100	9986.900	0.026	9741.900	1.300	0.005	NA	NA	0.051
ER-10000	T4-detrend-2sided	mad	20	1.000	2	173.300	9986.900	0.017	9826.700	1.000	0.003	NA	NA	0.035
ER-10000	T4-detrend-1sided	mad	20	2.000	1	312.000	9986.900	0.031	9688.000	1.700	0.006	NA	NA	0.062
ER-10000	T4-detrend-2sided	mad	20	2.000	2	225.500	9986.900	0.023	9774.500	1.300	0.004	NA	NA	0.045
ER-10000	T4-detrend-1sided	mad	20	3.000	1	318.500	9986.900	0.032	9681.500	1.900	0.006	NA	NA	0.064
ER-10000	T4-detrend-2sided	mad	20	3.000	2	317.300	9986.900	0.032	9682.700	1.700	0.006	NA	NA	0.063
ER-10000	T5-cusum	mad	15	50.000	1	1991.700	9986.900	0.199	8008.300	50.500	0.040	NA	NA	0.393
ER-10000	T5-sr	mad	15	50.000	1	312.000	9986.900	0.031	9688.000	1.700	0.006	NA	NA	0.062
ER-10000	T1-2sided-k1	defer+mad	10	1.000	2	8349.700	9986.900	0.836	1650.300	1221.400	0.203	NA	NA	1.000
ER-10000	T2-short-1sided	defer+mad	5	5.000	1	8360.400	9986.900	0.837	1639.600	1219.800	0.203	NA	NA	1.000
ER-10000	T3-diff-1sided	defer+mad	15	3.000	1	8374.600	9986.900	0.839	1625.400	1220.900	0.203	NA	NA	1.000
ER-10000	T4-detrend-1sided	defer+mad	10	1.000	1	8344.500	9986.900	0.836	1655.500	1218.400	0.202	NA	NA	1.000
ER-10000	T4-detrend-2sided	defer+mad	10	1.000	2	8342.800	9986.900	0.835	1657.200	1218.700	0.202	NA	NA	1.000
ER-10000	T4-detrend-1sided	defer+mad	10	2.000	1	8348.900	9986.900	0.836	1651.100	1214.700	0.203	NA	NA	1.000
ER-10000	T4-detrend-2sided	defer+mad	10	2.000	2	8344.700	9986.900	0.836	1655.300	1218.600	0.202	NA	NA	1.000
ER-10000	T4-detrend-1sided	defer+mad	10	3.000	1	8356.400	9986.900	0.837	1643.600	1212.500	0.203	NA	NA	1.000
ER-10000	T4-detrend-2sided	defer+mad	10	3.000	2	8347.100	9986.900	0.836	1652.900	1217.700	0.203	NA	NA	1.000
ER-10000	T4-detrend-1sided	defer+mad	15	1.000	1	8344.200	9986.900	0.836	1655.800	1218.700	0.202	NA	NA	1.000
ER-10000	T4-detrend-2sided	defer+mad	15	1.000	2	8343.300	9986.900	0.835	1656.700	1219.100	0.202	NA	NA	1.000
ER-10000	T4-detrend-1sided	defer+mad	15	2.000	1	8349.600	9986.900	0.836	1650.400	1215.100	0.203	NA	NA	1.000
ER-10000	T4-detrend-2sided	defer+mad	15	2.000	2	8347.800	9986.900	0.836	1652.200	1216.000	0.203	NA	NA	1.000
ER-10000	T4-detrend-1sided	defer+mad	15	3.000	1	8372.000	9986.900	0.838	1628.000	1200.200	0.204	NA	NA	1.000
ER-10000	T4-detrend-2sided	defer+mad	15	3.000	2	8355.200	9986.900	0.837	1644.800	1211.300	0.203	NA	NA	1.000
ER-10000	T4-detrend-1sided	defer+mad	20	1.000	1	8342.800	9986.900	0.835	1657.200	1217.100	0.202	NA	NA	1.000
ER-10000	T4-detrend-2sided	defer+mad	20	1.000	2	8341.700	9986.900	0.835	1658.300	1218.200	0.202	NA	NA	1.000
ER-10000	T4-detrend-1sided	defer+mad	20	2.000	1	8346.500	9986.900	0.836	1653.500	1213.800	0.203	NA	NA	1.000
ER-10000	T4-detrend-2sided	defer+mad	20	2.000	2	8346.200	9986.900	0.836	1653.800	1213.900	0.203	NA	NA	1.000
ER-10000	T4-detrend-1sided	defer+mad	20	3.000	1	8367.700	9986.900	0.838	1632.300	1199.400	0.203	NA	NA	1.000
ER-10000	T4-detrend-2sided	defer+mad	20	3.000	2	8352.700	9986.900	0.836	1647.300	1209.300	0.203	NA	NA	1.000
ER-10000	T5-cusum	defer+mad	15	50.000	1	8502.200	9986.900	0.851	1497.800	1111.800	0.208	NA	NA	1.000
ER-10000	T5-sr	defer+mad	15	50.000	1	8348.500	9986.900	0.836	1651.500	1216.700	0.203	NA	NA	1.000
ER-10000	BM-native-stop	-	0	2.000	1	6302.100	9986.900	0.631	3697.900	1771.600	0.128	NA	NA	0.994
ER-10000	cm-baseline	-	0	1.000	1	0.000	9986.900	0.000	10000.000	0.000	-0.000	NA	NA	0.000
ER-10000	cm-baseline	-	0	5.000	1	0.000	9986.900	0.000	10000.000	0.000	-0.000	NA	NA	0.000
ER-10000	cm-baseline	-	0	10.000	1	0.000	9986.900	0.000	10000.000	0.000	-0.000	NA	NA	0.000
ER-10000	cm-baseline	-	0	50.000	1	0.000	9986.900	0.000	10000.000	0.000	-0.000	NA	NA	0.000
    ...5000 merges, heap 928213, nbr_entries 1841728 (max deg 549), 157 ms
    ...10000 merges, heap 937116, nbr_entries 1830024 (max deg 547), 165 ms
    ...15000 merges, heap 3533688, nbr_entries 1810314 (max deg 2407), 270 ms
    [compact] 20000049 -> 889628 live entries after 19785 merges (1296 ms)
    ...20000 merges, heap 2155609, nbr_entries 1777598 (max deg 6094), 1343 ms
    [compact] 20006793 -> 879139 live entries after 22561 merges (2242 ms)
    [compact] 20006611 -> 871352 live entries after 24902 merges (2941 ms)
    ...25000 merges, heap 1742042, nbr_entries 1742372 (max deg 9089), 2974 ms
    [compact] 20006550 -> 864547 live entries after 27045 merges (3708 ms)
    [compact] 20003670 -> 858599 live entries after 29143 merges (4531 ms)
    ...30000 merges, heap 9122122, nbr_entries 1711590 (max deg 10795), 4787 ms
    [compact] 20010454 -> 852088 live entries after 31033 merges (5334 ms)
    [compact] 20010308 -> 844607 live entries after 32760 merges (6079 ms)
    [compact] 20009440 -> 838752 live entries after 34254 merges (6789 ms)
    ...35000 merges, heap 10720089, nbr_entries 1674240 (max deg 14634), 7133 ms
    [compact] 20008805 -> 833828 live entries after 35688 merges (7496 ms)
    [compact] 20011636 -> 828656 live entries after 37138 merges (8429 ms)
    [compact] 20006455 -> 823366 live entries after 38468 merges (9207 ms)
    [compact] 20007504 -> 819302 live entries after 39790 merges (10199 ms)
    ...40000 merges, heap 3947857, nbr_entries 1641048 (max deg 17378), 10323 ms
    [compact] 20008313 -> 815186 live entries after 41051 merges (11111 ms)
    [compact] 20009311 -> 811003 live entries after 42311 merges (12030 ms)
    [compact] 20002985 -> 806945 live entries after 43541 merges (12801 ms)
    [compact] 20012233 -> 803397 live entries after 44744 merges (13628 ms)
    ...45000 merges, heap 4939421, nbr_entries 1610550 (max deg 18834), 13760 ms
    [compact] 20007711 -> 799156 live entries after 45970 merges (14429 ms)
    [compact] 20012416 -> 795253 live entries after 47185 merges (15363 ms)
    [compact] 20010167 -> 791033 live entries after 48354 merges (16149 ms)
    [compact] 20008955 -> 787157 live entries after 49477 merges (16937 ms)
    ...50000 merges, heap 9791242, nbr_entries 1578354 (max deg 21367), 17252 ms
    [compact] 20001833 -> 782236 live entries after 50610 merges (17717 ms)
    [compact] 20004049 -> 777665 live entries after 51722 merges (18603 ms)
    [compact] 20014129 -> 773716 live entries after 52825 merges (19549 ms)
    [compact] 20002374 -> 770007 live entries after 53938 merges (20402 ms)
    ...55000 merges, heap 19217052, nbr_entries 1542792 (max deg 22538), 21129 ms
    [compact] 20013779 -> 766141 live entries after 55047 merges (21320 ms)
    [compact] 20004154 -> 760910 live entries after 56173 merges (22120 ms)
    ...60000 merges, heap 13713024, nbr_entries 1510566 (max deg 22248), 22615 ms
    [compact] 20003453 -> 745019 live entries after 61193 merges (22925 ms)
    [compact] 20003770 -> 735683 live entries after 63941 merges (23747 ms)
    ...65000 merges, heap 9303612, nbr_entries 1478158 (max deg 22183), 24055 ms
    [compact] 20000919 -> 728567 live entries after 66240 merges (24527 ms)
    [compact] 20006493 -> 722362 live entries after 68244 merges (25330 ms)
    ...70000 merges, heap 18156183, nbr_entries 1447188 (max deg 21887), 26071 ms
    [compact] 20003610 -> 716490 live entries after 70168 merges (26186 ms)
    [compact] 20000502 -> 710438 live entries after 71934 merges (27000 ms)
    [compact] 20006260 -> 705182 live entries after 73565 merges (27822 ms)
    ...75000 merges, heap 18055285, nbr_entries 1415306 (max deg 21807), 28523 ms
    [compact] 20000791 -> 700242 live entries after 75152 merges (28641 ms)
    [compact] 20011480 -> 695589 live entries after 76698 merges (29672 ms)
    [compact] 20004107 -> 690823 live entries after 78215 merges (30503 ms)
    [compact] 20012739 -> 686443 live entries after 79682 merges (31465 ms)
    ...80000 merges, heap 4913702, nbr_entries 1385394 (max deg 21704), 31615 ms
    [compact] 20011524 -> 681880 live entries after 81113 merges (32203 ms)
    [compact] 20008550 -> 677378 live entries after 82539 merges (32946 ms)
    [compact] 20009748 -> 673280 live entries after 83951 merges (33784 ms)
    ...85000 merges, heap 14885440, nbr_entries 1355558 (max deg 21526), 34346 ms
    [compact] 20003986 -> 668888 live entries after 85364 merges (34564 ms)
    [compact] 20002380 -> 664662 live entries after 86721 merges (35309 ms)
    [compact] 20007998 -> 660457 live entries after 88053 merges (36199 ms)
    [compact] 20012327 -> 656710 live entries after 89368 merges (37095 ms)
    ...90000 merges, heap 10211434, nbr_entries 1325954 (max deg 21232), 37434 ms
    [compact] 20002353 -> 652588 live entries after 90638 merges (37802 ms)
    [compact] 20007416 -> 648568 live entries after 91915 merges (38701 ms)
    [compact] 20014979 -> 645092 live entries after 93216 merges (39576 ms)
    [compact] 20005011 -> 641169 live entries after 94497 merges (40336 ms)
    ...95000 merges, heap 8427361, nbr_entries 1296860 (max deg 20997), 40600 ms
    [compact] 20002871 -> 637659 live entries after 95747 merges (41091 ms)
    [compact] 20008080 -> 634161 live entries after 96997 merges (41959 ms)
    [compact] 20000595 -> 624443 live entries after 99812 merges (42717 ms)
    ...100000 merges, heap 796381, nbr_entries 1266486 (max deg 20863), 42733 ms
    ...105000 merges, heap 11520501, nbr_entries 1235586 (max deg 20688), 43168 ms
    [compact] 20002278 -> 602272 live entries after 107037 merges (43598 ms)
    ...110000 merges, heap 18799806, nbr_entries 1203126 (max deg 20450), 44246 ms
    [compact] 20002476 -> 592031 live entries after 110175 merges (44485 ms)
    [compact] 20006274 -> 583566 live entries after 112938 merges (45339 ms)
    ...115000 merges, heap 15330184, nbr_entries 1172876 (max deg 20168), 45816 ms
    [compact] 20005668 -> 575519 live entries after 115681 merges (46123 ms)
    [compact] 20001744 -> 567289 live entries after 118397 merges (46875 ms)
    ...120000 merges, heap 12831454, nbr_entries 1142070 (max deg 19850), 47255 ms
    [compact] 20000462 -> 559642 live entries after 120880 merges (47558 ms)
    [compact] 20001166 -> 552991 live entries after 123109 merges (48721 ms)
    ...125000 merges, heap 5545329, nbr_entries 1115086 (max deg 19728), 48901 ms
    ...130000 merges, heap 13608715, nbr_entries 1086380 (max deg 19218), 49183 ms
    [compact] 20003821 -> 529574 live entries after 131779 merges (49543 ms)
    ...135000 merges, heap 6369368, nbr_entries 1057536 (max deg 18836), 49737 ms
    ...140000 merges, heap 9946586, nbr_entries 1026574 (max deg 18601), 49866 ms
    ...145000 merges, heap 12923831, nbr_entries 1002200 (max deg 18396), 50048 ms
    ...150000 merges, heap 17625299, nbr_entries 974906 (max deg 18279), 50353 ms
    [compact] 20000664 -> 474586 live entries after 151592 merges (50503 ms)
    ...155000 merges, heap 6303071, nbr_entries 944052 (max deg 18105), 50688 ms
    ...160000 merges, heap 9481696, nbr_entries 918740 (max deg 18040), 50835 ms
    ...165000 merges, heap 19980988, nbr_entries 892280 (max deg 17924), 51206 ms
    [compact] 20000490 -> 438308 live entries after 165023 merges (51275 ms)
    ...170000 merges, heap 5471573, nbr_entries 871446 (max deg 17691), 51486 ms
    ...175000 merges, heap 7393794, nbr_entries 844984 (max deg 17509), 51570 ms
    ...180000 merges, heap 10222030, nbr_entries 819890 (max deg 17340), 51727 ms
    ...185000 merges, heap 13673253, nbr_entries 794376 (max deg 17131), 51866 ms
    ...190000 merges, heap 16639329, nbr_entries 768914 (max deg 16803), 51992 ms
    ...195000 merges, heap 19063923, nbr_entries 744056 (max deg 16594), 52114 ms
    [compact] 20000015 -> 360496 live entries after 196534 merges (52229 ms)
    ...200000 merges, heap 1772061, nbr_entries 719188 (max deg 16307), 52310 ms
    ...205000 merges, heap 3789501, nbr_entries 692718 (max deg 16055), 52402 ms
    ...210000 merges, heap 5526925, nbr_entries 664926 (max deg 15822), 52479 ms
    ...215000 merges, heap 7339969, nbr_entries 638948 (max deg 15528), 52544 ms
    ...220000 merges, heap 10446049, nbr_entries 613676 (max deg 15272), 52689 ms
    ...225000 merges, heap 11852574, nbr_entries 586766 (max deg 15036), 52778 ms
    ...230000 merges, heap 13718322, nbr_entries 559120 (max deg 14779), 52865 ms
    ...235000 merges, heap 15839421, nbr_entries 530438 (max deg 14523), 52960 ms
    ...240000 merges, heap 17669545, nbr_entries 503598 (max deg 14192), 53050 ms
    [compact] 20006322 -> 231398 live entries after 244511 merges (53320 ms)
    ...245000 merges, heap 374614, nbr_entries 475684 (max deg 13912), 53341 ms
    ...250000 merges, heap 2810833, nbr_entries 447342 (max deg 13528), 53439 ms
    ...255000 merges, heap 6191746, nbr_entries 419344 (max deg 13099), 53588 ms
    ...260000 merges, heap 7430711, nbr_entries 390790 (max deg 12677), 53652 ms
    ...265000 merges, heap 8375938, nbr_entries 361380 (max deg 12276), 53709 ms
    ...270000 merges, heap 10068094, nbr_entries 331552 (max deg 11912), 53831 ms
    ...275000 merges, heap 12251530, nbr_entries 301870 (max deg 11460), 53934 ms
    ...280000 merges, heap 14666063, nbr_entries 272306 (max deg 10824), 54053 ms
    ...285000 merges, heap 15821000, nbr_entries 240504 (max deg 10304), 54123 ms
    ...290000 merges, heap 16721313, nbr_entries 207604 (max deg 9797), 54181 ms
    ...295000 merges, heap 18059121, nbr_entries 175128 (max deg 9152), 54260 ms
    ...300000 merges, heap 18643429, nbr_entries 140998 (max deg 8575), 54314 ms
    ...305000 merges, heap 19555907, nbr_entries 105714 (max deg 7895), 54383 ms
    [compact] 20004048 -> 36683 live entries after 307934 merges (54535 ms)
    ...310000 merges, heap 646343, nbr_entries 76434 (max deg 6986), 54581 ms
    ...315000 merges, heap 842291, nbr_entries 59608 (max deg 6042), 54611 ms
    ...320000 merges, heap 1237004, nbr_entries 44036 (max deg 5242), 54693 ms
    ...325000 merges, heap 2908411, nbr_entries 30004 (max deg 4634), 55090 ms
    ...330000 merges, heap 6243290, nbr_entries 19086 (max deg 2613), 56043 ms
# amazon_full CNM-full merges=333388 budget=0 singleton_phase_end=331875
# plateau-window amazon_full indices=2438..2458 bit_identical_consecutive=no
TRACE	amazon_full	2438	1.08006173632758866e-06
TRACE	amazon_full	2439	1.08006173632758866e-06
TRACE	amazon_full	2440	1.08006173632758866e-06
TRACE	amazon_full	2441	1.08006173632758866e-06
TRACE	amazon_full	2442	1.08006173632758866e-06
TRACE	amazon_full	2443	1.08006173632758866e-06
TRACE	amazon_full	2444	1.08006173632758866e-06
TRACE	amazon_full	2445	1.08006173632758866e-06
TRACE	amazon_full	2446	1.08006173632758866e-06
TRACE	amazon_full	2447	1.08006173632758866e-06
TRACE	amazon_full	2448	1.08006115305965150e-06
TRACE	amazon_full	2449	1.08006115305965150e-06
TRACE	amazon_full	2450	1.08006115305965150e-06
TRACE	amazon_full	2451	1.08006115305965150e-06
TRACE	amazon_full	2452	1.08006115305965150e-06
TRACE	amazon_full	2453	1.08006115305965150e-06
TRACE	amazon_full	2454	1.08006115305965150e-06
TRACE	amazon_full	2455	1.08006115305965150e-06
TRACE	amazon_full	2456	1.08006115305965150e-06
TRACE	amazon_full	2457	1.08006115305965150e-06
TRACE	amazon_full	2458	1.08006115305965150e-06
amazon_full	CNM-full	-	0	0.000	1	333388.000	333388.000	1.000	1475.000	1475.000	0.871	0.622	0.884	1.000
amazon_full	T1-2sided-k1	none	10	1.000	2	2448.000	333388.000	0.007	332415.000	0.000	0.003	0.241	0.822	0.015
amazon_full	T2-short-1sided	none	5	5.000	1	12999.000	333388.000	0.039	321864.000	1482.000	0.015	0.272	0.824	0.073
amazon_full	T3-diff-1sided	none	15	3.000	1	2448.000	333388.000	0.007	332415.000	0.000	0.003	0.241	0.822	0.015
amazon_full	T4-detrend-1sided	none	10	1.000	1	2449.000	333388.000	0.007	332414.000	0.000	0.003	0.241	0.822	0.015
amazon_full	T4-detrend-2sided	none	10	1.000	2	2449.000	333388.000	0.007	332414.000	0.000	0.003	0.241	0.822	0.015
amazon_full	T4-detrend-1sided	none	10	2.000	1	2449.000	333388.000	0.007	332414.000	0.000	0.003	0.241	0.822	0.015
amazon_full	T4-detrend-2sided	none	10	2.000	2	2449.000	333388.000	0.007	332414.000	0.000	0.003	0.241	0.822	0.015
amazon_full	T4-detrend-1sided	none	10	3.000	1	12933.000	333388.000	0.039	321930.000	1483.000	0.015	0.272	0.824	0.073
amazon_full	T4-detrend-2sided	none	10	3.000	2	4928.000	333388.000	0.015	329935.000	0.000	0.005	0.241	0.822	0.029
amazon_full	T4-detrend-1sided	none	15	1.000	1	2449.000	333388.000	0.007	332414.000	0.000	0.003	0.241	0.822	0.015
amazon_full	T4-detrend-2sided	none	15	1.000	2	2449.000	333388.000	0.007	332414.000	0.000	0.003	0.241	0.822	0.015
amazon_full	T4-detrend-1sided	none	15	2.000	1	2449.000	333388.000	0.007	332414.000	0.000	0.003	0.241	0.822	0.015
amazon_full	T4-detrend-2sided	none	15	2.000	2	2449.000	333388.000	0.007	332414.000	0.000	0.003	0.241	0.822	0.015
amazon_full	T4-detrend-1sided	none	15	3.000	1	2449.000	333388.000	0.007	332414.000	0.000	0.003	0.241	0.822	0.015
amazon_full	T4-detrend-2sided	none	15	3.000	2	2449.000	333388.000	0.007	332414.000	0.000	0.003	0.241	0.822	0.015
amazon_full	T4-detrend-1sided	none	20	1.000	1	2449.000	333388.000	0.007	332414.000	0.000	0.003	0.241	0.822	0.015
amazon_full	T4-detrend-2sided	none	20	1.000	2	2449.000	333388.000	0.007	332414.000	0.000	0.003	0.241	0.822	0.015
amazon_full	T4-detrend-1sided	none	20	2.000	1	2449.000	333388.000	0.007	332414.000	0.000	0.003	0.241	0.822	0.015
amazon_full	T4-detrend-2sided	none	20	2.000	2	2449.000	333388.000	0.007	332414.000	0.000	0.003	0.241	0.822	0.015
amazon_full	T4-detrend-1sided	none	20	3.000	1	2449.000	333388.000	0.007	332414.000	0.000	0.003	0.241	0.822	0.015
amazon_full	T4-detrend-2sided	none	20	3.000	2	2449.000	333388.000	0.007	332414.000	0.000	0.003	0.241	0.822	0.015
amazon_full	T5-cusum	none	15	50.000	1	14709.000	333388.000	0.044	320154.000	1478.000	0.021	0.272	0.824	0.078
amazon_full	T5-sr	none	15	50.000	1	2450.000	333388.000	0.007	332413.000	0.000	0.003	0.241	0.822	0.015
amazon_full	T1-2sided-k1	defer	10	1.000	2	331875.000	333388.000	0.995	2988.000	2481.000	0.870	0.695	0.918	1.000
amazon_full	T2-short-1sided	defer	5	5.000	1	331875.000	333388.000	0.995	2988.000	2481.000	0.870	0.695	0.918	1.000
amazon_full	T3-diff-1sided	defer	15	3.000	1	331875.000	333388.000	0.995	2988.000	2481.000	0.870	0.695	0.918	1.000
amazon_full	T4-detrend-1sided	defer	10	1.000	1	331875.000	333388.000	0.995	2988.000	2481.000	0.870	0.695	0.918	1.000
amazon_full	T4-detrend-2sided	defer	10	1.000	2	331875.000	333388.000	0.995	2988.000	2481.000	0.870	0.695	0.918	1.000
amazon_full	T4-detrend-1sided	defer	10	2.000	1	331875.000	333388.000	0.995	2988.000	2481.000	0.870	0.695	0.918	1.000
amazon_full	T4-detrend-2sided	defer	10	2.000	2	331875.000	333388.000	0.995	2988.000	2481.000	0.870	0.695	0.918	1.000
amazon_full	T4-detrend-1sided	defer	10	3.000	1	331875.000	333388.000	0.995	2988.000	2481.000	0.870	0.695	0.918	1.000
amazon_full	T4-detrend-2sided	defer	10	3.000	2	331875.000	333388.000	0.995	2988.000	2481.000	0.870	0.695	0.918	1.000
amazon_full	T4-detrend-1sided	defer	15	1.000	1	331875.000	333388.000	0.995	2988.000	2481.000	0.870	0.695	0.918	1.000
amazon_full	T4-detrend-2sided	defer	15	1.000	2	331875.000	333388.000	0.995	2988.000	2481.000	0.870	0.695	0.918	1.000
amazon_full	T4-detrend-1sided	defer	15	2.000	1	331875.000	333388.000	0.995	2988.000	2481.000	0.870	0.695	0.918	1.000
amazon_full	T4-detrend-2sided	defer	15	2.000	2	331875.000	333388.000	0.995	2988.000	2481.000	0.870	0.695	0.918	1.000
amazon_full	T4-detrend-1sided	defer	15	3.000	1	331875.000	333388.000	0.995	2988.000	2481.000	0.870	0.695	0.918	1.000
amazon_full	T4-detrend-2sided	defer	15	3.000	2	331875.000	333388.000	0.995	2988.000	2481.000	0.870	0.695	0.918	1.000
amazon_full	T4-detrend-1sided	defer	20	1.000	1	331875.000	333388.000	0.995	2988.000	2481.000	0.870	0.695	0.918	1.000
amazon_full	T4-detrend-2sided	defer	20	1.000	2	331875.000	333388.000	0.995	2988.000	2481.000	0.870	0.695	0.918	1.000
amazon_full	T4-detrend-1sided	defer	20	2.000	1	331875.000	333388.000	0.995	2988.000	2481.000	0.870	0.695	0.918	1.000
amazon_full	T4-detrend-2sided	defer	20	2.000	2	331875.000	333388.000	0.995	2988.000	2481.000	0.870	0.695	0.918	1.000
amazon_full	T4-detrend-1sided	defer	20	3.000	1	331875.000	333388.000	0.995	2988.000	2481.000	0.870	0.695	0.918	1.000
amazon_full	T4-detrend-2sided	defer	20	3.000	2	331875.000	333388.000	0.995	2988.000	2481.000	0.870	0.695	0.918	1.000
amazon_full	T5-cusum	defer	15	50.000	1	331875.000	333388.000	0.995	2988.000	2481.000	0.870	0.695	0.918	1.000
amazon_full	T5-sr	defer	15	50.000	1	331875.000	333388.000	0.995	2988.000	2481.000	0.870	0.695	0.918	1.000
amazon_full	T1-2sided-k1	mad	10	1.000	2	12927.000	333388.000	0.039	321936.000	1483.000	0.015	0.272	0.824	0.073
amazon_full	T2-short-1sided	mad	5	5.000	1	5517.000	333388.000	0.017	329346.000	88.000	0.006	0.244	0.822	0.033
amazon_full	T3-diff-1sided	mad	15	3.000	1	12951.000	333388.000	0.039	321912.000	1483.000	0.015	0.272	0.824	0.073
amazon_full	T4-detrend-1sided	mad	10	1.000	1	4929.000	333388.000	0.015	329934.000	1.000	0.005	0.241	0.822	0.029
amazon_full	T4-detrend-2sided	mad	10	1.000	2	4929.000	333388.000	0.015	329934.000	1.000	0.005	0.241	0.822	0.029
amazon_full	T4-detrend-1sided	mad	10	2.000	1	4930.000	333388.000	0.015	329933.000	1.000	0.005	0.241	0.822	0.029
amazon_full	T4-detrend-2sided	mad	10	2.000	2	4930.000	333388.000	0.015	329933.000	1.000	0.005	0.241	0.822	0.029
amazon_full	T4-detrend-1sided	mad	10	3.000	1	4933.000	333388.000	0.015	329930.000	1.000	0.005	0.241	0.822	0.029
amazon_full	T4-detrend-2sided	mad	10	3.000	2	4933.000	333388.000	0.015	329930.000	1.000	0.005	0.241	0.822	0.029
amazon_full	T4-detrend-1sided	mad	15	1.000	1	4929.000	333388.000	0.015	329934.000	1.000	0.005	0.241	0.822	0.029
amazon_full	T4-detrend-2sided	mad	15	1.000	2	4929.000	333388.000	0.015	329934.000	1.000	0.005	0.241	0.822	0.029
amazon_full	T4-detrend-1sided	mad	15	2.000	1	4932.000	333388.000	0.015	329931.000	1.000	0.005	0.241	0.822	0.029
amazon_full	T4-detrend-2sided	mad	15	2.000	2	4932.000	333388.000	0.015	329931.000	1.000	0.005	0.241	0.822	0.029
amazon_full	T4-detrend-1sided	mad	15	3.000	1	4935.000	333388.000	0.015	329928.000	1.000	0.005	0.241	0.822	0.029
amazon_full	T4-detrend-2sided	mad	15	3.000	2	4935.000	333388.000	0.015	329928.000	1.000	0.005	0.241	0.822	0.029
amazon_full	T4-detrend-1sided	mad	20	1.000	1	4929.000	333388.000	0.015	329934.000	1.000	0.005	0.241	0.822	0.029
amazon_full	T4-detrend-2sided	mad	20	1.000	2	4929.000	333388.000	0.015	329934.000	1.000	0.005	0.241	0.822	0.029
amazon_full	T4-detrend-1sided	mad	20	2.000	1	4931.000	333388.000	0.015	329932.000	1.000	0.005	0.241	0.822	0.029
amazon_full	T4-detrend-2sided	mad	20	2.000	2	4931.000	333388.000	0.015	329932.000	1.000	0.005	0.241	0.822	0.029
amazon_full	T4-detrend-1sided	mad	20	3.000	1	4937.000	333388.000	0.015	329926.000	1.000	0.005	0.241	0.822	0.029
amazon_full	T4-detrend-2sided	mad	20	3.000	2	4937.000	333388.000	0.015	329926.000	1.000	0.005	0.241	0.822	0.029
amazon_full	T5-cusum	mad	15	50.000	1	5141.000	333388.000	0.015	329722.000	26.000	0.006	0.242	0.822	0.031
amazon_full	T5-sr	mad	15	50.000	1	4931.000	333388.000	0.015	329932.000	1.000	0.005	0.241	0.822	0.029
amazon_full	T1-2sided-k1	defer+mad	10	1.000	2	331875.000	333388.000	0.995	2988.000	2481.000	0.870	0.695	0.918	1.000
amazon_full	T2-short-1sided	defer+mad	5	5.000	1	331875.000	333388.000	0.995	2988.000	2481.000	0.870	0.695	0.918	1.000
amazon_full	T3-diff-1sided	defer+mad	15	3.000	1	331875.000	333388.000	0.995	2988.000	2481.000	0.870	0.695	0.918	1.000
amazon_full	T4-detrend-1sided	defer+mad	10	1.000	1	331876.000	333388.000	0.995	2987.000	2480.000	0.870	0.695	0.918	1.000
amazon_full	T4-detrend-2sided	defer+mad	10	1.000	2	331876.000	333388.000	0.995	2987.000	2480.000	0.870	0.695	0.918	1.000
amazon_full	T4-detrend-1sided	defer+mad	10	2.000	1	331876.000	333388.000	0.995	2987.000	2480.000	0.870	0.695	0.918	1.000
amazon_full	T4-detrend-2sided	defer+mad	10	2.000	2	331876.000	333388.000	0.995	2987.000	2480.000	0.870	0.695	0.918	1.000
amazon_full	T4-detrend-1sided	defer+mad	10	3.000	1	331876.000	333388.000	0.995	2987.000	2480.000	0.870	0.695	0.918	1.000
amazon_full	T4-detrend-2sided	defer+mad	10	3.000	2	331876.000	333388.000	0.995	2987.000	2480.000	0.870	0.695	0.918	1.000
amazon_full	T4-detrend-1sided	defer+mad	15	1.000	1	331876.000	333388.000	0.995	2987.000	2480.000	0.870	0.695	0.918	1.000
amazon_full	T4-detrend-2sided	defer+mad	15	1.000	2	331876.000	333388.000	0.995	2987.000	2480.000	0.870	0.695	0.918	1.000
amazon_full	T4-detrend-1sided	defer+mad	15	2.000	1	331876.000	333388.000	0.995	2987.000	2480.000	0.870	0.695	0.918	1.000
amazon_full	T4-detrend-2sided	defer+mad	15	2.000	2	331876.000	333388.000	0.995	2987.000	2480.000	0.870	0.695	0.918	1.000
amazon_full	T4-detrend-1sided	defer+mad	15	3.000	1	331876.000	333388.000	0.995	2987.000	2480.000	0.870	0.695	0.918	1.000
amazon_full	T4-detrend-2sided	defer+mad	15	3.000	2	331876.000	333388.000	0.995	2987.000	2480.000	0.870	0.695	0.918	1.000
amazon_full	T4-detrend-1sided	defer+mad	20	1.000	1	331876.000	333388.000	0.995	2987.000	2480.000	0.870	0.695	0.918	1.000
amazon_full	T4-detrend-2sided	defer+mad	20	1.000	2	331876.000	333388.000	0.995	2987.000	2480.000	0.870	0.695	0.918	1.000
amazon_full	T4-detrend-1sided	defer+mad	20	2.000	1	331876.000	333388.000	0.995	2987.000	2480.000	0.870	0.695	0.918	1.000
amazon_full	T4-detrend-2sided	defer+mad	20	2.000	2	331876.000	333388.000	0.995	2987.000	2480.000	0.870	0.695	0.918	1.000
amazon_full	T4-detrend-1sided	defer+mad	20	3.000	1	331876.000	333388.000	0.995	2987.000	2480.000	0.870	0.695	0.918	1.000
amazon_full	T4-detrend-2sided	defer+mad	20	3.000	2	331876.000	333388.000	0.995	2987.000	2480.000	0.870	0.695	0.918	1.000
amazon_full	T5-cusum	defer+mad	15	50.000	1	332054.000	333388.000	0.996	2809.000	2302.000	0.870	0.684	0.914	1.000
amazon_full	T5-sr	defer+mad	15	50.000	1	331876.000	333388.000	0.995	2987.000	2480.000	0.870	0.695	0.918	1.000
amazon_full	BM-native-stop	-	0	2.000	1	13341.000	333388.000	0.040	321522.000	1481.000	0.016	0.272	0.824	0.074
amazon_full	cm-baseline	-	0	1.000	1	0.000	333388.000	0.000	334863.000	0.000	-0.000	0.240	0.822	0.000
amazon_full	cm-baseline	-	0	5.000	1	0.000	333388.000	0.000	334863.000	0.000	-0.000	0.240	0.822	0.000
amazon_full	cm-baseline	-	0	10.000	1	0.000	333388.000	0.000	334863.000	0.000	-0.000	0.240	0.822	0.000
amazon_full	cm-baseline	-	0	50.000	1	0.000	333388.000	0.000	334863.000	0.000	-0.000	0.240	0.822	0.000
    ...5000 merges, heap 1058301, nbr_entries 2089030 (max deg 343), 178 ms
    ...10000 merges, heap 1110987, nbr_entries 2074736 (max deg 343), 185 ms
    ...15000 merges, heap 1157718, nbr_entries 2060234 (max deg 343), 191 ms
    ...20000 merges, heap 1196412, nbr_entries 2045612 (max deg 343), 197 ms
    ...25000 merges, heap 1222740, nbr_entries 2030916 (max deg 343), 204 ms
    ...30000 merges, heap 1237591, nbr_entries 2017768 (max deg 343), 209 ms
    [compact] 20011056 -> 971759 live entries after 32586 merges (1190 ms)
    [compact] 20006349 -> 957502 live entries after 33474 merges (2048 ms)
    [compact] 20010727 -> 947305 live entries after 34245 merges (3073 ms)
    [compact] 20021406 -> 938194 live entries after 34934 merges (4063 ms)
    ...35000 merges, heap 2827524, nbr_entries 1885948 (max deg 34380), 4140 ms
    [compact] 20000552 -> 929736 live entries after 35580 merges (4924 ms)
    [compact] 20011578 -> 921759 live entries after 36191 merges (5950 ms)
    [compact] 20026004 -> 916837 live entries after 36785 merges (6952 ms)
    [compact] 20031663 -> 911763 live entries after 37365 merges (7970 ms)
    [compact] 20005892 -> 903680 live entries after 37926 merges (8925 ms)
    [compact] 20002892 -> 895147 live entries after 38466 merges (9871 ms)
    [compact] 20024239 -> 882040 live entries after 38999 merges (11094 ms)
    [compact] 20030725 -> 875615 live entries after 39526 merges (12359 ms)
    ...40000 merges, heap 18374392, nbr_entries 1773848 (max deg 49851), 13197 ms
    [compact] 20004883 -> 873710 live entries after 40044 merges (13390 ms)
    [compact] 20018594 -> 869842 live entries after 40575 merges (14619 ms)
    [compact] 20007456 -> 865747 live entries after 41108 merges (15729 ms)
    [compact] 20004119 -> 863158 live entries after 41633 merges (16800 ms)
    [compact] 20017464 -> 859033 live entries after 42154 merges (18075 ms)
    [compact] 20020203 -> 855755 live entries after 42667 merges (19284 ms)
    [compact] 20012037 -> 850194 live entries after 43177 merges (20474 ms)
    [compact] 20010618 -> 847207 live entries after 43701 merges (21628 ms)
    [compact] 20030627 -> 843018 live entries after 44218 merges (22936 ms)
    [compact] 20013520 -> 835669 live entries after 44726 merges (24119 ms)
    ...45000 merges, heap 10899288, nbr_entries 1705312 (max deg 55639), 24877 ms
    [compact] 20010064 -> 834402 live entries after 45248 merges (25528 ms)
    [compact] 20011475 -> 833879 live entries after 45770 merges (26836 ms)
    [compact] 20021746 -> 830170 live entries after 46292 merges (28138 ms)
    [compact] 20010774 -> 822987 live entries after 46821 merges (29439 ms)
    [compact] 20007909 -> 819210 live entries after 47370 merges (30807 ms)
    [compact] 20011461 -> 817128 live entries after 47912 merges (32261 ms)
    [compact] 20006053 -> 815135 live entries after 48452 merges (33613 ms)
    [compact] 20024835 -> 811744 live entries after 48989 merges (35358 ms)
    [compact] 20022396 -> 807450 live entries after 49518 merges (36720 ms)
    ...50000 merges, heap 18544546, nbr_entries 1651588 (max deg 59835), 37834 ms
    [compact] 20000223 -> 803007 live entries after 50039 merges (38034 ms)
    [compact] 20006629 -> 800004 live entries after 50559 merges (39695 ms)
    [compact] 20002630 -> 797945 live entries after 51076 merges (41189 ms)
    [compact] 20005731 -> 796186 live entries after 51591 merges (42770 ms)
    [compact] 20030627 -> 792876 live entries after 52104 merges (44296 ms)
    [compact] 20010360 -> 789677 live entries after 52616 merges (45811 ms)
    [compact] 20016135 -> 783252 live entries after 53175 merges (47616 ms)
    [compact] 20034503 -> 780506 live entries after 53732 merges (49389 ms)
    [compact] 20016219 -> 777924 live entries after 54283 merges (51150 ms)
    [compact] 20020295 -> 775037 live entries after 54831 merges (52756 ms)
    ...55000 merges, heap 6768735, nbr_entries 1601982 (max deg 62618), 53177 ms
    [compact] 20033422 -> 771317 live entries after 55370 merges (54362 ms)
    [compact] 20019981 -> 767675 live entries after 55903 merges (55957 ms)
    [compact] 20031063 -> 764841 live entries after 56430 merges (57631 ms)
    [compact] 20004223 -> 763612 live entries after 57005 merges (59869 ms)
    [compact] 20008937 -> 763037 live entries after 57580 merges (61938 ms)
    [compact] 20002732 -> 761794 live entries after 58160 merges (63850 ms)
    [compact] 20018363 -> 761207 live entries after 58747 merges (65708 ms)
    [compact] 20017189 -> 760620 live entries after 59334 merges (67510 ms)
    [compact] 20015715 -> 760030 live entries after 59921 merges (69121 ms)
    ...60000 merges, heap 3322447, nbr_entries 1575756 (max deg 60866), 69346 ms
    [compact] 20018587 -> 757149 live entries after 60512 merges (70912 ms)
    [compact] 20006532 -> 754557 live entries after 61100 merges (72615 ms)
    [compact] 20021539 -> 751763 live entries after 61687 merges (74281 ms)
    [compact] 20007714 -> 749366 live entries after 62316 merges (76186 ms)
    [compact] 20019086 -> 747741 live entries after 62944 merges (78222 ms)
    [compact] 20017402 -> 746039 live entries after 63572 merges (80097 ms)
    [compact] 20012725 -> 744532 live entries after 64199 merges (81836 ms)
    [compact] 20004994 -> 742772 live entries after 64826 merges (83594 ms)
    ...65000 merges, heap 6097267, nbr_entries 1541976 (max deg 60381), 84033 ms
    [compact] 20016244 -> 741197 live entries after 65452 merges (85360 ms)
    [compact] 20009280 -> 739363 live entries after 66077 merges (86925 ms)
    [compact] 20012297 -> 736145 live entries after 66696 merges (88613 ms)
    [compact] 20006110 -> 734581 live entries after 67313 merges (90246 ms)
    [compact] 20004225 -> 710726 live entries after 69656 merges (91788 ms)
    ...70000 merges, heap 3258397, nbr_entries 1481586 (max deg 59475), 91867 ms
    [compact] 20004004 -> 694801 live entries after 71803 merges (92578 ms)
    [compact] 20007922 -> 685593 live entries after 73256 merges (93438 ms)
    [compact] 20006232 -> 678487 live entries after 74447 merges (94187 ms)
    ...75000 merges, heap 10824132, nbr_entries 1417984 (max deg 57478), 94564 ms
    [compact] 20009905 -> 671768 live entries after 75468 merges (95054 ms)
    [compact] 20016668 -> 666420 live entries after 76379 merges (95994 ms)
    [compact] 20016612 -> 661237 live entries after 77211 merges (96751 ms)
    [compact] 20018892 -> 659104 live entries after 78024 merges (97760 ms)
    [compact] 20010343 -> 656772 live entries after 78870 merges (98668 ms)
    [compact] 20022469 -> 653091 live entries after 79694 merges (99680 ms)
    ...80000 merges, heap 7941325, nbr_entries 1374906 (max deg 56076), 99973 ms
    [compact] 20000726 -> 650203 live entries after 80508 merges (100576 ms)
    [compact] 20022548 -> 648050 live entries after 81312 merges (101473 ms)
    [compact] 20015827 -> 645252 live entries after 82128 merges (102426 ms)
    [compact] 20013156 -> 640160 live entries after 82937 merges (103335 ms)
    [compact] 20006537 -> 637758 live entries after 83723 merges (104239 ms)
    [compact] 20013901 -> 634441 live entries after 84499 merges (105311 ms)
    ...85000 merges, heap 13082037, nbr_entries 1340596 (max deg 55038), 105893 ms
    [compact] 20011345 -> 631856 live entries after 85277 merges (106235 ms)
    [compact] 20013314 -> 629363 live entries after 86063 merges (107289 ms)
    [compact] 20002754 -> 626853 live entries after 86835 merges (108655 ms)
    [compact] 20022683 -> 622656 live entries after 87605 merges (110313 ms)
    [compact] 20016939 -> 618279 live entries after 88356 merges (111648 ms)
    [compact] 20017741 -> 615645 live entries after 89091 merges (113748 ms)
    [compact] 20012490 -> 612780 live entries after 89816 merges (115123 ms)
    ...90000 merges, heap 5598691, nbr_entries 1300314 (max deg 53715), 115790 ms
    [compact] 20013667 -> 608754 live entries after 90552 merges (117321 ms)
    [compact] 20004468 -> 606485 live entries after 91301 merges (119016 ms)
    [compact] 20016975 -> 604267 live entries after 92043 merges (120897 ms)
    [compact] 20011999 -> 601610 live entries after 92791 merges (122292 ms)
    [compact] 20004068 -> 599219 live entries after 93531 merges (124805 ms)
    [compact] 20003523 -> 596742 live entries after 94263 merges (126058 ms)
    [compact] 20001444 -> 594066 live entries after 94984 merges (127324 ms)
    ...95000 merges, heap 1027428, nbr_entries 1266374 (max deg 52627), 127367 ms
    [compact] 20024723 -> 589960 live entries after 95718 merges (128769 ms)
    [compact] 20016186 -> 587036 live entries after 96472 merges (129761 ms)
    [compact] 20002146 -> 584084 live entries after 97218 merges (130746 ms)
    ...100000 merges, heap 18886677, nbr_entries 1218354 (max deg 51478), 131524 ms
    [compact] 20004803 -> 568465 live entries after 100175 merges (131754 ms)
    [compact] 20002329 -> 556575 live entries after 102349 merges (132495 ms)
    [compact] 20011325 -> 548872 live entries after 103886 merges (133337 ms)
    ...105000 merges, heap 16087224, nbr_entries 1168394 (max deg 50415), 133955 ms
    [compact] 20013752 -> 544571 live entries after 105287 merges (134323 ms)
    [compact] 20009614 -> 540239 live entries after 106703 merges (135257 ms)
    [compact] 20008711 -> 535293 live entries after 108142 merges (136249 ms)
    [compact] 20005705 -> 530754 live entries after 109557 merges (136997 ms)
    ...110000 merges, heap 6551932, nbr_entries 1136398 (max deg 49794), 137206 ms
    [compact] 20008621 -> 525583 live entries after 110978 merges (137941 ms)
    [compact] 20010527 -> 521111 live entries after 112373 merges (138976 ms)
    [compact] 20014432 -> 516455 live entries after 113747 merges (139963 ms)
    ...115000 merges, heap 18843865, nbr_entries 1102244 (max deg 48990), 140740 ms
    [compact] 20008113 -> 511390 live entries after 115079 merges (140858 ms)
    [compact] 20013585 -> 506486 live entries after 116355 merges (141724 ms)
    [compact] 20003356 -> 500596 live entries after 117560 merges (142536 ms)
    [compact] 20012607 -> 494297 live entries after 118726 merges (143481 ms)
    [compact] 20001103 -> 489664 live entries after 119845 merges (144472 ms)
    ...120000 merges, heap 3202938, nbr_entries 1057478 (max deg 47778), 144555 ms
    [compact] 20015255 -> 485697 live entries after 120942 merges (145363 ms)
    [compact] 20009452 -> 481788 live entries after 122009 merges (146165 ms)
    [compact] 20005603 -> 476828 live entries after 123058 merges (146910 ms)
    ...125000 merges, heap 4757804, nbr_entries 1019406 (max deg 46617), 147057 ms
    [compact] 20002421 -> 460397 live entries after 127910 merges (147665 ms)
    ...130000 merges, heap 16521740, nbr_entries 981548 (max deg 45536), 148161 ms
    [compact] 20007079 -> 452225 live entries after 130363 merges (148408 ms)
    [compact] 20001230 -> 446142 live entries after 132177 merges (149053 ms)
    [compact] 20013389 -> 440905 live entries after 133728 merges (149783 ms)
    ...135000 merges, heap 10333536, nbr_entries 946394 (max deg 44374), 150110 ms
    [compact] 20002371 -> 418032 live entries after 139487 merges (150583 ms)
    ...140000 merges, heap 2662566, nbr_entries 900850 (max deg 43282), 150648 ms
    ...145000 merges, heap 13879194, nbr_entries 872860 (max deg 42554), 151232 ms
    [compact] 20004349 -> 395855 live entries after 147862 merges (151890 ms)
    ...150000 merges, heap 5529092, nbr_entries 849006 (max deg 41995), 152217 ms
    ...155000 merges, heap 17059692, nbr_entries 828570 (max deg 41554), 152914 ms
    [compact] 20011799 -> 379708 live entries after 155756 merges (153255 ms)
    ...160000 merges, heap 13872049, nbr_entries 806822 (max deg 40978), 154136 ms
    [compact] 20017717 -> 366482 live entries after 161705 merges (154639 ms)
    ...165000 merges, heap 11195647, nbr_entries 782242 (max deg 40175), 155376 ms
    [compact] 20016165 -> 349730 live entries after 168808 merges (156226 ms)
    ...170000 merges, heap 2713849, nbr_entries 756824 (max deg 39594), 156387 ms
    ...175000 merges, heap 11223308, nbr_entries 731602 (max deg 38972), 156993 ms
    [compact] 20008477 -> 324194 live entries after 179067 merges (157596 ms)
    ...180000 merges, heap 2176747, nbr_entries 705458 (max deg 38338), 157715 ms
    ...185000 merges, heap 12513642, nbr_entries 679270 (max deg 37602), 158335 ms
    [compact] 20018481 -> 299538 live entries after 188759 merges (159138 ms)
    ...190000 merges, heap 2819251, nbr_entries 653594 (max deg 36939), 159321 ms
    ...195000 merges, heap 11134024, nbr_entries 626118 (max deg 36103), 160019 ms
    [compact] 20000294 -> 271120 live entries after 199572 merges (160864 ms)
    ...200000 merges, heap 1064840, nbr_entries 598858 (max deg 35187), 160953 ms
    ...205000 merges, heap 10743564, nbr_entries 574936 (max deg 34343), 161812 ms
    ...210000 merges, heap 17440797, nbr_entries 550328 (max deg 33508), 162247 ms
    [compact] 20009360 -> 242067 live entries after 211878 merges (162676 ms)
    ...215000 merges, heap 5365052, nbr_entries 523480 (max deg 32516), 163092 ms
    ...220000 merges, heap 11950096, nbr_entries 494160 (max deg 31422), 163578 ms
    ...225000 merges, heap 18810760, nbr_entries 465948 (max deg 30532), 164279 ms
    [compact] 20004635 -> 204040 live entries after 225966 merges (164504 ms)
    ...230000 merges, heap 5082526, nbr_entries 431946 (max deg 29513), 165036 ms
    ...235000 merges, heap 12099000, nbr_entries 402110 (max deg 28245), 165788 ms
    ...240000 merges, heap 18979052, nbr_entries 371510 (max deg 26785), 166566 ms
    [compact] 20001733 -> 161746 live entries after 240556 merges (166737 ms)
    ...245000 merges, heap 4784958, nbr_entries 342172 (max deg 25323), 167234 ms
    ...250000 merges, heap 9463075, nbr_entries 309130 (max deg 24056), 167639 ms
    ...255000 merges, heap 13009598, nbr_entries 271672 (max deg 22517), 168020 ms
    ...260000 merges, heap 15680301, nbr_entries 238352 (max deg 21231), 168245 ms
    ...265000 merges, heap 17716726, nbr_entries 201706 (max deg 19683), 168441 ms
    ...270000 merges, heap 19292682, nbr_entries 162938 (max deg 18198), 168658 ms
    ...275000 merges, heap 19979906, nbr_entries 124914 (max deg 16680), 168800 ms
    ...280000 merges, heap 19899676, nbr_entries 101508 (max deg 15330), 168919 ms
    [compact] 20000076 -> 36950 live entries after 283545 merges (169286 ms)
    ...285000 merges, heap 2282255, nbr_entries 86580 (max deg 14370), 169388 ms
    ...290000 merges, heap 8843268, nbr_entries 73782 (max deg 13845), 170252 ms
    ...295000 merges, heap 11605199, nbr_entries 60642 (max deg 13202), 171678 ms
    [compact] 20000254 -> 16611 live entries after 299741 merges (173744 ms)
    ...300000 merges, heap 540514, nbr_entries 49036 (max deg 12838), 173813 ms
    ...305000 merges, heap 10803992, nbr_entries 37810 (max deg 9375), 176492 ms
    [compact] 20001863 -> 7109 live entries after 308922 merges (178231 ms)
    ...310000 merges, heap 1545395, nbr_entries 26676 (max deg 4603), 178374 ms
# dblp_full CNM-full merges=313936 budget=0 singleton_phase_end=312156
# plateau-window dblp_full indices=2438..2458 bit_identical_consecutive=yes
TRACE	dblp_full	2438	9.52501148952566497e-07
TRACE	dblp_full	2439	9.52501148952566497e-07
TRACE	dblp_full	2440	9.52501148952566497e-07
TRACE	dblp_full	2441	9.52501148952566497e-07
TRACE	dblp_full	2442	9.52501148952566497e-07
TRACE	dblp_full	2443	9.52501148952566497e-07
TRACE	dblp_full	2444	9.52501148952566497e-07
TRACE	dblp_full	2445	9.52501148952566497e-07
TRACE	dblp_full	2446	9.52501148952566497e-07
TRACE	dblp_full	2447	9.52501148952566497e-07
TRACE	dblp_full	2448	9.52501148952566497e-07
TRACE	dblp_full	2449	9.52501148952566497e-07
TRACE	dblp_full	2450	9.52501148952566497e-07
TRACE	dblp_full	2451	9.52501148952566497e-07
TRACE	dblp_full	2452	9.52501148952566497e-07
TRACE	dblp_full	2453	9.52501148952566497e-07
TRACE	dblp_full	2454	9.52501148952566497e-07
TRACE	dblp_full	2455	9.52501148952566497e-07
TRACE	dblp_full	2456	9.52501148952566497e-07
TRACE	dblp_full	2457	9.52501148952566497e-07
TRACE	dblp_full	2458	9.52501148952566497e-07
dblp_full	CNM-full	-	0	0.000	1	313936.000	313936.000	1.000	3144.000	3144.000	0.731	0.359	0.486	1.000
dblp_full	T1-2sided-k1	none	10	1.000	2	1722.000	313936.000	0.005	315358.000	0.000	0.002	0.167	0.716	0.011
dblp_full	T2-short-1sided	none	5	5.000	1	3948.000	313936.000	0.013	313132.000	0.000	0.004	0.167	0.716	0.025
dblp_full	T3-diff-1sided	none	15	3.000	1	1721.000	313936.000	0.005	315359.000	0.000	0.002	0.167	0.716	0.011
dblp_full	T4-detrend-1sided	none	10	1.000	1	1722.000	313936.000	0.005	315358.000	0.000	0.002	0.167	0.716	0.011
dblp_full	T4-detrend-2sided	none	10	1.000	2	1722.000	313936.000	0.005	315358.000	0.000	0.002	0.167	0.716	0.011
dblp_full	T4-detrend-1sided	none	10	2.000	1	1722.000	313936.000	0.005	315358.000	0.000	0.002	0.167	0.716	0.011
dblp_full	T4-detrend-2sided	none	10	2.000	2	1722.000	313936.000	0.005	315358.000	0.000	0.002	0.167	0.716	0.011
dblp_full	T4-detrend-1sided	none	10	3.000	1	30235.000	313936.000	0.096	286845.000	10360.000	0.039	0.183	0.718	0.150
dblp_full	T4-detrend-2sided	none	10	3.000	2	3949.000	313936.000	0.013	313131.000	0.000	0.004	0.167	0.716	0.025
dblp_full	T4-detrend-1sided	none	15	1.000	1	1722.000	313936.000	0.005	315358.000	0.000	0.002	0.167	0.716	0.011
dblp_full	T4-detrend-2sided	none	15	1.000	2	1722.000	313936.000	0.005	315358.000	0.000	0.002	0.167	0.716	0.011
dblp_full	T4-detrend-1sided	none	15	2.000	1	1722.000	313936.000	0.005	315358.000	0.000	0.002	0.167	0.716	0.011
dblp_full	T4-detrend-2sided	none	15	2.000	2	1722.000	313936.000	0.005	315358.000	0.000	0.002	0.167	0.716	0.011
dblp_full	T4-detrend-1sided	none	15	3.000	1	1722.000	313936.000	0.005	315358.000	0.000	0.002	0.167	0.716	0.011
dblp_full	T4-detrend-2sided	none	15	3.000	2	1722.000	313936.000	0.005	315358.000	0.000	0.002	0.167	0.716	0.011
dblp_full	T4-detrend-1sided	none	20	1.000	1	1722.000	313936.000	0.005	315358.000	0.000	0.002	0.167	0.716	0.011
dblp_full	T4-detrend-2sided	none	20	1.000	2	1722.000	313936.000	0.005	315358.000	0.000	0.002	0.167	0.716	0.011
dblp_full	T4-detrend-1sided	none	20	2.000	1	1722.000	313936.000	0.005	315358.000	0.000	0.002	0.167	0.716	0.011
dblp_full	T4-detrend-2sided	none	20	2.000	2	1722.000	313936.000	0.005	315358.000	0.000	0.002	0.167	0.716	0.011
dblp_full	T4-detrend-1sided	none	20	3.000	1	1722.000	313936.000	0.005	315358.000	0.000	0.002	0.167	0.716	0.011
dblp_full	T4-detrend-2sided	none	20	3.000	2	1722.000	313936.000	0.005	315358.000	0.000	0.002	0.167	0.716	0.011
dblp_full	T5-cusum	none	15	50.000	1	34111.000	313936.000	0.109	282969.000	10154.000	0.068	0.183	0.716	0.161
dblp_full	T5-sr	none	15	50.000	1	1723.000	313936.000	0.005	315357.000	0.000	0.002	0.167	0.716	0.011
dblp_full	T1-2sided-k1	defer	10	1.000	2	312156.000	313936.000	0.994	4924.000	4306.000	0.730	0.341	0.500	1.000
dblp_full	T2-short-1sided	defer	5	5.000	1	312158.000	313936.000	0.994	4922.000	4306.000	0.730	0.341	0.500	1.000
dblp_full	T3-diff-1sided	defer	15	3.000	1	312158.000	313936.000	0.994	4922.000	4306.000	0.730	0.341	0.500	1.000
dblp_full	T4-detrend-1sided	defer	10	1.000	1	312156.000	313936.000	0.994	4924.000	4306.000	0.730	0.341	0.500	1.000
dblp_full	T4-detrend-2sided	defer	10	1.000	2	312156.000	313936.000	0.994	4924.000	4306.000	0.730	0.341	0.500	1.000
dblp_full	T4-detrend-1sided	defer	10	2.000	1	312156.000	313936.000	0.994	4924.000	4306.000	0.730	0.341	0.500	1.000
dblp_full	T4-detrend-2sided	defer	10	2.000	2	312156.000	313936.000	0.994	4924.000	4306.000	0.730	0.341	0.500	1.000
dblp_full	T4-detrend-1sided	defer	10	3.000	1	312156.000	313936.000	0.994	4924.000	4306.000	0.730	0.341	0.500	1.000
dblp_full	T4-detrend-2sided	defer	10	3.000	2	312156.000	313936.000	0.994	4924.000	4306.000	0.730	0.341	0.500	1.000
dblp_full	T4-detrend-1sided	defer	15	1.000	1	312156.000	313936.000	0.994	4924.000	4306.000	0.730	0.341	0.500	1.000
dblp_full	T4-detrend-2sided	defer	15	1.000	2	312156.000	313936.000	0.994	4924.000	4306.000	0.730	0.341	0.500	1.000
dblp_full	T4-detrend-1sided	defer	15	2.000	1	312156.000	313936.000	0.994	4924.000	4306.000	0.730	0.341	0.500	1.000
dblp_full	T4-detrend-2sided	defer	15	2.000	2	312156.000	313936.000	0.994	4924.000	4306.000	0.730	0.341	0.500	1.000
dblp_full	T4-detrend-1sided	defer	15	3.000	1	312158.000	313936.000	0.994	4922.000	4306.000	0.730	0.341	0.500	1.000
dblp_full	T4-detrend-2sided	defer	15	3.000	2	312158.000	313936.000	0.994	4922.000	4306.000	0.730	0.341	0.500	1.000
dblp_full	T4-detrend-1sided	defer	20	1.000	1	312156.000	313936.000	0.994	4924.000	4306.000	0.730	0.341	0.500	1.000
dblp_full	T4-detrend-2sided	defer	20	1.000	2	312156.000	313936.000	0.994	4924.000	4306.000	0.730	0.341	0.500	1.000
dblp_full	T4-detrend-1sided	defer	20	2.000	1	312156.000	313936.000	0.994	4924.000	4306.000	0.730	0.341	0.500	1.000
dblp_full	T4-detrend-2sided	defer	20	2.000	2	312156.000	313936.000	0.994	4924.000	4306.000	0.730	0.341	0.500	1.000
dblp_full	T4-detrend-1sided	defer	20	3.000	1	312158.000	313936.000	0.994	4922.000	4306.000	0.730	0.341	0.500	1.000
dblp_full	T4-detrend-2sided	defer	20	3.000	2	312158.000	313936.000	0.994	4922.000	4306.000	0.730	0.341	0.500	1.000
dblp_full	T5-cusum	defer	15	50.000	1	312158.000	313936.000	0.994	4922.000	4306.000	0.730	0.341	0.500	1.000
dblp_full	T5-sr	defer	15	50.000	1	312157.000	313936.000	0.994	4923.000	4306.000	0.730	0.341	0.500	1.000
dblp_full	T1-2sided-k1	mad	10	1.000	2	30172.000	313936.000	0.096	286908.000	10347.000	0.039	0.182	0.718	0.150
dblp_full	T2-short-1sided	mad	5	5.000	1	3957.000	313936.000	0.013	313123.000	4.000	0.004	0.167	0.716	0.025
dblp_full	T3-diff-1sided	mad	15	3.000	1	3967.000	313936.000	0.013	313113.000	9.000	0.004	0.167	0.716	0.025
dblp_full	T4-detrend-1sided	mad	10	1.000	1	3950.000	313936.000	0.013	313130.000	1.000	0.004	0.167	0.716	0.025
dblp_full	T4-detrend-2sided	mad	10	1.000	2	3950.000	313936.000	0.013	313130.000	1.000	0.004	0.167	0.716	0.025
dblp_full	T4-detrend-1sided	mad	10	2.000	1	3951.000	313936.000	0.013	313129.000	1.000	0.004	0.167	0.716	0.025
dblp_full	T4-detrend-2sided	mad	10	2.000	2	3951.000	313936.000	0.013	313129.000	1.000	0.004	0.167	0.716	0.025
dblp_full	T4-detrend-1sided	mad	10	3.000	1	4146.000	313936.000	0.013	312934.000	104.000	0.004	0.168	0.716	0.026
dblp_full	T4-detrend-2sided	mad	10	3.000	2	3952.000	313936.000	0.013	313128.000	1.000	0.004	0.167	0.716	0.025
dblp_full	T4-detrend-1sided	mad	15	1.000	1	3950.000	313936.000	0.013	313130.000	1.000	0.004	0.167	0.716	0.025
dblp_full	T4-detrend-2sided	mad	15	1.000	2	3950.000	313936.000	0.013	313130.000	1.000	0.004	0.167	0.716	0.025
dblp_full	T4-detrend-1sided	mad	15	2.000	1	3955.000	313936.000	0.013	313125.000	3.000	0.004	0.167	0.716	0.025
dblp_full	T4-detrend-2sided	mad	15	2.000	2	3952.000	313936.000	0.013	313128.000	1.000	0.004	0.167	0.716	0.025
dblp_full	T4-detrend-1sided	mad	15	3.000	1	3967.000	313936.000	0.013	313113.000	9.000	0.004	0.167	0.716	0.025
dblp_full	T4-detrend-2sided	mad	15	3.000	2	3952.000	313936.000	0.013	313128.000	1.000	0.004	0.167	0.716	0.025
dblp_full	T4-detrend-1sided	mad	20	1.000	1	3950.000	313936.000	0.013	313130.000	1.000	0.004	0.167	0.716	0.025
dblp_full	T4-detrend-2sided	mad	20	1.000	2	3950.000	313936.000	0.013	313130.000	1.000	0.004	0.167	0.716	0.025
dblp_full	T4-detrend-1sided	mad	20	2.000	1	3955.000	313936.000	0.013	313125.000	3.000	0.004	0.167	0.716	0.025
dblp_full	T4-detrend-2sided	mad	20	2.000	2	3952.000	313936.000	0.013	313128.000	1.000	0.004	0.167	0.716	0.025
dblp_full	T4-detrend-1sided	mad	20	3.000	1	4252.000	313936.000	0.014	312828.000	203.000	0.004	0.168	0.716	0.026
dblp_full	T4-detrend-2sided	mad	20	3.000	2	3952.000	313936.000	0.013	313128.000	1.000	0.004	0.167	0.716	0.025
dblp_full	T5-cusum	mad	15	50.000	1	3967.000	313936.000	0.013	313113.000	9.000	0.004	0.167	0.716	0.025
dblp_full	T5-sr	mad	15	50.000	1	3967.000	313936.000	0.013	313113.000	9.000	0.004	0.167	0.716	0.025
dblp_full	T1-2sided-k1	defer+mad	10	1.000	2	312156.000	313936.000	0.994	4924.000	4306.000	0.730	0.341	0.500	1.000
dblp_full	T2-short-1sided	defer+mad	5	5.000	1	312158.000	313936.000	0.994	4922.000	4306.000	0.730	0.341	0.500	1.000
dblp_full	T3-diff-1sided	defer+mad	15	3.000	1	312158.000	313936.000	0.994	4922.000	4306.000	0.730	0.341	0.500	1.000
dblp_full	T4-detrend-1sided	defer+mad	10	1.000	1	312159.000	313936.000	0.994	4921.000	4305.000	0.730	0.342	0.500	1.000
dblp_full	T4-detrend-2sided	defer+mad	10	1.000	2	312159.000	313936.000	0.994	4921.000	4305.000	0.730	0.342	0.500	1.000
dblp_full	T4-detrend-1sided	defer+mad	10	2.000	1	312159.000	313936.000	0.994	4921.000	4305.000	0.730	0.342	0.500	1.000
dblp_full	T4-detrend-2sided	defer+mad	10	2.000	2	312159.000	313936.000	0.994	4921.000	4305.000	0.730	0.342	0.500	1.000
dblp_full	T4-detrend-1sided	defer+mad	10	3.000	1	312159.000	313936.000	0.994	4921.000	4305.000	0.730	0.342	0.500	1.000
dblp_full	T4-detrend-2sided	defer+mad	10	3.000	2	312159.000	313936.000	0.994	4921.000	4305.000	0.730	0.342	0.500	1.000
dblp_full	T4-detrend-1sided	defer+mad	15	1.000	1	312159.000	313936.000	0.994	4921.000	4305.000	0.730	0.342	0.500	1.000
dblp_full	T4-detrend-2sided	defer+mad	15	1.000	2	312159.000	313936.000	0.994	4921.000	4305.000	0.730	0.342	0.500	1.000
dblp_full	T4-detrend-1sided	defer+mad	15	2.000	1	312159.000	313936.000	0.994	4921.000	4305.000	0.730	0.342	0.500	1.000
dblp_full	T4-detrend-2sided	defer+mad	15	2.000	2	312159.000	313936.000	0.994	4921.000	4305.000	0.730	0.342	0.500	1.000
dblp_full	T4-detrend-1sided	defer+mad	15	3.000	1	312159.000	313936.000	0.994	4921.000	4305.000	0.730	0.342	0.500	1.000
dblp_full	T4-detrend-2sided	defer+mad	15	3.000	2	312159.000	313936.000	0.994	4921.000	4305.000	0.730	0.342	0.500	1.000
dblp_full	T4-detrend-1sided	defer+mad	20	1.000	1	312159.000	313936.000	0.994	4921.000	4305.000	0.730	0.342	0.500	1.000
dblp_full	T4-detrend-2sided	defer+mad	20	1.000	2	312159.000	313936.000	0.994	4921.000	4305.000	0.730	0.342	0.500	1.000
dblp_full	T4-detrend-1sided	defer+mad	20	2.000	1	312159.000	313936.000	0.994	4921.000	4305.000	0.730	0.342	0.500	1.000
dblp_full	T4-detrend-2sided	defer+mad	20	2.000	2	312159.000	313936.000	0.994	4921.000	4305.000	0.730	0.342	0.500	1.000
dblp_full	T4-detrend-1sided	defer+mad	20	3.000	1	312159.000	313936.000	0.994	4921.000	4305.000	0.730	0.342	0.500	1.000
dblp_full	T4-detrend-2sided	defer+mad	20	3.000	2	312159.000	313936.000	0.994	4921.000	4305.000	0.730	0.342	0.500	1.000
dblp_full	T5-cusum	defer+mad	15	50.000	1	312659.000	313936.000	0.996	4421.000	4066.000	0.730	0.348	0.498	1.000
dblp_full	T5-sr	defer+mad	15	50.000	1	312159.000	313936.000	0.994	4921.000	4305.000	0.730	0.342	0.500	1.000
dblp_full	BM-native-stop	-	0	2.000	1	30410.000	313936.000	0.097	286670.000	10351.000	0.040	0.183	0.718	0.150
dblp_full	cm-baseline	-	0	1.000	1	0.000	313936.000	0.000	317080.000	0.000	-0.000	0.167	0.716	0.000
dblp_full	cm-baseline	-	0	5.000	1	0.000	313936.000	0.000	317080.000	0.000	-0.000	0.167	0.716	0.000
dblp_full	cm-baseline	-	0	10.000	1	0.000	313936.000	0.000	317080.000	0.000	-0.000	0.167	0.716	0.000
dblp_full	cm-baseline	-	0	50.000	1	0.000	313936.000	0.000	317080.000	0.000	-0.000	0.167	0.716	0.000
