=== Experiment 16: round-4 pruned benchmark ===
# T5-cusum-warmup clears the singleton-phase history and waits W=15 fresh post-deferral merges before calculating the first detrended residual; h=50 is the previously ER-calibrated common threshold.
graph	method	stop_at	of_merges	stop_frac	K	Q	F1	NMI	frac_nonsingleton	trace_build_ms	rule_eval_ms	total_ms	window_evals
# WARMUP_CONTROL columns share the above meaning; legacy defer intentionally keeps its stale pre-deferral window and is included only to test the artifact.
    ...5000 merges, heap 1062745, nbr_entries 2088948 (max deg 343), 181 ms
    ...10000 merges, heap 1115892, nbr_entries 2074688 (max deg 343), 189 ms
    ...15000 merges, heap 1162592, nbr_entries 2060216 (max deg 343), 195 ms
    ...20000 merges, heap 1200532, nbr_entries 2045620 (max deg 343), 202 ms
    ...25000 merges, heap 1224562, nbr_entries 2030924 (max deg 343), 207 ms
    ...30000 merges, heap 1237649, nbr_entries 2017768 (max deg 343), 212 ms
    [compact] 20002029 -> 972725 live entries after 31887 merges (1196 ms)
    [compact] 20012503 -> 958939 live entries after 32807 merges (2128 ms)
    [compact] 20021196 -> 949439 live entries after 33578 merges (3002 ms)
    [compact] 20011959 -> 940455 live entries after 34288 merges (3762 ms)
    [compact] 20009280 -> 928853 live entries after 34944 merges (4516 ms)
    ...35000 merges, heap 2662484, nbr_entries 1868682 (max deg 37234), 4586 ms
    [compact] 20002818 -> 923430 live entries after 35553 merges (5310 ms)
    [compact] 20003969 -> 915545 live entries after 36148 merges (6196 ms)
    [compact] 20009837 -> 902311 live entries after 36715 merges (7127 ms)
    [compact] 20012329 -> 892937 live entries after 37290 merges (8050 ms)
    [compact] 20024706 -> 885878 live entries after 37861 merges (8974 ms)
    [compact] 20000181 -> 881031 live entries after 38422 merges (9808 ms)
    [compact] 20002577 -> 878688 live entries after 38980 merges (10812 ms)
    [compact] 20019250 -> 875538 live entries after 39531 merges (11771 ms)
    ...40000 merges, heap 17107390, nbr_entries 1769180 (max deg 47637), 12510 ms
    [compact] 20005703 -> 870498 live entries after 40085 merges (12679 ms)
    [compact] 20000483 -> 866495 live entries after 40642 merges (13530 ms)
    [compact] 20016056 -> 862966 live entries after 41190 merges (14546 ms)
    [compact] 20003742 -> 858375 live entries after 41726 merges (15446 ms)
    [compact] 20008148 -> 854320 live entries after 42256 merges (16440 ms)
    [compact] 20006633 -> 846970 live entries after 42790 merges (17341 ms)
    [compact] 20033891 -> 843187 live entries after 43314 merges (18317 ms)
    [compact] 20022779 -> 839057 live entries after 43831 merges (19212 ms)
    [compact] 20023710 -> 835423 live entries after 44341 merges (20207 ms)
    [compact] 20020283 -> 834359 live entries after 44860 merges (21205 ms)
    ...45000 merges, heap 6010841, nbr_entries 1703214 (max deg 54902), 21437 ms
    [compact] 20021755 -> 833838 live entries after 45379 merges (22218 ms)
    [compact] 20029007 -> 830770 live entries after 45897 merges (23183 ms)
    [compact] 20009237 -> 827280 live entries after 46413 merges (24183 ms)
    [compact] 20035520 -> 822724 live entries after 46962 merges (25312 ms)
    [compact] 20027408 -> 821450 live entries after 47509 merges (26262 ms)
    [compact] 20006495 -> 817995 live entries after 48055 merges (27183 ms)
    [compact] 20026159 -> 813594 live entries after 48591 merges (28205 ms)
    [compact] 20011888 -> 810162 live entries after 49120 merges (29137 ms)
    [compact] 20024161 -> 806196 live entries after 49652 merges (30273 ms)
    ...50000 merges, heap 13456764, nbr_entries 1653090 (max deg 58621), 30913 ms
    [compact] 20014927 -> 803889 live entries after 50180 merges (31268 ms)
    [compact] 20000580 -> 802012 live entries after 50706 merges (32204 ms)
    [compact] 20034184 -> 799154 live entries after 51231 merges (33231 ms)
    [compact] 20028132 -> 795172 live entries after 51747 merges (34139 ms)
    [compact] 20030098 -> 791839 live entries after 52254 merges (35138 ms)
    [compact] 20032367 -> 785694 live entries after 52778 merges (36327 ms)
    [compact] 20006444 -> 782943 live entries after 53335 merges (37403 ms)
    [compact] 20020955 -> 778735 live entries after 53882 merges (38498 ms)
    [compact] 20029581 -> 775066 live entries after 54423 merges (39641 ms)
    [compact] 20030840 -> 772825 live entries after 54960 merges (40732 ms)
    ...55000 merges, heap 2212757, nbr_entries 1597424 (max deg 62166), 40807 ms
    [compact] 20011420 -> 770307 live entries after 55497 merges (41726 ms)
    [compact] 20020813 -> 767275 live entries after 56029 merges (42924 ms)
    [compact] 20021938 -> 764297 live entries after 56555 merges (44003 ms)
    [compact] 20013421 -> 762348 live entries after 57140 merges (45466 ms)
    [compact] 20011809 -> 761760 live entries after 57728 merges (46799 ms)
    [compact] 20010633 -> 761172 live entries after 58316 merges (48096 ms)
    [compact] 20009457 -> 760584 live entries after 58904 merges (49338 ms)
    [compact] 20007463 -> 759994 live entries after 59492 merges (50463 ms)
    ...60000 merges, heap 17386381, nbr_entries 1573164 (max deg 60013), 51328 ms
    [compact] 20004541 -> 759403 live entries after 60080 merges (51502 ms)
    [compact] 20028192 -> 757296 live entries after 60675 merges (52701 ms)
    [compact] 20017537 -> 754877 live entries after 61267 merges (53725 ms)
    [compact] 20030760 -> 751837 live entries after 61858 merges (54826 ms)
    [compact] 20012461 -> 748843 live entries after 62491 merges (56263 ms)
    [compact] 20004273 -> 747199 live entries after 63122 merges (57617 ms)
    [compact] 20014556 -> 745078 live entries after 63751 merges (59212 ms)
    [compact] 20026739 -> 743624 live entries after 64379 merges (60679 ms)
    ...65000 merges, heap 19811812, nbr_entries 1540026 (max deg 59541), 61851 ms
    [compact] 20027869 -> 742297 live entries after 65007 merges (62044 ms)
    [compact] 20021149 -> 740946 live entries after 65635 merges (63242 ms)
    [compact] 20005686 -> 739397 live entries after 66262 merges (64376 ms)
    [compact] 20018699 -> 737849 live entries after 66890 merges (65625 ms)
    [compact] 20021608 -> 735068 live entries after 67522 merges (66849 ms)
    ...70000 merges, heap 17624134, nbr_entries 1494736 (max deg 58237), 67741 ms
    [compact] 20008028 -> 713608 live entries after 70273 merges (67886 ms)
    [compact] 20000687 -> 702819 live entries after 72076 merges (68666 ms)
    [compact] 20013360 -> 695543 live entries after 73335 merges (69614 ms)
    [compact] 20008283 -> 689514 live entries after 74375 merges (70355 ms)
    ...75000 merges, heap 13282939, nbr_entries 1438248 (max deg 56364), 70791 ms
    [compact] 20008153 -> 684704 live entries after 75322 merges (71056 ms)
    [compact] 20006861 -> 680147 live entries after 76238 merges (71981 ms)
    [compact] 20005235 -> 678997 live entries after 77128 merges (72708 ms)
    [compact] 20005820 -> 674220 live entries after 78014 merges (73621 ms)
    [compact] 20008560 -> 671589 live entries after 78882 merges (74574 ms)
    [compact] 20020298 -> 667316 live entries after 79715 merges (75377 ms)
    ...80000 merges, heap 7595390, nbr_entries 1397788 (max deg 55111), 75593 ms
    [compact] 20010606 -> 662905 live entries after 80502 merges (76085 ms)
    [compact] 20014370 -> 660393 live entries after 81295 merges (77164 ms)
    [compact] 20005972 -> 658562 live entries after 82089 merges (77922 ms)
    [compact] 20019527 -> 655930 live entries after 82898 merges (78797 ms)
    [compact] 20022721 -> 653299 live entries after 83705 merges (79619 ms)
    [compact] 20009357 -> 650830 live entries after 84507 merges (80340 ms)
    ...85000 merges, heap 12394311, nbr_entries 1367256 (max deg 54048), 80806 ms
    [compact] 20021957 -> 648253 live entries after 85317 merges (81204 ms)
    [compact] 20001715 -> 644908 live entries after 86122 merges (82000 ms)
    [compact] 20009693 -> 642356 live entries after 86915 merges (82926 ms)
    [compact] 20001659 -> 639391 live entries after 87693 merges (83684 ms)
    [compact] 20023830 -> 636142 live entries after 88475 merges (84526 ms)
    [compact] 20017868 -> 633521 live entries after 89267 merges (85346 ms)
    ...90000 merges, heap 18862201, nbr_entries 1332892 (max deg 52931), 86050 ms
    [compact] 20014958 -> 630725 live entries after 90046 merges (86144 ms)
    [compact] 20007838 -> 627900 live entries after 90808 merges (86868 ms)
    [compact] 20022870 -> 623365 live entries after 91578 merges (87691 ms)
    [compact] 20006179 -> 620531 live entries after 92339 merges (88421 ms)
    [compact] 20024066 -> 617701 live entries after 93089 merges (89204 ms)
    [compact] 20015674 -> 615025 live entries after 93831 merges (89913 ms)
    [compact] 20019070 -> 611115 live entries after 94578 merges (90766 ms)
    ...95000 merges, heap 11193444, nbr_entries 1295076 (max deg 51803), 91186 ms
    [compact] 20008357 -> 608376 live entries after 95348 merges (91548 ms)
    [compact] 20012093 -> 604917 live entries after 96099 merges (92369 ms)
    [compact] 20020746 -> 601569 live entries after 96836 merges (93214 ms)
    [compact] 20009258 -> 598427 live entries after 97558 merges (93961 ms)
    [compact] 20026097 -> 595244 live entries after 98267 merges (94789 ms)
    [compact] 20022164 -> 590115 live entries after 98995 merges (95574 ms)
    [compact] 20013493 -> 586347 live entries after 99734 merges (96486 ms)
    ...100000 merges, heap 7634234, nbr_entries 1251214 (max deg 51090), 96735 ms
    [compact] 20023049 -> 583730 live entries after 100467 merges (97422 ms)
    [compact] 20021111 -> 581013 live entries after 101197 merges (98240 ms)
    [compact] 20003362 -> 563591 live entries after 104597 merges (99013 ms)
    ...105000 merges, heap 5985091, nbr_entries 1201000 (max deg 49772), 99180 ms
    [compact] 20006912 -> 556532 live entries after 105953 merges (99866 ms)
    [compact] 20011824 -> 549675 live entries after 107093 merges (100641 ms)
    [compact] 20006369 -> 543018 live entries after 108097 merges (101328 ms)
    [compact] 20000908 -> 538341 live entries after 109051 merges (101966 ms)
    [compact] 20001466 -> 533588 live entries after 109952 merges (102719 ms)
    ...110000 merges, heap 1596076, nbr_entries 1143156 (max deg 48396), 102757 ms
    [compact] 20004206 -> 529329 live entries after 110817 merges (103512 ms)
    [compact] 20000988 -> 527961 live entries after 111680 merges (104282 ms)
    [compact] 20009018 -> 525803 live entries after 112574 merges (105216 ms)
    [compact] 20011382 -> 523293 live entries after 113459 merges (106205 ms)
    [compact] 20019266 -> 520101 live entries after 114329 merges (107118 ms)
    ...115000 merges, heap 15741431, nbr_entries 1113234 (max deg 47571), 107667 ms
    [compact] 20010912 -> 517655 live entries after 115218 merges (108075 ms)
    [compact] 20020955 -> 514606 live entries after 116085 merges (109057 ms)
    [compact] 20019262 -> 512115 live entries after 116941 merges (109885 ms)
    [compact] 20006814 -> 509905 live entries after 117789 merges (110621 ms)
    [compact] 20006550 -> 506865 live entries after 118665 merges (111487 ms)
    [compact] 20000406 -> 503835 live entries after 119525 merges (112274 ms)
    ...120000 merges, heap 11383497, nbr_entries 1081346 (max deg 46477), 112703 ms
    [compact] 20019529 -> 500882 live entries after 120379 merges (113266 ms)
    [compact] 20009344 -> 498194 live entries after 121255 merges (114096 ms)
    [compact] 20012872 -> 495438 live entries after 122122 merges (115013 ms)
    [compact] 20021687 -> 492179 live entries after 122974 merges (115895 ms)
    [compact] 20011017 -> 489229 live entries after 123841 merges (116721 ms)
    [compact] 20002277 -> 486498 live entries after 124694 merges (117487 ms)
    ...125000 merges, heap 7589019, nbr_entries 1048036 (max deg 45410), 117736 ms
    [compact] 20014581 -> 483927 live entries after 125532 merges (118459 ms)
    [compact] 20010380 -> 480507 live entries after 126369 merges (119194 ms)
    [compact] 20009646 -> 477902 live entries after 127223 merges (119958 ms)
    [compact] 20005027 -> 474682 live entries after 128060 merges (120683 ms)
    [compact] 20000227 -> 470554 live entries after 128883 merges (121401 ms)
    ...130000 merges, heap 6676049, nbr_entries 1011616 (max deg 44417), 121601 ms
    ...135000 merges, heap 18704974, nbr_entries 951616 (max deg 43413), 122397 ms
    [compact] 20018279 -> 438655 live entries after 135206 merges (122587 ms)
    ...140000 merges, heap 8246939, nbr_entries 913946 (max deg 42530), 122848 ms
    [compact] 20003609 -> 405368 live entries after 144175 merges (123427 ms)
    ...145000 merges, heap 3763572, nbr_entries 874452 (max deg 41809), 123529 ms
    ...150000 merges, heap 18061636, nbr_entries 850648 (max deg 41333), 124038 ms
    [compact] 20004580 -> 388916 live entries after 150941 merges (124242 ms)
    ...155000 merges, heap 9198371, nbr_entries 832002 (max deg 40850), 124589 ms
    [compact] 20014740 -> 374413 live entries after 158335 merges (125209 ms)
    ...160000 merges, heap 5572248, nbr_entries 809718 (max deg 40158), 125412 ms
    ...165000 merges, heap 19717547, nbr_entries 786176 (max deg 39615), 125987 ms
    [compact] 20014570 -> 359363 live entries after 165066 merges (126042 ms)
    ...170000 merges, heap 10372728, nbr_entries 758658 (max deg 38623), 126452 ms
    ...175000 merges, heap 19480429, nbr_entries 732136 (max deg 37651), 126799 ms
    [compact] 20017980 -> 333693 live entries after 175167 merges (126962 ms)
    ...180000 merges, heap 10223214, nbr_entries 706140 (max deg 36938), 127372 ms
    [compact] 20014139 -> 309137 live entries after 184855 merges (127785 ms)
    ...185000 merges, heap 992591, nbr_entries 679542 (max deg 36268), 127822 ms
    ...190000 merges, heap 10467854, nbr_entries 651450 (max deg 35661), 128200 ms
    ...195000 merges, heap 18292187, nbr_entries 624690 (max deg 35177), 128495 ms
    [compact] 20016872 -> 280197 live entries after 195817 merges (128699 ms)
    ...200000 merges, heap 6417461, nbr_entries 600446 (max deg 34644), 128947 ms
    ...205000 merges, heap 14698540, nbr_entries 576594 (max deg 33909), 129327 ms
    ...210000 merges, heap 19815476, nbr_entries 549784 (max deg 32712), 129546 ms
    [compact] 20001507 -> 246147 live entries after 210109 merges (129602 ms)
    ...215000 merges, heap 4899450, nbr_entries 522536 (max deg 31994), 129776 ms
    ...220000 merges, heap 8937658, nbr_entries 492748 (max deg 30970), 129932 ms
    ...225000 merges, heap 15381838, nbr_entries 462168 (max deg 29411), 130236 ms
    [compact] 20000258 -> 195956 live entries after 228280 merges (130466 ms)
    ...230000 merges, heap 2512806, nbr_entries 430642 (max deg 28119), 130570 ms
    ...235000 merges, heap 7200138, nbr_entries 401600 (max deg 27299), 130754 ms
    ...240000 merges, heap 11784480, nbr_entries 372540 (max deg 26442), 131000 ms
    ...245000 merges, heap 15687067, nbr_entries 342876 (max deg 25196), 131163 ms
    ...250000 merges, heap 19841858, nbr_entries 309280 (max deg 23495), 131338 ms
    [compact] 20014077 -> 134992 live entries after 250067 merges (131491 ms)
    ...255000 merges, heap 2583626, nbr_entries 272488 (max deg 22482), 131605 ms
    ...260000 merges, heap 5483265, nbr_entries 238424 (max deg 21061), 131722 ms
    ...265000 merges, heap 7157807, nbr_entries 201774 (max deg 19718), 131803 ms
    ...270000 merges, heap 8471630, nbr_entries 163872 (max deg 18291), 131880 ms
    ...275000 merges, heap 9125420, nbr_entries 126760 (max deg 16856), 131939 ms
    ...280000 merges, heap 9166870, nbr_entries 101618 (max deg 15531), 132015 ms
    ...285000 merges, heap 9077449, nbr_entries 86240 (max deg 14651), 132443 ms
    ...290000 merges, heap 9890441, nbr_entries 69930 (max deg 13386), 134138 ms
    [compact] 20000454 -> 21471 live entries after 294954 merges (136625 ms)
    ...295000 merges, heap 108971, nbr_entries 59900 (max deg 13381), 136638 ms
    ...300000 merges, heap 10265004, nbr_entries 49546 (max deg 13321), 139449 ms
    [compact] 20001968 -> 11892 live entries after 304338 merges (143581 ms)
    ...305000 merges, heap 1767537, nbr_entries 38504 (max deg 9239), 144114 ms
    ...310000 merges, heap 12903048, nbr_entries 26404 (max deg 4581), 146070 ms
dblp_full	CNM-full	313729	313729	1.000	3351	0.733	0.347	0.512	1.000	149653.292	0.000	149653.292	0
dblp_full	T5-cusum-warmup	312095	313729	0.995	4985	0.732	0.344	0.526	1.000	149653.292	0.167	149653.459	22
dblp_full	WARMUP_CONTROL:T5-cusum-defer-legacy	312081	313729	0.995	4999	0.732	0.344	0.526	1.000	149653.292	0.169	149653.461	23
# dblp_full singleton_phase_end=312059 warmup_first_eligible=312074
