=== Experiment 15: graph shape and CNM determinism ===
graph	raw_lines	valid_lines	N	unique_edges	self_loops	duplicate_lines	degree_min	degree_max	degree_mean	degree_median	degree1	components	edge_fnv1a64	run1_merges	run2_merges	run1_trace_fnv1a64	run2_trace_fnv1a64	bit_identical
    ...5000 merges, heap 928264, nbr_entries 1841722 (max deg 549), 152 ms
    ...10000 merges, heap 936920, nbr_entries 1830194 (max deg 547), 159 ms
    ...15000 merges, heap 2210363, nbr_entries 1811340 (max deg 1343), 208 ms
    ...20000 merges, heap 18940396, nbr_entries 1777908 (max deg 5928), 1232 ms
    [compact] 20000193 -> 888184 live entries after 20240 merges (1458 ms)
    [compact] 20007117 -> 878381 live entries after 23311 merges (2586 ms)
    ...25000 merges, heap 13466745, nbr_entries 1747178 (max deg 8339), 3072 ms
    [compact] 20005683 -> 870675 live entries after 25799 merges (3408 ms)
    [compact] 20004442 -> 863498 live entries after 27981 merges (4217 ms)
    [compact] 20010432 -> 857487 live entries after 29865 merges (5088 ms)
    ...30000 merges, heap 2313242, nbr_entries 1715462 (max deg 11640), 5140 ms
    [compact] 20006824 -> 851839 live entries after 31543 merges (5819 ms)
    [compact] 20007293 -> 846920 live entries after 33055 merges (6637 ms)
    [compact] 20002157 -> 842269 live entries after 34528 merges (7380 ms)
    ...35000 merges, heap 7215390, nbr_entries 1683822 (max deg 14654), 7565 ms
    [compact] 20008422 -> 837808 live entries after 35982 merges (8355 ms)
    [compact] 20012169 -> 833489 live entries after 37403 merges (9259 ms)
    [compact] 20006230 -> 828972 live entries after 38791 merges (10000 ms)
    ...40000 merges, heap 18046556, nbr_entries 1653198 (max deg 16147), 10592 ms
    [compact] 20000865 -> 824665 live entries after 40136 merges (10720 ms)
    [compact] 20008270 -> 820256 live entries after 41499 merges (11590 ms)
    [compact] 20011071 -> 816197 live entries after 42851 merges (12441 ms)
    [compact] 20001673 -> 811848 live entries after 44184 merges (13141 ms)
    ...45000 merges, heap 12773287, nbr_entries 1623066 (max deg 17203), 13539 ms
    [compact] 20006290 -> 807648 live entries after 45496 merges (13963 ms)
    [compact] 20012434 -> 803810 live entries after 46781 merges (14755 ms)
    [compact] 20013665 -> 799219 live entries after 48088 merges (15704 ms)
    [compact] 20013084 -> 795398 live entries after 49396 merges (16499 ms)
    ...50000 merges, heap 9766294, nbr_entries 1593460 (max deg 18430), 16812 ms
    [compact] 20015374 -> 791438 live entries after 50675 merges (17393 ms)
    [compact] 20008921 -> 787257 live entries after 51878 merges (18126 ms)
    [compact] 20010373 -> 782783 live entries after 53060 merges (18915 ms)
    [compact] 20004707 -> 779158 live entries after 54276 merges (19751 ms)
    ...55000 merges, heap 12470450, nbr_entries 1563178 (max deg 20951), 20196 ms
    [compact] 20014448 -> 775859 live entries after 55462 merges (20627 ms)
    [compact] 20014759 -> 772297 live entries after 56623 merges (21453 ms)
    [compact] 20001091 -> 769013 live entries after 57752 merges (22144 ms)
    [compact] 20000436 -> 765685 live entries after 58872 merges (22903 ms)
    [compact] 20011826 -> 761252 live entries after 59982 merges (23758 ms)
    ...60000 merges, heap 1054831, nbr_entries 1534778 (max deg 22497), 23783 ms
    ...65000 merges, heap 14240203, nbr_entries 1501836 (max deg 22774), 24444 ms
    [compact] 20000154 -> 740294 live entries after 66087 merges (24694 ms)
    [compact] 20001926 -> 729846 live entries after 68912 merges (25796 ms)
    ...70000 merges, heap 9352060, nbr_entries 1465924 (max deg 22738), 26071 ms
    [compact] 20005637 -> 722377 live entries after 71358 merges (26850 ms)
    [compact] 20006984 -> 715290 live entries after 73590 merges (27791 ms)
    ...75000 merges, heap 13061782, nbr_entries 1435494 (max deg 22721), 28344 ms
    [compact] 20001241 -> 708473 live entries after 75760 merges (28648 ms)
    [compact] 20005959 -> 701460 live entries after 77676 merges (29626 ms)
    [compact] 20001394 -> 695966 live entries after 79440 merges (30464 ms)
    ...80000 merges, heap 7141734, nbr_entries 1400410 (max deg 22529), 30681 ms
    [compact] 20008937 -> 689543 live entries after 81034 merges (31294 ms)
    [compact] 20006576 -> 684077 live entries after 82578 merges (32099 ms)
    [compact] 20006848 -> 678451 live entries after 84078 merges (33033 ms)
    ...85000 merges, heap 12966011, nbr_entries 1365484 (max deg 21835), 33498 ms
    [compact] 20005518 -> 673966 live entries after 85515 merges (33804 ms)
    [compact] 20002426 -> 668360 live entries after 86905 merges (34609 ms)
    [compact] 20003798 -> 663336 live entries after 88258 merges (35500 ms)
    [compact] 20001846 -> 657667 live entries after 89570 merges (36220 ms)
    ...90000 merges, heap 7063060, nbr_entries 1328330 (max deg 21354), 36416 ms
    [compact] 20012817 -> 653219 live entries after 90893 merges (37135 ms)
    [compact] 20003963 -> 648459 live entries after 92217 merges (37960 ms)
    [compact] 20002459 -> 644234 live entries after 93554 merges (38733 ms)
    [compact] 20003176 -> 639971 live entries after 94878 merges (39568 ms)
    ...95000 merges, heap 2429232, nbr_entries 1295924 (max deg 21024), 39626 ms
    [compact] 20013602 -> 635970 live entries after 96237 merges (40619 ms)
    [compact] 20001777 -> 630956 live entries after 97610 merges (41433 ms)
    [compact] 20006107 -> 626848 live entries after 99004 merges (42315 ms)
    ...100000 merges, heap 10671922, nbr_entries 1267172 (max deg 20823), 42677 ms
    ...105000 merges, heap 17362505, nbr_entries 1236986 (max deg 20341), 42957 ms
    [compact] 20000075 -> 607072 live entries after 105840 merges (43103 ms)
    ...110000 merges, heap 19970052, nbr_entries 1205126 (max deg 20032), 43836 ms
    [compact] 20001321 -> 593676 live entries after 110005 merges (44012 ms)
    [compact] 20000997 -> 584165 live entries after 113018 merges (44886 ms)
    ...115000 merges, heap 13981714, nbr_entries 1174108 (max deg 19497), 45401 ms
    [compact] 20005096 -> 575758 live entries after 115879 merges (45844 ms)
    [compact] 20003684 -> 567386 live entries after 118660 merges (46573 ms)
    ...120000 merges, heap 10950528, nbr_entries 1143402 (max deg 19031), 46916 ms
    [compact] 20002977 -> 560015 live entries after 121126 merges (47324 ms)
    [compact] 20003116 -> 552975 live entries after 123404 merges (48130 ms)
    ...125000 merges, heap 14860973, nbr_entries 1113842 (max deg 18589), 48596 ms
    [compact] 20002794 -> 546705 live entries after 125553 merges (48793 ms)
    ...130000 merges, heap 3687667, nbr_entries 1088498 (max deg 18259), 48903 ms
    ...135000 merges, heap 5658322, nbr_entries 1062204 (max deg 18049), 48977 ms
    ...140000 merges, heap 10337308, nbr_entries 1032516 (max deg 17729), 49281 ms
    ...145000 merges, heap 14521399, nbr_entries 1004728 (max deg 17453), 49433 ms
    ...150000 merges, heap 19276218, nbr_entries 983914 (max deg 17254), 49581 ms
    [compact] 20000054 -> 479116 live entries after 151646 merges (49687 ms)
    ...155000 merges, heap 5624388, nbr_entries 953612 (max deg 16605), 49840 ms
    ...160000 merges, heap 10566028, nbr_entries 923560 (max deg 16590), 50194 ms
    ...165000 merges, heap 14933946, nbr_entries 897458 (max deg 16500), 50349 ms
    ...170000 merges, heap 18514363, nbr_entries 876392 (max deg 16339), 50457 ms
    [compact] 20007792 -> 423337 live entries after 172855 merges (50708 ms)
    ...175000 merges, heap 1817929, nbr_entries 849272 (max deg 16096), 50770 ms
    ...180000 merges, heap 4991983, nbr_entries 823840 (max deg 15879), 50874 ms
    ...185000 merges, heap 7530040, nbr_entries 798320 (max deg 15635), 50957 ms
    ...190000 merges, heap 10853595, nbr_entries 773378 (max deg 15449), 51109 ms
    ...195000 merges, heap 13965429, nbr_entries 747298 (max deg 15135), 51217 ms
    ...200000 merges, heap 15470775, nbr_entries 719472 (max deg 14964), 51286 ms
    ...205000 merges, heap 19797146, nbr_entries 692260 (max deg 14690), 51436 ms
    [compact] 20004839 -> 337571 live entries after 205457 merges (51508 ms)
    ...210000 merges, heap 2576425, nbr_entries 666854 (max deg 14434), 51591 ms
    ...215000 merges, heap 3709406, nbr_entries 639706 (max deg 14149), 51635 ms
    ...220000 merges, heap 6058516, nbr_entries 614834 (max deg 13906), 51713 ms
    ...225000 merges, heap 7202885, nbr_entries 586278 (max deg 13694), 51763 ms
    ...230000 merges, heap 8534587, nbr_entries 557926 (max deg 13381), 51817 ms
    ...235000 merges, heap 10329906, nbr_entries 529628 (max deg 12983), 51929 ms
    ...240000 merges, heap 11688423, nbr_entries 501912 (max deg 12610), 51988 ms
    ...245000 merges, heap 13154226, nbr_entries 474158 (max deg 12324), 52046 ms
    ...250000 merges, heap 14718658, nbr_entries 447392 (max deg 11950), 52108 ms
    ...255000 merges, heap 18318357, nbr_entries 420438 (max deg 11632), 52230 ms
    ...260000 merges, heap 19727357, nbr_entries 391624 (max deg 11247), 52287 ms
    [compact] 20005444 -> 183270 live entries after 261865 merges (52496 ms)
    ...265000 merges, heap 604788, nbr_entries 362338 (max deg 10966), 52533 ms
    ...270000 merges, heap 2298896, nbr_entries 333382 (max deg 10551), 52595 ms
    ...275000 merges, heap 3440038, nbr_entries 303856 (max deg 10201), 52642 ms
    ...280000 merges, heap 5352688, nbr_entries 273244 (max deg 9800), 52716 ms
    ...285000 merges, heap 6371905, nbr_entries 241752 (max deg 9379), 52763 ms
    ...290000 merges, heap 7106780, nbr_entries 209022 (max deg 8998), 52800 ms
    ...295000 merges, heap 8416122, nbr_entries 176788 (max deg 8559), 52857 ms
    ...300000 merges, heap 9139280, nbr_entries 142158 (max deg 8097), 52897 ms
    ...305000 merges, heap 9863631, nbr_entries 107160 (max deg 7677), 52943 ms
    ...310000 merges, heap 10828034, nbr_entries 76874 (max deg 7040), 53093 ms
    ...315000 merges, heap 10826739, nbr_entries 59962 (max deg 6226), 53200 ms
    ...320000 merges, heap 10387008, nbr_entries 44478 (max deg 5585), 53505 ms
    ...325000 merges, heap 9340344, nbr_entries 30130 (max deg 4872), 54635 ms
    ...330000 merges, heap 10049821, nbr_entries 19004 (max deg 2731), 56569 ms
    ...5000 merges, heap 928264, nbr_entries 1841722 (max deg 549), 149 ms
    ...10000 merges, heap 936920, nbr_entries 1830194 (max deg 547), 155 ms
    ...15000 merges, heap 2210363, nbr_entries 1811340 (max deg 1343), 202 ms
    ...20000 merges, heap 18940396, nbr_entries 1777908 (max deg 5928), 1182 ms
    [compact] 20000193 -> 888184 live entries after 20240 merges (1410 ms)
    [compact] 20007117 -> 878381 live entries after 23311 merges (2528 ms)
    ...25000 merges, heap 13466745, nbr_entries 1747178 (max deg 8339), 3024 ms
    [compact] 20005683 -> 870675 live entries after 25799 merges (3365 ms)
    [compact] 20004442 -> 863498 live entries after 27981 merges (4181 ms)
    [compact] 20010432 -> 857487 live entries after 29865 merges (5041 ms)
    ...30000 merges, heap 2313242, nbr_entries 1715462 (max deg 11640), 5092 ms
    [compact] 20006824 -> 851839 live entries after 31543 merges (5768 ms)
    [compact] 20007293 -> 846920 live entries after 33055 merges (6550 ms)
    [compact] 20002157 -> 842269 live entries after 34528 merges (7257 ms)
    ...35000 merges, heap 7215390, nbr_entries 1683822 (max deg 14654), 7440 ms
    [compact] 20008422 -> 837808 live entries after 35982 merges (8162 ms)
    [compact] 20012169 -> 833489 live entries after 37403 merges (9048 ms)
    [compact] 20006230 -> 828972 live entries after 38791 merges (9784 ms)
    ...40000 merges, heap 18046556, nbr_entries 1653198 (max deg 16147), 10382 ms
    [compact] 20000865 -> 824665 live entries after 40136 merges (10516 ms)
    [compact] 20008270 -> 820256 live entries after 41499 merges (11391 ms)
    [compact] 20011071 -> 816197 live entries after 42851 merges (12281 ms)
    [compact] 20001673 -> 811848 live entries after 44184 merges (12995 ms)
    ...45000 merges, heap 12773287, nbr_entries 1623066 (max deg 17203), 13393 ms
    [compact] 20006290 -> 807648 live entries after 45496 merges (13829 ms)
    [compact] 20012434 -> 803810 live entries after 46781 merges (14631 ms)
    [compact] 20013665 -> 799219 live entries after 48088 merges (15587 ms)
    [compact] 20013084 -> 795398 live entries after 49396 merges (16403 ms)
    ...50000 merges, heap 9766294, nbr_entries 1593460 (max deg 18430), 16725 ms
    [compact] 20015374 -> 791438 live entries after 50675 merges (17318 ms)
    [compact] 20008921 -> 787257 live entries after 51878 merges (18061 ms)
    [compact] 20010373 -> 782783 live entries after 53060 merges (18855 ms)
    [compact] 20004707 -> 779158 live entries after 54276 merges (19704 ms)
    ...55000 merges, heap 12470450, nbr_entries 1563178 (max deg 20951), 20160 ms
    [compact] 20014448 -> 775859 live entries after 55462 merges (20581 ms)
    [compact] 20014759 -> 772297 live entries after 56623 merges (21415 ms)
    [compact] 20001091 -> 769013 live entries after 57752 merges (22111 ms)
    [compact] 20000436 -> 765685 live entries after 58872 merges (22864 ms)
    [compact] 20011826 -> 761252 live entries after 59982 merges (23680 ms)
    ...60000 merges, heap 1054831, nbr_entries 1534778 (max deg 22497), 23700 ms
    ...65000 merges, heap 14240203, nbr_entries 1501836 (max deg 22774), 24342 ms
    [compact] 20000154 -> 740294 live entries after 66087 merges (24587 ms)
    [compact] 20001926 -> 729846 live entries after 68912 merges (25635 ms)
    ...70000 merges, heap 9352060, nbr_entries 1465924 (max deg 22738), 25896 ms
    [compact] 20005637 -> 722377 live entries after 71358 merges (26626 ms)
    [compact] 20006984 -> 715290 live entries after 73590 merges (27523 ms)
    ...75000 merges, heap 13061782, nbr_entries 1435494 (max deg 22721), 28082 ms
    [compact] 20001241 -> 708473 live entries after 75760 merges (28379 ms)
    [compact] 20005959 -> 701460 live entries after 77676 merges (29340 ms)
    [compact] 20001394 -> 695966 live entries after 79440 merges (30165 ms)
    ...80000 merges, heap 7141734, nbr_entries 1400410 (max deg 22529), 30380 ms
    [compact] 20008937 -> 689543 live entries after 81034 merges (30980 ms)
    [compact] 20006576 -> 684077 live entries after 82578 merges (31771 ms)
    [compact] 20006848 -> 678451 live entries after 84078 merges (32676 ms)
    ...85000 merges, heap 12966011, nbr_entries 1365484 (max deg 21835), 33131 ms
    [compact] 20005518 -> 673966 live entries after 85515 merges (33431 ms)
    [compact] 20002426 -> 668360 live entries after 86905 merges (34231 ms)
    [compact] 20003798 -> 663336 live entries after 88258 merges (35107 ms)
    [compact] 20001846 -> 657667 live entries after 89570 merges (35822 ms)
    ...90000 merges, heap 7063060, nbr_entries 1328330 (max deg 21354), 36014 ms
    [compact] 20012817 -> 653219 live entries after 90893 merges (36720 ms)
    [compact] 20003963 -> 648459 live entries after 92217 merges (37531 ms)
    [compact] 20002459 -> 644234 live entries after 93554 merges (38296 ms)
    [compact] 20003176 -> 639971 live entries after 94878 merges (39127 ms)
    ...95000 merges, heap 2429232, nbr_entries 1295924 (max deg 21024), 39186 ms
    [compact] 20013602 -> 635970 live entries after 96237 merges (40074 ms)
    [compact] 20001777 -> 630956 live entries after 97610 merges (40898 ms)
    [compact] 20006107 -> 626848 live entries after 99004 merges (41807 ms)
    ...100000 merges, heap 10671922, nbr_entries 1267172 (max deg 20823), 42165 ms
    ...105000 merges, heap 17362505, nbr_entries 1236986 (max deg 20341), 42462 ms
    [compact] 20000075 -> 607072 live entries after 105840 merges (42607 ms)
    ...110000 merges, heap 19970052, nbr_entries 1205126 (max deg 20032), 43331 ms
    [compact] 20001321 -> 593676 live entries after 110005 merges (43501 ms)
    [compact] 20000997 -> 584165 live entries after 113018 merges (44356 ms)
    ...115000 merges, heap 13981714, nbr_entries 1174108 (max deg 19497), 44865 ms
    [compact] 20005096 -> 575758 live entries after 115879 merges (45226 ms)
    [compact] 20003684 -> 567386 live entries after 118660 merges (45913 ms)
    ...120000 merges, heap 10950528, nbr_entries 1143402 (max deg 19031), 46247 ms
    [compact] 20002977 -> 560015 live entries after 121126 merges (46639 ms)
    [compact] 20003116 -> 552975 live entries after 123404 merges (47409 ms)
    ...125000 merges, heap 14860973, nbr_entries 1113842 (max deg 18589), 47863 ms
    [compact] 20002794 -> 546705 live entries after 125553 merges (48060 ms)
    ...130000 merges, heap 3687667, nbr_entries 1088498 (max deg 18259), 48166 ms
    ...135000 merges, heap 5658322, nbr_entries 1062204 (max deg 18049), 48240 ms
    ...140000 merges, heap 10337308, nbr_entries 1032516 (max deg 17729), 48539 ms
    ...145000 merges, heap 14521399, nbr_entries 1004728 (max deg 17453), 48690 ms
    ...150000 merges, heap 19276218, nbr_entries 983914 (max deg 17254), 48837 ms
    [compact] 20000054 -> 479116 live entries after 151646 merges (48941 ms)
    ...155000 merges, heap 5624388, nbr_entries 953612 (max deg 16605), 49084 ms
    ...160000 merges, heap 10566028, nbr_entries 923560 (max deg 16590), 49428 ms
    ...165000 merges, heap 14933946, nbr_entries 897458 (max deg 16500), 49578 ms
    ...170000 merges, heap 18514363, nbr_entries 876392 (max deg 16339), 49677 ms
    [compact] 20007792 -> 423337 live entries after 172855 merges (49878 ms)
    ...175000 merges, heap 1817929, nbr_entries 849272 (max deg 16096), 49932 ms
    ...180000 merges, heap 4991983, nbr_entries 823840 (max deg 15879), 50029 ms
    ...185000 merges, heap 7530040, nbr_entries 798320 (max deg 15635), 50110 ms
    ...190000 merges, heap 10853595, nbr_entries 773378 (max deg 15449), 50257 ms
    ...195000 merges, heap 13965429, nbr_entries 747298 (max deg 15135), 50368 ms
    ...200000 merges, heap 15470775, nbr_entries 719472 (max deg 14964), 50431 ms
    ...205000 merges, heap 19797146, nbr_entries 692260 (max deg 14690), 50577 ms
    [compact] 20004839 -> 337571 live entries after 205457 merges (50646 ms)
    ...210000 merges, heap 2576425, nbr_entries 666854 (max deg 14434), 50726 ms
    ...215000 merges, heap 3709406, nbr_entries 639706 (max deg 14149), 50768 ms
    ...220000 merges, heap 6058516, nbr_entries 614834 (max deg 13906), 50845 ms
    ...225000 merges, heap 7202885, nbr_entries 586278 (max deg 13694), 50893 ms
    ...230000 merges, heap 8534587, nbr_entries 557926 (max deg 13381), 50945 ms
    ...235000 merges, heap 10329906, nbr_entries 529628 (max deg 12983), 51047 ms
    ...240000 merges, heap 11688423, nbr_entries 501912 (max deg 12610), 51104 ms
    ...245000 merges, heap 13154226, nbr_entries 474158 (max deg 12324), 51160 ms
    ...250000 merges, heap 14718658, nbr_entries 447392 (max deg 11950), 51217 ms
    ...255000 merges, heap 18318357, nbr_entries 420438 (max deg 11632), 51338 ms
    ...260000 merges, heap 19727357, nbr_entries 391624 (max deg 11247), 51396 ms
    [compact] 20005444 -> 183270 live entries after 261865 merges (51574 ms)
    ...265000 merges, heap 604788, nbr_entries 362338 (max deg 10966), 51606 ms
    ...270000 merges, heap 2298896, nbr_entries 333382 (max deg 10551), 51668 ms
    ...275000 merges, heap 3440038, nbr_entries 303856 (max deg 10201), 51714 ms
    ...280000 merges, heap 5352688, nbr_entries 273244 (max deg 9800), 51787 ms
    ...285000 merges, heap 6371905, nbr_entries 241752 (max deg 9379), 51831 ms
    ...290000 merges, heap 7106780, nbr_entries 209022 (max deg 8998), 51868 ms
    ...295000 merges, heap 8416122, nbr_entries 176788 (max deg 8559), 51926 ms
    ...300000 merges, heap 9139280, nbr_entries 142158 (max deg 8097), 51965 ms
    ...305000 merges, heap 9863631, nbr_entries 107160 (max deg 7677), 52008 ms
    ...310000 merges, heap 10828034, nbr_entries 76874 (max deg 7040), 52163 ms
    ...315000 merges, heap 10826739, nbr_entries 59962 (max deg 6226), 52268 ms
    ...320000 merges, heap 10387008, nbr_entries 44478 (max deg 5585), 52572 ms
    ...325000 merges, heap 9340344, nbr_entries 30130 (max deg 4872), 53695 ms
    ...330000 merges, heap 10049821, nbr_entries 19004 (max deg 2731), 55620 ms
amazon_full	925872	925872	334863	925872	0	0	1.000	549.000	5.530	4.000	25709	1	c6ef7c480926a0ca	333516	333516	2315f1e1a9d95747	2315f1e1a9d95747	yes
    ...5000 merges, heap 1062745, nbr_entries 2088948 (max deg 343), 181 ms
    ...10000 merges, heap 1115892, nbr_entries 2074688 (max deg 343), 188 ms
    ...15000 merges, heap 1162592, nbr_entries 2060216 (max deg 343), 194 ms
    ...20000 merges, heap 1200532, nbr_entries 2045620 (max deg 343), 199 ms
    ...25000 merges, heap 1224562, nbr_entries 2030924 (max deg 343), 204 ms
    ...30000 merges, heap 1237649, nbr_entries 2017768 (max deg 343), 209 ms
    [compact] 20002029 -> 972725 live entries after 31887 merges (1130 ms)
    [compact] 20012503 -> 958939 live entries after 32807 merges (2059 ms)
    [compact] 20021196 -> 949439 live entries after 33578 merges (2912 ms)
    [compact] 20011959 -> 940455 live entries after 34288 merges (3676 ms)
    [compact] 20009280 -> 928853 live entries after 34944 merges (4443 ms)
    ...35000 merges, heap 2662484, nbr_entries 1868682 (max deg 37234), 4516 ms
    [compact] 20002818 -> 923430 live entries after 35553 merges (5258 ms)
    [compact] 20003969 -> 915545 live entries after 36148 merges (6157 ms)
    [compact] 20009837 -> 902311 live entries after 36715 merges (7048 ms)
    [compact] 20012329 -> 892937 live entries after 37290 merges (7968 ms)
    [compact] 20024706 -> 885878 live entries after 37861 merges (8893 ms)
    [compact] 20000181 -> 881031 live entries after 38422 merges (9754 ms)
    [compact] 20002577 -> 878688 live entries after 38980 merges (11016 ms)
    [compact] 20019250 -> 875538 live entries after 39531 merges (12130 ms)
    ...40000 merges, heap 17107390, nbr_entries 1769180 (max deg 47637), 12863 ms
    [compact] 20005703 -> 870498 live entries after 40085 merges (13033 ms)
    [compact] 20000483 -> 866495 live entries after 40642 merges (13894 ms)
    [compact] 20016056 -> 862966 live entries after 41190 merges (14905 ms)
    [compact] 20003742 -> 858375 live entries after 41726 merges (15771 ms)
    [compact] 20008148 -> 854320 live entries after 42256 merges (16844 ms)
    [compact] 20006633 -> 846970 live entries after 42790 merges (17737 ms)
    [compact] 20033891 -> 843187 live entries after 43314 merges (18717 ms)
    [compact] 20022779 -> 839057 live entries after 43831 merges (19639 ms)
    [compact] 20023710 -> 835423 live entries after 44341 merges (20655 ms)
    [compact] 20020283 -> 834359 live entries after 44860 merges (21678 ms)
    ...45000 merges, heap 6010841, nbr_entries 1703214 (max deg 54902), 21915 ms
    [compact] 20021755 -> 833838 live entries after 45379 merges (22717 ms)
    [compact] 20029007 -> 830770 live entries after 45897 merges (23695 ms)
    [compact] 20009237 -> 827280 live entries after 46413 merges (24730 ms)
    [compact] 20035520 -> 822724 live entries after 46962 merges (25973 ms)
    [compact] 20027408 -> 821450 live entries after 47509 merges (26965 ms)
    [compact] 20006495 -> 817995 live entries after 48055 merges (27898 ms)
    [compact] 20026159 -> 813594 live entries after 48591 merges (29010 ms)
    [compact] 20011888 -> 810162 live entries after 49120 merges (29931 ms)
    [compact] 20024161 -> 806196 live entries after 49652 merges (31096 ms)
    ...50000 merges, heap 13456764, nbr_entries 1653090 (max deg 58621), 31747 ms
    [compact] 20014927 -> 803889 live entries after 50180 merges (32105 ms)
    [compact] 20000580 -> 802012 live entries after 50706 merges (33045 ms)
    [compact] 20034184 -> 799154 live entries after 51231 merges (34072 ms)
    [compact] 20028132 -> 795172 live entries after 51747 merges (34985 ms)
    [compact] 20030098 -> 791839 live entries after 52254 merges (35986 ms)
    [compact] 20032367 -> 785694 live entries after 52778 merges (37160 ms)
    [compact] 20006444 -> 782943 live entries after 53335 merges (38245 ms)
    [compact] 20020955 -> 778735 live entries after 53882 merges (39343 ms)
    [compact] 20029581 -> 775066 live entries after 54423 merges (40500 ms)
    [compact] 20030840 -> 772825 live entries after 54960 merges (41597 ms)
    ...55000 merges, heap 2212757, nbr_entries 1597424 (max deg 62166), 41674 ms
    [compact] 20011420 -> 770307 live entries after 55497 merges (42642 ms)
    [compact] 20020813 -> 767275 live entries after 56029 merges (43727 ms)
    [compact] 20021938 -> 764297 live entries after 56555 merges (44776 ms)
    [compact] 20013421 -> 762348 live entries after 57140 merges (46265 ms)
    [compact] 20011809 -> 761760 live entries after 57728 merges (47609 ms)
    [compact] 20010633 -> 761172 live entries after 58316 merges (48886 ms)
    [compact] 20009457 -> 760584 live entries after 58904 merges (50166 ms)
    [compact] 20007463 -> 759994 live entries after 59492 merges (51312 ms)
    ...60000 merges, heap 17386381, nbr_entries 1573164 (max deg 60013), 52176 ms
    [compact] 20004541 -> 759403 live entries after 60080 merges (52353 ms)
    [compact] 20028192 -> 757296 live entries after 60675 merges (53591 ms)
    [compact] 20017537 -> 754877 live entries after 61267 merges (54667 ms)
    [compact] 20030760 -> 751837 live entries after 61858 merges (55869 ms)
    [compact] 20012461 -> 748843 live entries after 62491 merges (57470 ms)
    [compact] 20004273 -> 747199 live entries after 63122 merges (58827 ms)
    [compact] 20014556 -> 745078 live entries after 63751 merges (60334 ms)
    [compact] 20026739 -> 743624 live entries after 64379 merges (61712 ms)
    ...65000 merges, heap 19811812, nbr_entries 1540026 (max deg 59541), 62884 ms
    [compact] 20027869 -> 742297 live entries after 65007 merges (63050 ms)
    [compact] 20021149 -> 740946 live entries after 65635 merges (64231 ms)
    [compact] 20005686 -> 739397 live entries after 66262 merges (65329 ms)
    [compact] 20018699 -> 737849 live entries after 66890 merges (66445 ms)
    [compact] 20021608 -> 735068 live entries after 67522 merges (67621 ms)
    ...70000 merges, heap 17624134, nbr_entries 1494736 (max deg 58237), 68497 ms
    [compact] 20008028 -> 713608 live entries after 70273 merges (68634 ms)
    [compact] 20000687 -> 702819 live entries after 72076 merges (69306 ms)
    [compact] 20013360 -> 695543 live entries after 73335 merges (70081 ms)
    [compact] 20008283 -> 689514 live entries after 74375 merges (70778 ms)
    ...75000 merges, heap 13282939, nbr_entries 1438248 (max deg 56364), 71195 ms
    [compact] 20008153 -> 684704 live entries after 75322 merges (71449 ms)
    [compact] 20006861 -> 680147 live entries after 76238 merges (72344 ms)
    [compact] 20005235 -> 678997 live entries after 77128 merges (73068 ms)
    [compact] 20005820 -> 674220 live entries after 78014 merges (74076 ms)
    [compact] 20008560 -> 671589 live entries after 78882 merges (75117 ms)
    [compact] 20020298 -> 667316 live entries after 79715 merges (75947 ms)
    ...80000 merges, heap 7595390, nbr_entries 1397788 (max deg 55111), 76166 ms
    [compact] 20010606 -> 662905 live entries after 80502 merges (76683 ms)
    [compact] 20014370 -> 660393 live entries after 81295 merges (77607 ms)
    [compact] 20005972 -> 658562 live entries after 82089 merges (78342 ms)
    [compact] 20019527 -> 655930 live entries after 82898 merges (79334 ms)
    [compact] 20022721 -> 653299 live entries after 83705 merges (80327 ms)
    [compact] 20009357 -> 650830 live entries after 84507 merges (81405 ms)
    ...85000 merges, heap 12394311, nbr_entries 1367256 (max deg 54048), 81928 ms
    [compact] 20021957 -> 648253 live entries after 85317 merges (82479 ms)
    [compact] 20001715 -> 644908 live entries after 86122 merges (83325 ms)
    [compact] 20009693 -> 642356 live entries after 86915 merges (84228 ms)
    [compact] 20001659 -> 639391 live entries after 87693 merges (85024 ms)
    [compact] 20023830 -> 636142 live entries after 88475 merges (86012 ms)
    [compact] 20017868 -> 633521 live entries after 89267 merges (86885 ms)
    ...90000 merges, heap 18862201, nbr_entries 1332892 (max deg 52931), 87603 ms
    [compact] 20014958 -> 630725 live entries after 90046 merges (87799 ms)
    [compact] 20007838 -> 627900 live entries after 90808 merges (88723 ms)
    [compact] 20022870 -> 623365 live entries after 91578 merges (89768 ms)
    [compact] 20006179 -> 620531 live entries after 92339 merges (90631 ms)
    [compact] 20024066 -> 617701 live entries after 93089 merges (91629 ms)
    [compact] 20015674 -> 615025 live entries after 93831 merges (92433 ms)
    [compact] 20019070 -> 611115 live entries after 94578 merges (94989 ms)
    ...95000 merges, heap 11193444, nbr_entries 1295076 (max deg 51803), 95824 ms
    [compact] 20008357 -> 608376 live entries after 95348 merges (96442 ms)
    [compact] 20012093 -> 604917 live entries after 96099 merges (98010 ms)
    [compact] 20020746 -> 601569 live entries after 96836 merges (100190 ms)
    [compact] 20009258 -> 598427 live entries after 97558 merges (101466 ms)
    [compact] 20026097 -> 595244 live entries after 98267 merges (102613 ms)
    [compact] 20022164 -> 590115 live entries after 98995 merges (103860 ms)
    [compact] 20013493 -> 586347 live entries after 99734 merges (105183 ms)
    ...100000 merges, heap 7634234, nbr_entries 1251214 (max deg 51090), 105499 ms
    [compact] 20023049 -> 583730 live entries after 100467 merges (106442 ms)
    [compact] 20021111 -> 581013 live entries after 101197 merges (107425 ms)
    [compact] 20003362 -> 563591 live entries after 104597 merges (108301 ms)
    ...105000 merges, heap 5985091, nbr_entries 1201000 (max deg 49772), 108492 ms
    [compact] 20006912 -> 556532 live entries after 105953 merges (109210 ms)
    [compact] 20011824 -> 549675 live entries after 107093 merges (110065 ms)
    [compact] 20006369 -> 543018 live entries after 108097 merges (111219 ms)
    [compact] 20000908 -> 538341 live entries after 109051 merges (112055 ms)
    [compact] 20001466 -> 533588 live entries after 109952 merges (113235 ms)
    ...110000 merges, heap 1596076, nbr_entries 1143156 (max deg 48396), 113277 ms
    [compact] 20004206 -> 529329 live entries after 110817 merges (115007 ms)
    [compact] 20000988 -> 527961 live entries after 111680 merges (116302 ms)
    [compact] 20009018 -> 525803 live entries after 112574 merges (117743 ms)
    [compact] 20011382 -> 523293 live entries after 113459 merges (118828 ms)
    [compact] 20019266 -> 520101 live entries after 114329 merges (119863 ms)
    ...115000 merges, heap 15741431, nbr_entries 1113234 (max deg 47571), 120613 ms
    [compact] 20010912 -> 517655 live entries after 115218 merges (121048 ms)
    [compact] 20020955 -> 514606 live entries after 116085 merges (122363 ms)
    [compact] 20019262 -> 512115 live entries after 116941 merges (123374 ms)
    [compact] 20006814 -> 509905 live entries after 117789 merges (124222 ms)
    [compact] 20006550 -> 506865 live entries after 118665 merges (125290 ms)
    [compact] 20000406 -> 503835 live entries after 119525 merges (126242 ms)
    ...120000 merges, heap 11383497, nbr_entries 1081346 (max deg 46477), 126703 ms
    [compact] 20019529 -> 500882 live entries after 120379 merges (127463 ms)
    [compact] 20009344 -> 498194 live entries after 121255 merges (128658 ms)
    [compact] 20012872 -> 495438 live entries after 122122 merges (129932 ms)
    [compact] 20021687 -> 492179 live entries after 122974 merges (131031 ms)
    [compact] 20011017 -> 489229 live entries after 123841 merges (132174 ms)
    [compact] 20002277 -> 486498 live entries after 124694 merges (133245 ms)
    ...125000 merges, heap 7589019, nbr_entries 1048036 (max deg 45410), 133516 ms
    [compact] 20014581 -> 483927 live entries after 125532 merges (134226 ms)
    [compact] 20010380 -> 480507 live entries after 126369 merges (135060 ms)
    [compact] 20009646 -> 477902 live entries after 127223 merges (135936 ms)
    [compact] 20005027 -> 474682 live entries after 128060 merges (136746 ms)
    [compact] 20000227 -> 470554 live entries after 128883 merges (137569 ms)
    ...130000 merges, heap 6676049, nbr_entries 1011616 (max deg 44417), 137801 ms
    ...135000 merges, heap 18704974, nbr_entries 951616 (max deg 43413), 138658 ms
    [compact] 20018279 -> 438655 live entries after 135206 merges (138940 ms)
    ...140000 merges, heap 8246939, nbr_entries 913946 (max deg 42530), 139280 ms
    [compact] 20003609 -> 405368 live entries after 144175 merges (139914 ms)
    ...145000 merges, heap 3763572, nbr_entries 874452 (max deg 41809), 140053 ms
    ...150000 merges, heap 18061636, nbr_entries 850648 (max deg 41333), 140762 ms
    [compact] 20004580 -> 388916 live entries after 150941 merges (141017 ms)
    ...155000 merges, heap 9198371, nbr_entries 832002 (max deg 40850), 141762 ms
    [compact] 20014740 -> 374413 live entries after 158335 merges (142844 ms)
    ...160000 merges, heap 5572248, nbr_entries 809718 (max deg 40158), 143308 ms
    ...165000 merges, heap 19717547, nbr_entries 786176 (max deg 39615), 144200 ms
    [compact] 20014570 -> 359363 live entries after 165066 merges (144261 ms)
    ...170000 merges, heap 10372728, nbr_entries 758658 (max deg 38623), 144909 ms
    ...175000 merges, heap 19480429, nbr_entries 732136 (max deg 37651), 145454 ms
    [compact] 20017980 -> 333693 live entries after 175167 merges (145731 ms)
    ...180000 merges, heap 10223214, nbr_entries 706140 (max deg 36938), 146252 ms
    [compact] 20014139 -> 309137 live entries after 184855 merges (146743 ms)
    ...185000 merges, heap 992591, nbr_entries 679542 (max deg 36268), 146783 ms
    ...190000 merges, heap 10467854, nbr_entries 651450 (max deg 35661), 147243 ms
    ...195000 merges, heap 18292187, nbr_entries 624690 (max deg 35177), 147619 ms
    [compact] 20016872 -> 280197 live entries after 195817 merges (147856 ms)
    ...200000 merges, heap 6417461, nbr_entries 600446 (max deg 34644), 148163 ms
    ...205000 merges, heap 14698540, nbr_entries 576594 (max deg 33909), 148585 ms
    ...210000 merges, heap 19815476, nbr_entries 549784 (max deg 32712), 148872 ms
    [compact] 20001507 -> 246147 live entries after 210109 merges (148932 ms)
    ...215000 merges, heap 4899450, nbr_entries 522536 (max deg 31994), 149162 ms
    ...220000 merges, heap 8937658, nbr_entries 492748 (max deg 30970), 149377 ms
    ...225000 merges, heap 15381838, nbr_entries 462168 (max deg 29411), 149766 ms
    [compact] 20000258 -> 195956 live entries after 228280 merges (150066 ms)
    ...230000 merges, heap 2512806, nbr_entries 430642 (max deg 28119), 150233 ms
    ...235000 merges, heap 7200138, nbr_entries 401600 (max deg 27299), 150491 ms
    ...240000 merges, heap 11784480, nbr_entries 372540 (max deg 26442), 150807 ms
    ...245000 merges, heap 15687067, nbr_entries 342876 (max deg 25196), 151057 ms
    ...250000 merges, heap 19841858, nbr_entries 309280 (max deg 23495), 151353 ms
    [compact] 20014077 -> 134992 live entries after 250067 merges (151518 ms)
    ...255000 merges, heap 2583626, nbr_entries 272488 (max deg 22482), 151637 ms
    ...260000 merges, heap 5483265, nbr_entries 238424 (max deg 21061), 151846 ms
    ...265000 merges, heap 7157807, nbr_entries 201774 (max deg 19718), 151943 ms
    ...270000 merges, heap 8471630, nbr_entries 163872 (max deg 18291), 152016 ms
    ...275000 merges, heap 9125420, nbr_entries 126760 (max deg 16856), 152077 ms
    ...280000 merges, heap 9166870, nbr_entries 101618 (max deg 15531), 152165 ms
    ...285000 merges, heap 9077449, nbr_entries 86240 (max deg 14651), 152628 ms
    ...290000 merges, heap 9890441, nbr_entries 69930 (max deg 13386), 154337 ms
    [compact] 20000454 -> 21471 live entries after 294954 merges (156889 ms)
    ...295000 merges, heap 108971, nbr_entries 59900 (max deg 13381), 156902 ms
    ...300000 merges, heap 10265004, nbr_entries 49546 (max deg 13321), 159778 ms
    [compact] 20001968 -> 11892 live entries after 304338 merges (163940 ms)
    ...305000 merges, heap 1767537, nbr_entries 38504 (max deg 9239), 164474 ms
    ...310000 merges, heap 12903048, nbr_entries 26404 (max deg 4581), 166449 ms
    ...5000 merges, heap 1062745, nbr_entries 2088948 (max deg 343), 193 ms
    ...10000 merges, heap 1115892, nbr_entries 2074688 (max deg 343), 200 ms
    ...15000 merges, heap 1162592, nbr_entries 2060216 (max deg 343), 206 ms
    ...20000 merges, heap 1200532, nbr_entries 2045620 (max deg 343), 212 ms
    ...25000 merges, heap 1224562, nbr_entries 2030924 (max deg 343), 217 ms
    ...30000 merges, heap 1237649, nbr_entries 2017768 (max deg 343), 222 ms
    [compact] 20002029 -> 972725 live entries after 31887 merges (1193 ms)
    [compact] 20012503 -> 958939 live entries after 32807 merges (2116 ms)
    [compact] 20021196 -> 949439 live entries after 33578 merges (2981 ms)
    [compact] 20011959 -> 940455 live entries after 34288 merges (3721 ms)
    [compact] 20009280 -> 928853 live entries after 34944 merges (4474 ms)
    ...35000 merges, heap 2662484, nbr_entries 1868682 (max deg 37234), 4543 ms
    [compact] 20002818 -> 923430 live entries after 35553 merges (5310 ms)
    [compact] 20003969 -> 915545 live entries after 36148 merges (6325 ms)
    [compact] 20009837 -> 902311 live entries after 36715 merges (7330 ms)
    [compact] 20012329 -> 892937 live entries after 37290 merges (8233 ms)
    [compact] 20024706 -> 885878 live entries after 37861 merges (9133 ms)
    [compact] 20000181 -> 881031 live entries after 38422 merges (9929 ms)
    [compact] 20002577 -> 878688 live entries after 38980 merges (10931 ms)
    [compact] 20019250 -> 875538 live entries after 39531 merges (11917 ms)
    ...40000 merges, heap 17107390, nbr_entries 1769180 (max deg 47637), 12632 ms
    [compact] 20005703 -> 870498 live entries after 40085 merges (12829 ms)
    [compact] 20000483 -> 866495 live entries after 40642 merges (13706 ms)
    [compact] 20016056 -> 862966 live entries after 41190 merges (14655 ms)
    [compact] 20003742 -> 858375 live entries after 41726 merges (15539 ms)
    [compact] 20008148 -> 854320 live entries after 42256 merges (16558 ms)
    [compact] 20006633 -> 846970 live entries after 42790 merges (17470 ms)
    [compact] 20033891 -> 843187 live entries after 43314 merges (18428 ms)
    [compact] 20022779 -> 839057 live entries after 43831 merges (19299 ms)
    [compact] 20023710 -> 835423 live entries after 44341 merges (20248 ms)
    [compact] 20020283 -> 834359 live entries after 44860 merges (21236 ms)
    ...45000 merges, heap 6010841, nbr_entries 1703214 (max deg 54902), 21468 ms
    [compact] 20021755 -> 833838 live entries after 45379 merges (22257 ms)
    [compact] 20029007 -> 830770 live entries after 45897 merges (23233 ms)
    [compact] 20009237 -> 827280 live entries after 46413 merges (24246 ms)
    [compact] 20035520 -> 822724 live entries after 46962 merges (25359 ms)
    [compact] 20027408 -> 821450 live entries after 47509 merges (26309 ms)
    [compact] 20006495 -> 817995 live entries after 48055 merges (27394 ms)
    [compact] 20026159 -> 813594 live entries after 48591 merges (28492 ms)
    [compact] 20011888 -> 810162 live entries after 49120 merges (29365 ms)
    [compact] 20024161 -> 806196 live entries after 49652 merges (30445 ms)
    ...50000 merges, heap 13456764, nbr_entries 1653090 (max deg 58621), 31059 ms
    [compact] 20014927 -> 803889 live entries after 50180 merges (31410 ms)
    [compact] 20000580 -> 802012 live entries after 50706 merges (32320 ms)
    [compact] 20034184 -> 799154 live entries after 51231 merges (33305 ms)
    [compact] 20028132 -> 795172 live entries after 51747 merges (34365 ms)
    [compact] 20030098 -> 791839 live entries after 52254 merges (35573 ms)
    [compact] 20032367 -> 785694 live entries after 52778 merges (36807 ms)
    [compact] 20006444 -> 782943 live entries after 53335 merges (37992 ms)
    [compact] 20020955 -> 778735 live entries after 53882 merges (39472 ms)
    [compact] 20029581 -> 775066 live entries after 54423 merges (40839 ms)
    [compact] 20030840 -> 772825 live entries after 54960 merges (42229 ms)
    ...55000 merges, heap 2212757, nbr_entries 1597424 (max deg 62166), 42315 ms
    [compact] 20011420 -> 770307 live entries after 55497 merges (43349 ms)
    [compact] 20020813 -> 767275 live entries after 56029 merges (44541 ms)
    [compact] 20021938 -> 764297 live entries after 56555 merges (45890 ms)
    [compact] 20013421 -> 762348 live entries after 57140 merges (47364 ms)
    [compact] 20011809 -> 761760 live entries after 57728 merges (48701 ms)
    [compact] 20010633 -> 761172 live entries after 58316 merges (50037 ms)
    [compact] 20009457 -> 760584 live entries after 58904 merges (51243 ms)
    [compact] 20007463 -> 759994 live entries after 59492 merges (52461 ms)
    ...60000 merges, heap 17386381, nbr_entries 1573164 (max deg 60013), 53394 ms
    [compact] 20004541 -> 759403 live entries after 60080 merges (53600 ms)
    [compact] 20028192 -> 757296 live entries after 60675 merges (55045 ms)
    [compact] 20017537 -> 754877 live entries after 61267 merges (56142 ms)
    [compact] 20030760 -> 751837 live entries after 61858 merges (57391 ms)
    [compact] 20012461 -> 748843 live entries after 62491 merges (58845 ms)
    [compact] 20004273 -> 747199 live entries after 63122 merges (60360 ms)
    [compact] 20014556 -> 745078 live entries after 63751 merges (61884 ms)
    [compact] 20026739 -> 743624 live entries after 64379 merges (63245 ms)
    ...65000 merges, heap 19811812, nbr_entries 1540026 (max deg 59541), 64387 ms
    [compact] 20027869 -> 742297 live entries after 65007 merges (64554 ms)
    [compact] 20021149 -> 740946 live entries after 65635 merges (65767 ms)
    [compact] 20005686 -> 739397 live entries after 66262 merges (67232 ms)
    [compact] 20018699 -> 737849 live entries after 66890 merges (68700 ms)
    [compact] 20021608 -> 735068 live entries after 67522 merges (70019 ms)
    ...70000 merges, heap 17624134, nbr_entries 1494736 (max deg 58237), 70940 ms
    [compact] 20008028 -> 713608 live entries after 70273 merges (71084 ms)
    [compact] 20000687 -> 702819 live entries after 72076 merges (71813 ms)
    [compact] 20013360 -> 695543 live entries after 73335 merges (72655 ms)
    [compact] 20008283 -> 689514 live entries after 74375 merges (73405 ms)
    ...75000 merges, heap 13282939, nbr_entries 1438248 (max deg 56364), 73866 ms
    [compact] 20008153 -> 684704 live entries after 75322 merges (74141 ms)
    [compact] 20006861 -> 680147 live entries after 76238 merges (75194 ms)
    [compact] 20005235 -> 678997 live entries after 77128 merges (76027 ms)
    [compact] 20005820 -> 674220 live entries after 78014 merges (77018 ms)
    [compact] 20008560 -> 671589 live entries after 78882 merges (78079 ms)
    [compact] 20020298 -> 667316 live entries after 79715 merges (78976 ms)
    ...80000 merges, heap 7595390, nbr_entries 1397788 (max deg 55111), 79210 ms
    [compact] 20010606 -> 662905 live entries after 80502 merges (79744 ms)
    [compact] 20014370 -> 660393 live entries after 81295 merges (80813 ms)
    [compact] 20005972 -> 658562 live entries after 82089 merges (81625 ms)
    [compact] 20019527 -> 655930 live entries after 82898 merges (82686 ms)
    [compact] 20022721 -> 653299 live entries after 83705 merges (83755 ms)
    [compact] 20009357 -> 650830 live entries after 84507 merges (84635 ms)
    ...85000 merges, heap 12394311, nbr_entries 1367256 (max deg 54048), 85374 ms
    [compact] 20021957 -> 648253 live entries after 85317 merges (85895 ms)
    [compact] 20001715 -> 644908 live entries after 86122 merges (86810 ms)
    [compact] 20009693 -> 642356 live entries after 86915 merges (87864 ms)
    [compact] 20001659 -> 639391 live entries after 87693 merges (88713 ms)
    [compact] 20023830 -> 636142 live entries after 88475 merges (89600 ms)
    [compact] 20017868 -> 633521 live entries after 89267 merges (90663 ms)
    ...90000 merges, heap 18862201, nbr_entries 1332892 (max deg 52931), 91484 ms
    [compact] 20014958 -> 630725 live entries after 90046 merges (91584 ms)
    [compact] 20007838 -> 627900 live entries after 90808 merges (92447 ms)
    [compact] 20022870 -> 623365 live entries after 91578 merges (93588 ms)
    [compact] 20006179 -> 620531 live entries after 92339 merges (94508 ms)
    [compact] 20024066 -> 617701 live entries after 93089 merges (95405 ms)
    [compact] 20015674 -> 615025 live entries after 93831 merges (96391 ms)
    [compact] 20019070 -> 611115 live entries after 94578 merges (97506 ms)
    ...95000 merges, heap 11193444, nbr_entries 1295076 (max deg 51803), 97952 ms
    [compact] 20008357 -> 608376 live entries after 95348 merges (98337 ms)
    [compact] 20012093 -> 604917 live entries after 96099 merges (99211 ms)
    [compact] 20020746 -> 601569 live entries after 96836 merges (100111 ms)
    [compact] 20009258 -> 598427 live entries after 97558 merges (101131 ms)
    [compact] 20026097 -> 595244 live entries after 98267 merges (102269 ms)
    [compact] 20022164 -> 590115 live entries after 98995 merges (103497 ms)
    [compact] 20013493 -> 586347 live entries after 99734 merges (104383 ms)
    ...100000 merges, heap 7634234, nbr_entries 1251214 (max deg 51090), 104673 ms
    [compact] 20023049 -> 583730 live entries after 100467 merges (105530 ms)
    [compact] 20021111 -> 581013 live entries after 101197 merges (106474 ms)
    [compact] 20003362 -> 563591 live entries after 104597 merges (107281 ms)
    ...105000 merges, heap 5985091, nbr_entries 1201000 (max deg 49772), 107457 ms
    [compact] 20006912 -> 556532 live entries after 105953 merges (108126 ms)
    [compact] 20011824 -> 549675 live entries after 107093 merges (108893 ms)
    [compact] 20006369 -> 543018 live entries after 108097 merges (109602 ms)
    [compact] 20000908 -> 538341 live entries after 109051 merges (110352 ms)
    [compact] 20001466 -> 533588 live entries after 109952 merges (111230 ms)
    ...110000 merges, heap 1596076, nbr_entries 1143156 (max deg 48396), 111283 ms
    [compact] 20004206 -> 529329 live entries after 110817 merges (112228 ms)
    [compact] 20000988 -> 527961 live entries after 111680 merges (113348 ms)
    [compact] 20009018 -> 525803 live entries after 112574 merges (114508 ms)
    [compact] 20011382 -> 523293 live entries after 113459 merges (115503 ms)
    [compact] 20019266 -> 520101 live entries after 114329 merges (116460 ms)
    ...115000 merges, heap 15741431, nbr_entries 1113234 (max deg 47571), 117015 ms
    [compact] 20010912 -> 517655 live entries after 115218 merges (117430 ms)
    [compact] 20020955 -> 514606 live entries after 116085 merges (118487 ms)
    [compact] 20019262 -> 512115 live entries after 116941 merges (119352 ms)
    [compact] 20006814 -> 509905 live entries after 117789 merges (120108 ms)
    [compact] 20006550 -> 506865 live entries after 118665 merges (120962 ms)
    [compact] 20000406 -> 503835 live entries after 119525 merges (121746 ms)
    ...120000 merges, heap 11383497, nbr_entries 1081346 (max deg 46477), 122181 ms
    [compact] 20019529 -> 500882 live entries after 120379 merges (122772 ms)
    [compact] 20009344 -> 498194 live entries after 121255 merges (123628 ms)
    [compact] 20012872 -> 495438 live entries after 122122 merges (124556 ms)
    [compact] 20021687 -> 492179 live entries after 122974 merges (125456 ms)
    [compact] 20011017 -> 489229 live entries after 123841 merges (126328 ms)
    [compact] 20002277 -> 486498 live entries after 124694 merges (127103 ms)
    ...125000 merges, heap 7589019, nbr_entries 1048036 (max deg 45410), 127347 ms
    [compact] 20014581 -> 483927 live entries after 125532 merges (127970 ms)
    [compact] 20010380 -> 480507 live entries after 126369 merges (128699 ms)
    [compact] 20009646 -> 477902 live entries after 127223 merges (129522 ms)
    [compact] 20005027 -> 474682 live entries after 128060 merges (130260 ms)
    [compact] 20000227 -> 470554 live entries after 128883 merges (130979 ms)
    ...130000 merges, heap 6676049, nbr_entries 1011616 (max deg 44417), 131184 ms
    ...135000 merges, heap 18704974, nbr_entries 951616 (max deg 43413), 131970 ms
    [compact] 20018279 -> 438655 live entries after 135206 merges (132256 ms)
    ...140000 merges, heap 8246939, nbr_entries 913946 (max deg 42530), 132549 ms
    [compact] 20003609 -> 405368 live entries after 144175 merges (133184 ms)
    ...145000 merges, heap 3763572, nbr_entries 874452 (max deg 41809), 133294 ms
    ...150000 merges, heap 18061636, nbr_entries 850648 (max deg 41333), 133805 ms
    [compact] 20004580 -> 388916 live entries after 150941 merges (134064 ms)
    ...155000 merges, heap 9198371, nbr_entries 832002 (max deg 40850), 134433 ms
    [compact] 20014740 -> 374413 live entries after 158335 merges (135157 ms)
    ...160000 merges, heap 5572248, nbr_entries 809718 (max deg 40158), 135362 ms
    ...165000 merges, heap 19717547, nbr_entries 786176 (max deg 39615), 135939 ms
    [compact] 20014570 -> 359363 live entries after 165066 merges (135996 ms)
    ...170000 merges, heap 10372728, nbr_entries 758658 (max deg 38623), 136416 ms
    ...175000 merges, heap 19480429, nbr_entries 732136 (max deg 37651), 136766 ms
    [compact] 20017980 -> 333693 live entries after 175167 merges (136920 ms)
    ...180000 merges, heap 10223214, nbr_entries 706140 (max deg 36938), 137347 ms
    [compact] 20014139 -> 309137 live entries after 184855 merges (137771 ms)
    ...185000 merges, heap 992591, nbr_entries 679542 (max deg 36268), 137807 ms
    ...190000 merges, heap 10467854, nbr_entries 651450 (max deg 35661), 138208 ms
    ...195000 merges, heap 18292187, nbr_entries 624690 (max deg 35177), 138511 ms
    [compact] 20016872 -> 280197 live entries after 195817 merges (138731 ms)
    ...200000 merges, heap 6417461, nbr_entries 600446 (max deg 34644), 138989 ms
    ...205000 merges, heap 14698540, nbr_entries 576594 (max deg 33909), 139384 ms
    ...210000 merges, heap 19815476, nbr_entries 549784 (max deg 32712), 139638 ms
    [compact] 20001507 -> 246147 live entries after 210109 merges (139696 ms)
    ...215000 merges, heap 4899450, nbr_entries 522536 (max deg 31994), 139882 ms
    ...220000 merges, heap 8937658, nbr_entries 492748 (max deg 30970), 140052 ms
    ...225000 merges, heap 15381838, nbr_entries 462168 (max deg 29411), 140397 ms
    [compact] 20000258 -> 195956 live entries after 228280 merges (140643 ms)
    ...230000 merges, heap 2512806, nbr_entries 430642 (max deg 28119), 140748 ms
    ...235000 merges, heap 7200138, nbr_entries 401600 (max deg 27299), 140936 ms
    ...240000 merges, heap 11784480, nbr_entries 372540 (max deg 26442), 141184 ms
    ...245000 merges, heap 15687067, nbr_entries 342876 (max deg 25196), 141349 ms
    ...250000 merges, heap 19841858, nbr_entries 309280 (max deg 23495), 141528 ms
    [compact] 20014077 -> 134992 live entries after 250067 merges (141682 ms)
    ...255000 merges, heap 2583626, nbr_entries 272488 (max deg 22482), 141798 ms
    ...260000 merges, heap 5483265, nbr_entries 238424 (max deg 21061), 141919 ms
    ...265000 merges, heap 7157807, nbr_entries 201774 (max deg 19718), 142005 ms
    ...270000 merges, heap 8471630, nbr_entries 163872 (max deg 18291), 142081 ms
    ...275000 merges, heap 9125420, nbr_entries 126760 (max deg 16856), 142140 ms
    ...280000 merges, heap 9166870, nbr_entries 101618 (max deg 15531), 142214 ms
    ...285000 merges, heap 9077449, nbr_entries 86240 (max deg 14651), 142646 ms
    ...290000 merges, heap 9890441, nbr_entries 69930 (max deg 13386), 144372 ms
    [compact] 20000454 -> 21471 live entries after 294954 merges (146885 ms)
    ...295000 merges, heap 108971, nbr_entries 59900 (max deg 13381), 146900 ms
    ...300000 merges, heap 10265004, nbr_entries 49546 (max deg 13321), 149731 ms
    [compact] 20001968 -> 11892 live entries after 304338 merges (153924 ms)
    ...305000 merges, heap 1767537, nbr_entries 38504 (max deg 9239), 154456 ms
    ...310000 merges, heap 12903048, nbr_entries 26404 (max deg 4581), 156423 ms
dblp_full	1049866	1049866	317080	1049866	0	0	1.000	343.000	6.622	4.000	43181	1	486fa1d9ccdfc276	313729	313729	cec458622056e254	cec458622056e254	yes
