=== Experiment 16: round-4 pruned benchmark ===
# T5-cusum-warmup clears the singleton-phase history and waits W=15 fresh post-deferral merges before calculating the first detrended residual; h=50 is the previously ER-calibrated common threshold.
graph	method	stop_at	of_merges	stop_frac	K	Q	F1	NMI	frac_nonsingleton	trace_build_ms	rule_eval_ms	total_ms	window_evals
# WARMUP_CONTROL columns share the above meaning; legacy defer intentionally keeps its stale pre-deferral window and is included only to test the artifact.
    ...5000 merges, heap 928264, nbr_entries 1841722 (max deg 549), 151 ms
    ...10000 merges, heap 936920, nbr_entries 1830194 (max deg 547), 158 ms
    ...15000 merges, heap 2210363, nbr_entries 1811340 (max deg 1343), 207 ms
    ...20000 merges, heap 18940396, nbr_entries 1777908 (max deg 5928), 1230 ms
    [compact] 20000193 -> 888184 live entries after 20240 merges (1459 ms)
    [compact] 20007117 -> 878381 live entries after 23311 merges (2648 ms)
    ...25000 merges, heap 13466745, nbr_entries 1747178 (max deg 8339), 3177 ms
    [compact] 20005683 -> 870675 live entries after 25799 merges (3533 ms)
    [compact] 20004442 -> 863498 live entries after 27981 merges (4424 ms)
    [compact] 20010432 -> 857487 live entries after 29865 merges (5384 ms)
    ...30000 merges, heap 2313242, nbr_entries 1715462 (max deg 11640), 5447 ms
    [compact] 20006824 -> 851839 live entries after 31543 merges (6174 ms)
    [compact] 20007293 -> 846920 live entries after 33055 merges (7048 ms)
    [compact] 20002157 -> 842269 live entries after 34528 merges (7837 ms)
    ...35000 merges, heap 7215390, nbr_entries 1683822 (max deg 14654), 8037 ms
    [compact] 20008422 -> 837808 live entries after 35982 merges (8835 ms)
    [compact] 20012169 -> 833489 live entries after 37403 merges (9973 ms)
    [compact] 20006230 -> 828972 live entries after 38791 merges (10818 ms)
    ...40000 merges, heap 18046556, nbr_entries 1653198 (max deg 16147), 11481 ms
    [compact] 20000865 -> 824665 live entries after 40136 merges (11624 ms)
    [compact] 20008270 -> 820256 live entries after 41499 merges (12617 ms)
    [compact] 20011071 -> 816197 live entries after 42851 merges (13540 ms)
    [compact] 20001673 -> 811848 live entries after 44184 merges (14309 ms)
    ...45000 merges, heap 12773287, nbr_entries 1623066 (max deg 17203), 14741 ms
    [compact] 20006290 -> 807648 live entries after 45496 merges (15239 ms)
    [compact] 20012434 -> 803810 live entries after 46781 merges (16182 ms)
    [compact] 20013665 -> 799219 live entries after 48088 merges (17211 ms)
    [compact] 20013084 -> 795398 live entries after 49396 merges (18335 ms)
    ...50000 merges, heap 9766294, nbr_entries 1593460 (max deg 18430), 18731 ms
    [compact] 20015374 -> 791438 live entries after 50675 merges (19458 ms)
    [compact] 20008921 -> 787257 live entries after 51878 merges (20253 ms)
    [compact] 20010373 -> 782783 live entries after 53060 merges (21095 ms)
    [compact] 20004707 -> 779158 live entries after 54276 merges (22030 ms)
    ...55000 merges, heap 12470450, nbr_entries 1563178 (max deg 20951), 22680 ms
    [compact] 20014448 -> 775859 live entries after 55462 merges (23167 ms)
    [compact] 20014759 -> 772297 live entries after 56623 merges (24466 ms)
    [compact] 20001091 -> 769013 live entries after 57752 merges (25283 ms)
    [compact] 20000436 -> 765685 live entries after 58872 merges (26143 ms)
    [compact] 20011826 -> 761252 live entries after 59982 merges (27174 ms)
    ...60000 merges, heap 1054831, nbr_entries 1534778 (max deg 22497), 27195 ms
    ...65000 merges, heap 14240203, nbr_entries 1501836 (max deg 22774), 27884 ms
    [compact] 20000154 -> 740294 live entries after 66087 merges (28166 ms)
    [compact] 20001926 -> 729846 live entries after 68912 merges (29734 ms)
    ...70000 merges, heap 9352060, nbr_entries 1465924 (max deg 22738), 30015 ms
    [compact] 20005637 -> 722377 live entries after 71358 merges (30782 ms)
    [compact] 20006984 -> 715290 live entries after 73590 merges (31726 ms)
    ...75000 merges, heap 13061782, nbr_entries 1435494 (max deg 22721), 32296 ms
    [compact] 20001241 -> 708473 live entries after 75760 merges (32609 ms)
    [compact] 20005959 -> 701460 live entries after 77676 merges (33623 ms)
    [compact] 20001394 -> 695966 live entries after 79440 merges (34488 ms)
    ...80000 merges, heap 7141734, nbr_entries 1400410 (max deg 22529), 34714 ms
    [compact] 20008937 -> 689543 live entries after 81034 merges (35369 ms)
    [compact] 20006576 -> 684077 live entries after 82578 merges (36205 ms)
    [compact] 20006848 -> 678451 live entries after 84078 merges (37202 ms)
    ...85000 merges, heap 12966011, nbr_entries 1365484 (max deg 21835), 37693 ms
    [compact] 20005518 -> 673966 live entries after 85515 merges (38003 ms)
    [compact] 20002426 -> 668360 live entries after 86905 merges (38847 ms)
    [compact] 20003798 -> 663336 live entries after 88258 merges (39775 ms)
    [compact] 20001846 -> 657667 live entries after 89570 merges (40531 ms)
    ...90000 merges, heap 7063060, nbr_entries 1328330 (max deg 21354), 40733 ms
    [compact] 20012817 -> 653219 live entries after 90893 merges (41520 ms)
    [compact] 20003963 -> 648459 live entries after 92217 merges (42363 ms)
    [compact] 20002459 -> 644234 live entries after 93554 merges (43167 ms)
    [compact] 20003176 -> 639971 live entries after 94878 merges (44024 ms)
    ...95000 merges, heap 2429232, nbr_entries 1295924 (max deg 21024), 44085 ms
    [compact] 20013602 -> 635970 live entries after 96237 merges (45008 ms)
    [compact] 20001777 -> 630956 live entries after 97610 merges (45819 ms)
    [compact] 20006107 -> 626848 live entries after 99004 merges (46689 ms)
    ...100000 merges, heap 10671922, nbr_entries 1267172 (max deg 20823), 47049 ms
    ...105000 merges, heap 17362505, nbr_entries 1236986 (max deg 20341), 47327 ms
    [compact] 20000075 -> 607072 live entries after 105840 merges (47479 ms)
    ...110000 merges, heap 19970052, nbr_entries 1205126 (max deg 20032), 48169 ms
    [compact] 20001321 -> 593676 live entries after 110005 merges (48327 ms)
    [compact] 20000997 -> 584165 live entries after 113018 merges (49145 ms)
    ...115000 merges, heap 13981714, nbr_entries 1174108 (max deg 19497), 49639 ms
    [compact] 20005096 -> 575758 live entries after 115879 merges (49981 ms)
    [compact] 20003684 -> 567386 live entries after 118660 merges (50634 ms)
    ...120000 merges, heap 10950528, nbr_entries 1143402 (max deg 19031), 50952 ms
    [compact] 20002977 -> 560015 live entries after 121126 merges (51333 ms)
    [compact] 20003116 -> 552975 live entries after 123404 merges (52085 ms)
    ...125000 merges, heap 14860973, nbr_entries 1113842 (max deg 18589), 52525 ms
    [compact] 20002794 -> 546705 live entries after 125553 merges (52721 ms)
    ...130000 merges, heap 3687667, nbr_entries 1088498 (max deg 18259), 52829 ms
    ...135000 merges, heap 5658322, nbr_entries 1062204 (max deg 18049), 52903 ms
    ...140000 merges, heap 10337308, nbr_entries 1032516 (max deg 17729), 53199 ms
    ...145000 merges, heap 14521399, nbr_entries 1004728 (max deg 17453), 53354 ms
    ...150000 merges, heap 19276218, nbr_entries 983914 (max deg 17254), 53500 ms
    [compact] 20000054 -> 479116 live entries after 151646 merges (53605 ms)
    ...155000 merges, heap 5624388, nbr_entries 953612 (max deg 16605), 53747 ms
    ...160000 merges, heap 10566028, nbr_entries 923560 (max deg 16590), 54087 ms
    ...165000 merges, heap 14933946, nbr_entries 897458 (max deg 16500), 54234 ms
    ...170000 merges, heap 18514363, nbr_entries 876392 (max deg 16339), 54334 ms
    [compact] 20007792 -> 423337 live entries after 172855 merges (54544 ms)
    ...175000 merges, heap 1817929, nbr_entries 849272 (max deg 16096), 54597 ms
    ...180000 merges, heap 4991983, nbr_entries 823840 (max deg 15879), 54705 ms
    ...185000 merges, heap 7530040, nbr_entries 798320 (max deg 15635), 54789 ms
    ...190000 merges, heap 10853595, nbr_entries 773378 (max deg 15449), 54947 ms
    ...195000 merges, heap 13965429, nbr_entries 747298 (max deg 15135), 55053 ms
    ...200000 merges, heap 15470775, nbr_entries 719472 (max deg 14964), 55116 ms
    ...205000 merges, heap 19797146, nbr_entries 692260 (max deg 14690), 55256 ms
    [compact] 20004839 -> 337571 live entries after 205457 merges (55328 ms)
    ...210000 merges, heap 2576425, nbr_entries 666854 (max deg 14434), 55408 ms
    ...215000 merges, heap 3709406, nbr_entries 639706 (max deg 14149), 55449 ms
    ...220000 merges, heap 6058516, nbr_entries 614834 (max deg 13906), 55523 ms
    ...225000 merges, heap 7202885, nbr_entries 586278 (max deg 13694), 55570 ms
    ...230000 merges, heap 8534587, nbr_entries 557926 (max deg 13381), 55623 ms
    ...235000 merges, heap 10329906, nbr_entries 529628 (max deg 12983), 55732 ms
    ...240000 merges, heap 11688423, nbr_entries 501912 (max deg 12610), 55790 ms
    ...245000 merges, heap 13154226, nbr_entries 474158 (max deg 12324), 55846 ms
    ...250000 merges, heap 14718658, nbr_entries 447392 (max deg 11950), 55904 ms
    ...255000 merges, heap 18318357, nbr_entries 420438 (max deg 11632), 56025 ms
    ...260000 merges, heap 19727357, nbr_entries 391624 (max deg 11247), 56080 ms
    [compact] 20005444 -> 183270 live entries after 261865 merges (56267 ms)
    ...265000 merges, heap 604788, nbr_entries 362338 (max deg 10966), 56298 ms
    ...270000 merges, heap 2298896, nbr_entries 333382 (max deg 10551), 56360 ms
    ...275000 merges, heap 3440038, nbr_entries 303856 (max deg 10201), 56406 ms
    ...280000 merges, heap 5352688, nbr_entries 273244 (max deg 9800), 56479 ms
    ...285000 merges, heap 6371905, nbr_entries 241752 (max deg 9379), 56524 ms
    ...290000 merges, heap 7106780, nbr_entries 209022 (max deg 8998), 56568 ms
    ...295000 merges, heap 8416122, nbr_entries 176788 (max deg 8559), 56634 ms
    ...300000 merges, heap 9139280, nbr_entries 142158 (max deg 8097), 56675 ms
    ...305000 merges, heap 9863631, nbr_entries 107160 (max deg 7677), 56719 ms
    ...310000 merges, heap 10828034, nbr_entries 76874 (max deg 7040), 56872 ms
    ...315000 merges, heap 10826739, nbr_entries 59962 (max deg 6226), 56982 ms
    ...320000 merges, heap 10387008, nbr_entries 44478 (max deg 5585), 57286 ms
    ...325000 merges, heap 9340344, nbr_entries 30130 (max deg 4872), 58413 ms
    ...330000 merges, heap 10049821, nbr_entries 19004 (max deg 2731), 60358 ms
amazon_full	CNM-full	333516	333516	1.000	1347	0.871	0.616	0.886	1.000	63686.019	0.000	63686.019	0
amazon_full	T5-cusum-warmup	332306	333516	0.996	2557	0.870	0.678	0.914	1.000	63686.019	0.201	63686.220	146
amazon_full	WARMUP_CONTROL:T5-cusum-defer-legacy	332146	333516	0.996	2717	0.870	0.692	0.920	1.000	63686.019	0.172	63686.192	1
# amazon_full singleton_phase_end=332146 warmup_first_eligible=332161
