  [livejournal] N=3997962 M=34681189 -- CNM...
    ...5000 merges, heap 34681189, nbr_entries 69352378 (max deg 14815), 9046 ms
    ...10000 merges, heap 34681189, nbr_entries 69342378 (max deg 14815), 9072 ms
    ...15000 merges, heap 34681189, nbr_entries 69332378 (max deg 14815), 9091 ms
    ...20000 merges, heap 34681189, nbr_entries 69322378 (max deg 14815), 9109 ms
    ...25000 merges, heap 34681189, nbr_entries 69312378 (max deg 14815), 9128 ms
    ...30000 merges, heap 34684469, nbr_entries 69302378 (max deg 14815), 9150 ms
    ...35000 merges, heap 34689106, nbr_entries 69292378 (max deg 14815), 9174 ms
    ...40000 merges, heap 34693641, nbr_entries 69282378 (max deg 14815), 9198 ms
    ...45000 merges, heap 34697722, nbr_entries 69272378 (max deg 14815), 9218 ms
    ...50000 merges, heap 34702135, nbr_entries 69262378 (max deg 14815), 9240 ms
    ...55000 merges, heap 34720338, nbr_entries 69251412 (max deg 14815), 9265 ms
    ...60000 merges, heap 34760091, nbr_entries 69239770 (max deg 14815), 9293 ms
    ...65000 merges, heap 34796660, nbr_entries 69228496 (max deg 14815), 9321 ms
    ...70000 merges, heap 34844851, nbr_entries 69217270 (max deg 14815), 9351 ms
    ...75000 merges, heap 34900214, nbr_entries 69206302 (max deg 14815), 9382 ms
    ...80000 merges, heap 34919088, nbr_entries 69195382 (max deg 14815), 9407 ms
    ...85000 merges, heap 34926535, nbr_entries 69181508 (max deg 14815), 9428 ms
    ...90000 merges, heap 34940861, nbr_entries 69168246 (max deg 14815), 9449 ms
    ...95000 merges, heap 34960017, nbr_entries 69155456 (max deg 14815), 9472 ms
    ...100000 merges, heap 34983509, nbr_entries 69143006 (max deg 14815), 9496 ms
    ...105000 merges, heap 35013353, nbr_entries 69130998 (max deg 14815), 9520 ms
    ...110000 merges, heap 35034100, nbr_entries 69120302 (max deg 14815), 9545 ms
    ...115000 merges, heap 35048219, nbr_entries 69110302 (max deg 14815), 9568 ms
    ...120000 merges, heap 35062522, nbr_entries 69100302 (max deg 14815), 9594 ms
    ...125000 merges, heap 35070375, nbr_entries 69090302 (max deg 14815), 9618 ms
    ...130000 merges, heap 35083895, nbr_entries 69080302 (max deg 14815), 9640 ms
    [compact] 120001200 -> 34297303 live entries after 133301 merges (23092 ms)
    [compact] 120099395 -> 34194044 live entries after 134168 merges (37871 ms)
    [compact] 120066032 -> 34128331 live entries after 134897 merges (51937 ms)
    ...135000 merges, heap 47048682, nbr_entries 68256776 (max deg 135440), 53694 ms
    [compact] 120110887 -> 34023306 live entries after 135527 merges (67379 ms)
    [compact] 120116883 -> 33948761 live entries after 136087 merges (84052 ms)
    [compact] 120005279 -> 33879204 live entries after 136604 merges (99462 ms)
    [compact] 120009403 -> 33822616 live entries after 137095 merges (117093 ms)
    [compact] 120014995 -> 33767967 live entries after 137559 merges (133497 ms)
    [compact] 120007574 -> 33713367 live entries after 137999 merges (149544 ms)
    [compact] 120012432 -> 33663870 live entries after 138422 merges (166012 ms)
    [compact] 120148460 -> 33617795 live entries after 138830 merges (183333 ms)
    [compact] 120163281 -> 33580487 live entries after 139229 merges (200786 ms)
    [compact] 120152987 -> 33533075 live entries after 139620 merges (217244 ms)
    [compact] 120058919 -> 33479125 live entries after 139997 merges (234312 ms)
    ...140000 merges, heap 34181410, nbr_entries 67047478 (max deg 279062), 234634 ms
    [compact] 120135985 -> 33441957 live entries after 140363 merges (252852 ms)
    [compact] 120127249 -> 33414619 live entries after 140724 merges (269950 ms)
    [compact] 120194196 -> 33382484 live entries after 141080 merges (287306 ms)
    [compact] 120137630 -> 33350556 live entries after 141431 merges (304373 ms)
    [compact] 120144861 -> 33309309 live entries after 141774 merges (322073 ms)
    [compact] 120032018 -> 33241497 live entries after 142108 merges (339425 ms)
    [compact] 120244922 -> 33197784 live entries after 142433 merges (358882 ms)
    [compact] 120147994 -> 33153522 live entries after 142753 merges (377398 ms)
    [compact] 120235935 -> 33118185 live entries after 143068 merges (395568 ms)
    [compact] 120042068 -> 33082079 live entries after 143377 merges (412984 ms)
    [compact] 120016960 -> 33057619 live entries after 143683 merges (430350 ms)
    [compact] 120063862 -> 33033421 live entries after 143987 merges (448537 ms)
    [compact] 120263968 -> 33008528 live entries after 144289 merges (466814 ms)
    [compact] 120059694 -> 32982377 live entries after 144587 merges (484255 ms)
    [compact] 120099392 -> 32954928 live entries after 144882 merges (503634 ms)
    ...145000 merges, heap 68146203, nbr_entries 66072424 (max deg 389042), 510347 ms
    [compact] 120104498 -> 32929274 live entries after 145174 merges (522148 ms)
    [compact] 120171697 -> 32900874 live entries after 145463 merges (540657 ms)
    [compact] 120239526 -> 32878006 live entries after 145750 merges (559087 ms)
    [compact] 120225094 -> 32857547 live entries after 146037 merges (576837 ms)
    [compact] 120220802 -> 32837351 live entries after 146321 merges (594699 ms)
    [compact] 120070294 -> 32810937 live entries after 146603 merges (612597 ms)
    [compact] 120300441 -> 32790756 live entries after 146884 merges (631755 ms)
    [compact] 120048678 -> 32771680 live entries after 147162 merges (649404 ms)
    [compact] 120083303 -> 32751358 live entries after 147439 merges (668138 ms)
    [compact] 120095073 -> 32731244 live entries after 147715 merges (687007 ms)
    [compact] 120109635 -> 32713556 live entries after 147989 merges (705686 ms)
    [compact] 120298586 -> 32692504 live entries after 148261 merges (724581 ms)
    [compact] 120155016 -> 32671595 live entries after 148533 merges (742394 ms)
    [compact] 120186818 -> 32654491 live entries after 148804 merges (761610 ms)
    [compact] 120005604 -> 32638714 live entries after 149073 merges (779577 ms)
    [compact] 120280795 -> 32617818 live entries after 149341 merges (798889 ms)
    [compact] 120248251 -> 32555136 live entries after 149608 merges (817251 ms)
    [compact] 120279159 -> 32526900 live entries after 149873 merges (836031 ms)
    ...150000 merges, heap 74490608, nbr_entries 65267844 (max deg 452707), 844275 ms
    [compact] 120038433 -> 32501247 live entries after 150138 merges (854674 ms)
    [compact] 120284950 -> 32486246 live entries after 150403 merges (873758 ms)
    [compact] 120184834 -> 32472215 live entries after 150667 merges (892590 ms)
    [compact] 120198297 -> 32460236 live entries after 150930 merges (911789 ms)
    [compact] 120223202 -> 32448824 live entries after 151192 merges (931122 ms)
    [compact] 120186062 -> 32432052 live entries after 151454 merges (949892 ms)
    [compact] 120210755 -> 32418812 live entries after 151716 merges (969249 ms)
    [compact] 120292344 -> 32405002 live entries after 151977 merges (988904 ms)
    [compact] 120334139 -> 32391255 live entries after 152237 merges (1008207 ms)
    [compact] 120089344 -> 32375618 live entries after 152495 merges (1027309 ms)
    [compact] 120309040 -> 32358549 live entries after 152752 merges (1046786 ms)
    [compact] 120158020 -> 32340487 live entries after 153008 merges (1065435 ms)
    [compact] 120136283 -> 32323863 live entries after 153265 merges (1084529 ms)
    [compact] 120225066 -> 32308688 live entries after 153521 merges (1103971 ms)
    [compact] 120005590 -> 32293030 live entries after 153775 merges (1122470 ms)
    [compact] 120031399 -> 32278725 live entries after 154028 merges (1141954 ms)
    [compact] 120021935 -> 32262729 live entries after 154280 merges (1160612 ms)
    [compact] 120073432 -> 32246710 live entries after 154531 merges (1180745 ms)
    [compact] 120083145 -> 32228491 live entries after 154784 merges (1200426 ms)
    ...155000 merges, heap 107474281, nbr_entries 64728994 (max deg 494254), 1215077 ms
    [compact] 120032554 -> 32217118 live entries after 155036 merges (1219371 ms)
    [compact] 120035563 -> 32202815 live entries after 155287 merges (1239272 ms)
    [compact] 120118528 -> 32188449 live entries after 155537 merges (1259059 ms)
    [compact] 120081331 -> 32174999 live entries after 155786 merges (1278297 ms)
    [compact] 120105039 -> 32160293 live entries after 156034 merges (1296109 ms)
    [compact] 120203905 -> 32146782 live entries after 156281 merges (1312112 ms)
    [compact] 120160884 -> 32134068 live entries after 156527 merges (1327075 ms)
    [compact] 120211162 -> 32117008 live entries after 156775 merges (1342889 ms)
    [compact] 120178229 -> 32099640 live entries after 157022 merges (1358172 ms)
    [compact] 120263457 -> 32083305 live entries after 157268 merges (1374377 ms)
    [compact] 120028192 -> 32067876 live entries after 157512 merges (1390093 ms)
    [compact] 120014244 -> 32053051 live entries after 157755 merges (1405641 ms)
    [compact] 120051662 -> 32041758 live entries after 157997 merges (1422354 ms)
    [compact] 120050886 -> 32028158 live entries after 158238 merges (1438101 ms)
    [compact] 120048943 -> 32017269 live entries after 158478 merges (1453883 ms)
    [compact] 120061800 -> 31999680 live entries after 158717 merges (1470178 ms)
    [compact] 120229364 -> 31989726 live entries after 158959 merges (1486573 ms)
    [compact] 120307045 -> 31973300 live entries after 159200 merges (1503111 ms)
    [compact] 120146543 -> 31960519 live entries after 159439 merges (1519029 ms)
    [compact] 120178464 -> 31944509 live entries after 159677 merges (1535562 ms)
    [compact] 120171595 -> 31934404 live entries after 159914 merges (1551656 ms)
    ...160000 merges, heap 63931085, nbr_entries 64190704 (max deg 537512), 1557173 ms
    [compact] 120235808 -> 31919836 live entries after 160151 merges (1568059 ms)
    [compact] 120146094 -> 31907153 live entries after 160387 merges (1583880 ms)
    [compact] 120008642 -> 31897414 live entries after 160622 merges (1599367 ms)
    [compact] 120331299 -> 31884575 live entries after 160857 merges (1615962 ms)
    [compact] 120357317 -> 31871747 live entries after 161091 merges (1632391 ms)
    [compact] 120153000 -> 31854424 live entries after 161325 merges (1648331 ms)
    [compact] 120008068 -> 31827941 live entries after 161560 merges (1664316 ms)
    [compact] 120312251 -> 31797769 live entries after 161795 merges (1681119 ms)
    [compact] 120350669 -> 31782604 live entries after 162030 merges (1697903 ms)
    [compact] 120229599 -> 31771468 live entries after 162265 merges (1713802 ms)
    [compact] 120276503 -> 31763809 live entries after 162500 merges (1730497 ms)
    [compact] 120011725 -> 31755656 live entries after 162734 merges (1746530 ms)
    [compact] 120177731 -> 31747038 live entries after 162968 merges (1763476 ms)
    [compact] 120105730 -> 31734284 live entries after 163201 merges (1779694 ms)
    [compact] 120124127 -> 31721446 live entries after 163433 merges (1796500 ms)
    [compact] 120222738 -> 31703992 live entries after 163665 merges (1813275 ms)
    [compact] 120125614 -> 31693012 live entries after 163899 merges (1829471 ms)
    [compact] 120034649 -> 31684644 live entries after 164132 merges (1845677 ms)
    [compact] 120324226 -> 31674279 live entries after 164365 merges (1863155 ms)
    [compact] 120167535 -> 31663386 live entries after 164597 merges (1879425 ms)
    [compact] 120109699 -> 31651475 live entries after 164828 merges (1895616 ms)
    ...165000 merges, heap 97655550, nbr_entries 63657110 (max deg 567584), 1906782 ms
    [compact] 120327722 -> 31642363 live entries after 165059 merges (1912671 ms)
    [compact] 120179929 -> 31632495 live entries after 165289 merges (1929066 ms)
    [compact] 120339385 -> 31623327 live entries after 165519 merges (1946090 ms)
    [compact] 120033862 -> 31607089 live entries after 165748 merges (1962219 ms)
    [compact] 120269230 -> 31546083 live entries after 165976 merges (1979246 ms)
    [compact] 120333254 -> 31493681 live entries after 166204 merges (1996333 ms)
    [compact] 120174934 -> 31465650 live entries after 166433 merges (2012747 ms)
    [compact] 120251797 -> 31430175 live entries after 166661 merges (2029861 ms)
    [compact] 120283203 -> 31377626 live entries after 166888 merges (2047067 ms)
    [compact] 120068942 -> 31322090 live entries after 167113 merges (2063717 ms)
    [compact] 120046392 -> 31280430 live entries after 167336 merges (2080314 ms)
    [compact] 120228534 -> 31239004 live entries after 167562 merges (2097880 ms)
    [compact] 120187425 -> 31216549 live entries after 167787 merges (2114688 ms)
    [compact] 120068207 -> 31193677 live entries after 168011 merges (2131359 ms)
    [compact] 120325887 -> 31173960 live entries after 168235 merges (2148856 ms)
    [compact] 120188366 -> 31148348 live entries after 168458 merges (2165649 ms)
    [compact] 120390053 -> 31123045 live entries after 168681 merges (2183163 ms)
    [compact] 120276910 -> 31103902 live entries after 168903 merges (2199897 ms)
    [compact] 120060581 -> 31086963 live entries after 169124 merges (2216837 ms)
    [compact] 120326366 -> 31070085 live entries after 169345 merges (2234322 ms)
    [compact] 120181643 -> 31053789 live entries after 169565 merges (2251125 ms)
    [compact] 120125229 -> 31022050 live entries after 169786 merges (2268095 ms)
    ...170000 merges, heap 116403990, nbr_entries 62452114 (max deg 617606), 2282972 ms
    [compact] 120001256 -> 31007176 live entries after 170009 merges (2285253 ms)
    [compact] 120268671 -> 30992903 live entries after 170232 merges (2303309 ms)
    [compact] 120097109 -> 30977942 live entries after 170454 merges (2320325 ms)
    [compact] 120270323 -> 30964490 live entries after 170676 merges (2338100 ms)
    [compact] 120093921 -> 30947481 live entries after 170897 merges (2355242 ms)
    [compact] 120334114 -> 30930081 live entries after 171118 merges (2372876 ms)
    [compact] 120187934 -> 30917829 live entries after 171338 merges (2390040 ms)
    [compact] 120249567 -> 30902890 live entries after 171558 merges (2407998 ms)
    [compact] 120301902 -> 30878933 live entries after 171777 merges (2426020 ms)
    [compact] 120215720 -> 30867163 live entries after 171995 merges (2443391 ms)
    [compact] 120056713 -> 30848269 live entries after 172212 merges (2460705 ms)
    [compact] 120336857 -> 30830984 live entries after 172429 merges (2478704 ms)
    [compact] 120152418 -> 30820082 live entries after 172645 merges (2495883 ms)
    [compact] 120380572 -> 30807969 live entries after 172861 merges (2513736 ms)
    [compact] 120210334 -> 30793351 live entries after 173076 merges (2531042 ms)
    [compact] 120043192 -> 30781017 live entries after 173290 merges (2548440 ms)
    [compact] 120252709 -> 30759836 live entries after 173506 merges (2566461 ms)
    [compact] 120120002 -> 30749449 live entries after 173724 merges (2584057 ms)
    [compact] 120350095 -> 30739118 live entries after 173942 merges (2602310 ms)
    [compact] 120117087 -> 30728481 live entries after 174159 merges (2619828 ms)
    [compact] 120308109 -> 30719209 live entries after 174376 merges (2638076 ms)
    [compact] 120063814 -> 30706737 live entries after 174592 merges (2655784 ms)
    [compact] 120305765 -> 30687724 live entries after 174808 merges (2673841 ms)
    ...175000 merges, heap 110459300, nbr_entries 61837290 (max deg 655868), 2688133 ms
    [compact] 120029067 -> 30677519 live entries after 175023 merges (2691410 ms)
    [compact] 120189335 -> 30666229 live entries after 175238 merges (2709788 ms)
    [compact] 120417267 -> 30652640 live entries after 175453 merges (2727992 ms)
    [compact] 120190301 -> 30641341 live entries after 175667 merges (2745601 ms)
    [compact] 120058678 -> 30631283 live entries after 175880 merges (2763231 ms)
    [compact] 120128483 -> 30604592 live entries after 176093 merges (2781450 ms)
    [compact] 120081636 -> 30578346 live entries after 176305 merges (2799004 ms)
    [compact] 120334440 -> 30564406 live entries after 176516 merges (2818026 ms)
    [compact] 120011379 -> 30554673 live entries after 176726 merges (2835835 ms)
    [compact] 120221943 -> 30543276 live entries after 176936 merges (2854047 ms)
    [compact] 120395195 -> 30533714 live entries after 177146 merges (2872417 ms)
    [compact] 120155661 -> 30524419 live entries after 177355 merges (2890187 ms)
    [compact] 120354785 -> 30513013 live entries after 177564 merges (2908502 ms)
    [compact] 120195640 -> 30501502 live entries after 177772 merges (2926067 ms)
    [compact] 120416620 -> 30492812 live entries after 177980 merges (2944436 ms)
    [compact] 120205772 -> 30481400 live entries after 178187 merges (2962235 ms)
    [compact] 120049183 -> 30471761 live entries after 178393 merges (2979762 ms)
    [compact] 120311532 -> 30460892 live entries after 178599 merges (2998257 ms)
    [compact] 120035115 -> 30442478 live entries after 178808 merges (3016203 ms)
    [compact] 120119055 -> 30434164 live entries after 179018 merges (3034788 ms)
    [compact] 120395061 -> 30423167 live entries after 179228 merges (3053605 ms)
    [compact] 120195166 -> 30413786 live entries after 179437 merges (3071697 ms)
    [compact] 120424497 -> 30404116 live entries after 179646 merges (3090450 ms)
    [compact] 120173518 -> 30396289 live entries after 179854 merges (3108510 ms)
    ...180000 merges, heap 93509367, nbr_entries 61309760 (max deg 696994), 3120243 ms
    [compact] 120340084 -> 30387787 live entries after 180062 merges (3127240 ms)
    [compact] 120104280 -> 30378081 live entries after 180269 merges (3145576 ms)
    [compact] 120299173 -> 30367408 live entries after 180476 merges (3164180 ms)
    [compact] 120006261 -> 30357416 live entries after 180682 merges (3182248 ms)
    [compact] 120215447 -> 30348135 live entries after 180888 merges (3201251 ms)
    [compact] 120430350 -> 30338850 live entries after 181094 merges (3219958 ms)
    [compact] 120019175 -> 30329714 live entries after 181299 merges (3238225 ms)
    [compact] 120239246 -> 30321156 live entries after 181504 merges (3257000 ms)
    [compact] 120438160 -> 30312303 live entries after 181709 merges (3275617 ms)
    [compact] 120144741 -> 30305004 live entries after 181913 merges (3293714 ms)
    [compact] 120295984 -> 30295196 live entries after 182117 merges (3312540 ms)
    [compact] 120111812 -> 30284392 live entries after 182320 merges (3330491 ms)
    [compact] 120428283 -> 30277245 live entries after 182524 merges (3349428 ms)
    [compact] 120350862 -> 30270581 live entries after 182728 merges (3367908 ms)
    [compact] 120053765 -> 30263462 live entries after 182931 merges (3386450 ms)
    [compact] 120323710 -> 30250946 live entries after 183134 merges (3405325 ms)
    [compact] 120016578 -> 30245442 live entries after 183336 merges (3423851 ms)
    [compact] 120081862 -> 30238316 live entries after 183538 merges (3442973 ms)
    [compact] 120214751 -> 30231963 live entries after 183740 merges (3462003 ms)
    [compact] 120368868 -> 30224850 live entries after 183942 merges (3481019 ms)
    [compact] 120383141 -> 30217096 live entries after 184144 merges (3500248 ms)
    [compact] 120085389 -> 30208583 live entries after 184345 merges (3518631 ms)
    [compact] 120206004 -> 30201506 live entries after 184546 merges (3537721 ms)
    [compact] 120353124 -> 30195706 live entries after 184747 merges (3556975 ms)
    [compact] 120401196 -> 30189639 live entries after 184948 merges (3575874 ms)
    ...185000 merges, heap 53539862, nbr_entries 60925392 (max deg 723667), 3580363 ms
    [compact] 120025178 -> 30183998 live entries after 185148 merges (3594246 ms)
    [compact] 120118792 -> 30177640 live entries after 185348 merges (3613303 ms)
    [compact] 120217692 -> 30170261 live entries after 185548 merges (3632497 ms)
    [compact] 120341904 -> 30165263 live entries after 185748 merges (3651558 ms)
    [compact] 120440518 -> 30157309 live entries after 185948 merges (3670752 ms)
    [compact] 120077358 -> 30151503 live entries after 186147 merges (3689197 ms)
    [compact] 120175063 -> 30144687 live entries after 186346 merges (3708219 ms)
    [compact] 120321925 -> 30138506 live entries after 186545 merges (3727315 ms)
    [compact] 120429018 -> 30131307 live entries after 186744 merges (3746444 ms)
    [compact] 120201252 -> 30123601 live entries after 186942 merges (3764843 ms)
    [compact] 120291809 -> 30119460 live entries after 187140 merges (3783864 ms)
    [compact] 120451215 -> 30110537 live entries after 187338 merges (3803038 ms)
    [compact] 120282199 -> 30091877 live entries after 187538 merges (3821713 ms)
    [compact] 120383290 -> 30086630 live entries after 187741 merges (3841296 ms)
    [compact] 120105709 -> 30079174 live entries after 187943 merges (3860243 ms)
    [compact] 120316370 -> 30070241 live entries after 188145 merges (3879562 ms)
    [compact] 120059518 -> 30062129 live entries after 188346 merges (3898434 ms)
    [compact] 120162000 -> 30056857 live entries after 188547 merges (3918001 ms)
    [compact] 120295814 -> 30049141 live entries after 188748 merges (3937275 ms)
    [compact] 120026153 -> 30041110 live entries after 188948 merges (3956106 ms)
    [compact] 120125977 -> 30035476 live entries after 189148 merges (3975455 ms)
    [compact] 120239059 -> 30028528 live entries after 189348 merges (3994953 ms)
    [compact] 120353553 -> 30021726 live entries after 189548 merges (4014362 ms)
    [compact] 120023434 -> 30016033 live entries after 189747 merges (4033125 ms)
    [compact] 120127292 -> 30008463 live entries after 189946 merges (4052408 ms)
    ...190000 merges, heap 54486145, nbr_entries 60594510 (max deg 743892), 4057188 ms
    [compact] 120266243 -> 30000327 live entries after 190145 merges (4071813 ms)
    [compact] 120322723 -> 29996697 live entries after 190344 merges (4091359 ms)
    [compact] 120393503 -> 29988451 live entries after 190543 merges (4110735 ms)
    [compact] 120097825 -> 29978512 live entries after 190741 merges (4129397 ms)
    [compact] 120269066 -> 29970991 live entries after 190939 merges (4148763 ms)
    [compact] 120368735 -> 29964009 live entries after 191137 merges (4168095 ms)
    [compact] 120330944 -> 29958435 live entries after 191335 merges (4186890 ms)
    [compact] 120448972 -> 29952355 live entries after 191533 merges (4206277 ms)
    [compact] 120104721 -> 29945234 live entries after 191730 merges (4224945 ms)
    [compact] 120266875 -> 29935895 live entries after 191927 merges (4245637 ms)
    [compact] 120348355 -> 29929513 live entries after 192124 merges (4266487 ms)
    [compact] 120007093 -> 29923159 live entries after 192320 merges (4286203 ms)
    [compact] 120101816 -> 29917414 live entries after 192516 merges (4309011 ms)
    [compact] 120220048 -> 29911528 live entries after 192712 merges (4329608 ms)
    [compact] 120343112 -> 29902311 live entries after 192908 merges (4350634 ms)
    [compact] 120286697 -> 29892790 live entries after 193104 merges (4370290 ms)
    [compact] 120349143 -> 29889287 live entries after 193301 merges (4392751 ms)
    [compact] 120050656 -> 29880315 live entries after 193497 merges (4413937 ms)
    [compact] 120189370 -> 29873936 live entries after 193693 merges (4435960 ms)
    [compact] 120317536 -> 29866690 live entries after 193889 merges (4458944 ms)
    [compact] 120009801 -> 29858700 live entries after 194084 merges (4480138 ms)
    [compact] 120091570 -> 29851469 live entries after 194279 merges (4502363 ms)
    [compact] 120208121 -> 29844126 live entries after 194474 merges (4524586 ms)
    [compact] 120318070 -> 29836626 live entries after 194669 merges (4552037 ms)
    [compact] 120455025 -> 29829526 live entries after 194864 merges (4583420 ms)
    ...195000 merges, heap 93107508, nbr_entries 60238778 (max deg 761788), 4596715 ms
    [compact] 120044333 -> 29819880 live entries after 195058 merges (4603255 ms)
    [compact] 120439102 -> 29813016 live entries after 195253 merges (4623059 ms)
    [compact] 120114149 -> 29804192 live entries after 195447 merges (4641796 ms)
    [compact] 120248819 -> 29797190 live entries after 195641 merges (4661022 ms)
    [compact] 120369803 -> 29790091 live entries after 195835 merges (4680435 ms)
    [compact] 120428725 -> 29783971 live entries after 196029 merges (4699839 ms)
    [compact] 120007873 -> 29777454 live entries after 196222 merges (4718331 ms)
    [compact] 120131274 -> 29772118 live entries after 196415 merges (4737759 ms)
    [compact] 120301952 -> 29763004 live entries after 196608 merges (4757150 ms)
    [compact] 120377107 -> 29757345 live entries after 196801 merges (4776516 ms)
    [compact] 120455516 -> 29753400 live entries after 196994 merges (4795897 ms)
    [compact] 120102940 -> 29737138 live entries after 197186 merges (4814597 ms)
    [compact] 120456686 -> 29706787 live entries after 197378 merges (4833747 ms)
    [compact] 120409465 -> 29677584 live entries after 197569 merges (4852423 ms)
    [compact] 120290318 -> 29653475 live entries after 197759 merges (4871034 ms)
    [compact] 120258302 -> 29618219 live entries after 197954 merges (4890025 ms)
    [compact] 120416834 -> 29601822 live entries after 198149 merges (4909609 ms)
    [compact] 120142381 -> 29587625 live entries after 198343 merges (4928528 ms)
    [compact] 120286721 -> 29575106 live entries after 198537 merges (4948035 ms)
    [compact] 120408210 -> 29563682 live entries after 198731 merges (4967705 ms)
    [compact] 120035336 -> 29554824 live entries after 198924 merges (4986645 ms)
    [compact] 120096792 -> 29546569 live entries after 199117 merges (5006382 ms)
    [compact] 120201793 -> 29537895 live entries after 199310 merges (5026124 ms)
    [compact] 120254602 -> 29530480 live entries after 199503 merges (5045654 ms)
    [compact] 120337422 -> 29523972 live entries after 199696 merges (5065399 ms)
    [compact] 120419881 -> 29516638 live entries after 199889 merges (5085137 ms)
    [budget] stopping after 200000 merges (5096491 ms)
    trace: 200000 merges in 5096491 ms
