  [amazon_full] N=334863 M=925872 -- CNM...
    ...5000 merges, heap 928202, nbr_entries 1841730 (max deg 549), 200 ms
    ...10000 merges, heap 936962, nbr_entries 1830000 (max deg 547), 210 ms
    ...15000 merges, heap 2916569, nbr_entries 1809434 (max deg 2175), 346 ms
    [compact] 20001093 -> 890938 live entries after 19380 merges (1951 ms)
    ...20000 merges, heap 4195381, nbr_entries 1778090 (max deg 5785), 2129 ms
    [compact] 20006030 -> 880138 live entries after 22630 merges (3297 ms)
    ...25000 merges, heap 17878510, nbr_entries 1744052 (max deg 8498), 4171 ms
    [compact] 20001705 -> 871034 live entries after 25260 merges (4325 ms)
    [compact] 20001614 -> 864140 live entries after 27421 merges (5226 ms)
    [compact] 20001816 -> 857961 live entries after 29298 merges (6209 ms)
    ...30000 merges, heap 8335704, nbr_entries 1712902 (max deg 11429), 6497 ms
    [compact] 20007563 -> 852171 live entries after 31080 merges (7270 ms)
    [compact] 20002864 -> 846988 live entries after 32696 merges (8149 ms)
    [compact] 20002702 -> 841635 live entries after 34323 merges (9422 ms)
    ...35000 merges, heap 9326440, nbr_entries 1681168 (max deg 13609), 9784 ms
    [compact] 20007728 -> 836671 live entries after 35916 merges (10756 ms)
    [compact] 20004703 -> 831867 live entries after 37442 merges (11842 ms)
    [compact] 20002165 -> 827562 live entries after 38924 merges (12997 ms)
    ...40000 merges, heap 15152591, nbr_entries 1651542 (max deg 15400), 13760 ms
    [compact] 20005969 -> 822877 live entries after 40362 merges (14460 ms)
    [compact] 20012899 -> 818629 live entries after 41761 merges (15893 ms)
    [compact] 20002407 -> 814194 live entries after 43107 merges (17129 ms)
    [compact] 20002460 -> 809664 live entries after 44421 merges (18300 ms)
    ...45000 merges, heap 9529828, nbr_entries 1621088 (max deg 17773), 18663 ms
    [compact] 20007627 -> 805851 live entries after 45684 merges (19315 ms)
    [compact] 20009033 -> 802019 live entries after 46944 merges (20666 ms)
    [compact] 20008414 -> 797816 live entries after 48222 merges (21774 ms)
    [compact] 20008837 -> 794004 live entries after 49476 merges (23151 ms)
    ...50000 merges, heap 8971018, nbr_entries 1591734 (max deg 19156), 23559 ms
    [compact] 20000332 -> 790426 live entries after 50697 merges (24254 ms)
    [compact] 20005337 -> 786605 live entries after 51888 merges (25716 ms)
    [compact] 20004008 -> 781318 live entries after 53069 merges (26866 ms)
    [compact] 20008707 -> 777195 live entries after 54229 merges (27894 ms)
    ...55000 merges, heap 14064767, nbr_entries 1556818 (max deg 22231), 28516 ms
    [compact] 20000507 -> 772225 live entries after 55344 merges (28827 ms)
    [compact] 20006285 -> 768566 live entries after 56460 merges (30148 ms)
    [compact] 20001716 -> 764818 live entries after 57567 merges (31112 ms)
    [compact] 20014502 -> 759417 live entries after 58707 merges (32199 ms)
    ...60000 merges, heap 18988191, nbr_entries 1523344 (max deg 22775), 33197 ms
    [compact] 20001106 -> 750164 live entries after 61612 merges (33342 ms)
    ...65000 merges, heap 8719851, nbr_entries 1492724 (max deg 22456), 33879 ms
    [compact] 20000424 -> 731760 live entries after 67457 merges (34544 ms)
    ...70000 merges, heap 17190761, nbr_entries 1459880 (max deg 22105), 35544 ms
    [compact] 20004299 -> 722376 live entries after 70381 merges (35828 ms)
    [compact] 20008182 -> 714177 live entries after 72905 merges (37009 ms)
    ...75000 merges, heap 18428168, nbr_entries 1428456 (max deg 21579), 37854 ms
    [compact] 20002234 -> 707534 live entries after 75180 merges (37966 ms)
    [compact] 20005412 -> 700115 live entries after 77229 merges (39174 ms)
    [compact] 20005002 -> 692506 live entries after 79151 merges (40149 ms)
    ...80000 merges, heap 10208509, nbr_entries 1390906 (max deg 21108), 40629 ms
    [compact] 20003429 -> 685985 live entries after 80873 merges (41201 ms)
    [compact] 20001096 -> 680214 live entries after 82567 merges (42371 ms)
    [compact] 20006295 -> 674548 live entries after 84215 merges (43764 ms)
    ...85000 merges, heap 10092144, nbr_entries 1357240 (max deg 20615), 44337 ms
    [compact] 20007321 -> 669432 live entries after 85807 merges (44974 ms)
    [compact] 20005657 -> 664442 live entries after 87382 merges (46164 ms)
    [compact] 20010049 -> 659940 live entries after 88888 merges (47293 ms)
    ...90000 merges, heap 15219361, nbr_entries 1327304 (max deg 20053), 47931 ms
    [compact] 20011588 -> 655415 live entries after 90391 merges (48473 ms)
    [compact] 20010116 -> 650898 live entries after 91879 merges (49423 ms)
    [compact] 20013139 -> 646608 live entries after 93312 merges (50356 ms)
    [compact] 20004384 -> 641977 live entries after 94750 merges (51337 ms)
    ...95000 merges, heap 4029774, nbr_entries 1297674 (max deg 19605), 51581 ms
    [compact] 20000829 -> 632490 live entries after 97944 merges (52668 ms)
    ...100000 merges, heap 3078025, nbr_entries 1268584 (max deg 19489), 52897 ms
    [compact] 20003429 -> 610814 live entries after 104975 merges (54189 ms)
    ...105000 merges, heap 726897, nbr_entries 1236732 (max deg 19487), 54221 ms
    [compact] 20003015 -> 598995 live entries after 108340 merges (55089 ms)
    ...110000 merges, heap 14243769, nbr_entries 1201212 (max deg 19466), 55758 ms
    [compact] 20008198 -> 590897 live entries after 110692 merges (56270 ms)
    [compact] 20003800 -> 583706 live entries after 112947 merges (57321 ms)
    ...115000 merges, heap 18978721, nbr_entries 1170522 (max deg 19435), 58320 ms
    [compact] 20003832 -> 577331 live entries after 115110 merges (58558 ms)
    [compact] 20007521 -> 571336 live entries after 117194 merges (59673 ms)
    [compact] 20007035 -> 565492 live entries after 119241 merges (60690 ms)
    ...120000 merges, heap 7893836, nbr_entries 1142114 (max deg 19419), 60999 ms
    [compact] 20008401 -> 559648 live entries after 121268 merges (61761 ms)
    [compact] 20004234 -> 553727 live entries after 123279 merges (62676 ms)
    ...125000 merges, heap 13858830, nbr_entries 1113876 (max deg 19394), 63258 ms
    ...130000 merges, heap 19902659, nbr_entries 1084052 (max deg 19112), 63548 ms
    [compact] 20001638 -> 534054 live entries after 130036 merges (63595 ms)
    [compact] 20002834 -> 520010 live entries after 134868 merges (64756 ms)
    ...135000 merges, heap 1184249, nbr_entries 1054126 (max deg 18458), 64803 ms
    [compact] 20002031 -> 509862 live entries after 138144 merges (65740 ms)
    ...140000 merges, heap 13711548, nbr_entries 1023514 (max deg 18105), 66370 ms
    [compact] 20003886 -> 501909 live entries after 140871 merges (66852 ms)
    [compact] 20003155 -> 494214 live entries after 143506 merges (68354 ms)
    ...145000 merges, heap 11782351, nbr_entries 994326 (max deg 17883), 68892 ms
    [compact] 20000182 -> 486713 live entries after 146089 merges (69345 ms)
    ...150000 merges, heap 9669271, nbr_entries 971270 (max deg 17585), 69788 ms
    ...155000 merges, heap 12468067, nbr_entries 947154 (max deg 17385), 70036 ms
    ...160000 merges, heap 16113432, nbr_entries 919948 (max deg 17066), 70305 ms
    ...165000 merges, heap 19983928, nbr_entries 893800 (max deg 16884), 70590 ms
    [compact] 20000096 -> 439198 live entries after 165142 merges (70648 ms)
    ...170000 merges, heap 5085168, nbr_entries 867142 (max deg 16598), 70893 ms
    ...175000 merges, heap 8858283, nbr_entries 844604 (max deg 16420), 71096 ms
    ...180000 merges, heap 11172816, nbr_entries 817564 (max deg 16151), 71303 ms
    ...185000 merges, heap 14922431, nbr_entries 791456 (max deg 16034), 71503 ms
    ...190000 merges, heap 19030793, nbr_entries 767098 (max deg 15818), 71664 ms
    [compact] 20006337 -> 373345 live entries after 191204 merges (71872 ms)
    ...195000 merges, heap 3754378, nbr_entries 742944 (max deg 15627), 72034 ms
    ...200000 merges, heap 6238751, nbr_entries 716310 (max deg 15397), 72154 ms
    ...205000 merges, heap 8859424, nbr_entries 690334 (max deg 15118), 72271 ms
    ...210000 merges, heap 10565969, nbr_entries 663664 (max deg 14868), 72405 ms
    ...215000 merges, heap 13672674, nbr_entries 638138 (max deg 14620), 72542 ms
    ...220000 merges, heap 16553783, nbr_entries 611000 (max deg 14393), 72667 ms
    ...225000 merges, heap 18761925, nbr_entries 585338 (max deg 14095), 72773 ms
    [compact] 20004081 -> 279246 live entries after 227205 merges (72871 ms)
    ...230000 merges, heap 1155734, nbr_entries 558686 (max deg 13803), 72939 ms
    ...235000 merges, heap 3450944, nbr_entries 530954 (max deg 13539), 73053 ms
    ...240000 merges, heap 5048130, nbr_entries 503008 (max deg 13259), 73129 ms
    ...245000 merges, heap 7178654, nbr_entries 475418 (max deg 12919), 73230 ms
    ...250000 merges, heap 9218967, nbr_entries 446742 (max deg 12555), 73332 ms
    ...255000 merges, heap 11124754, nbr_entries 419770 (max deg 12270), 73484 ms
    ...260000 merges, heap 12554308, nbr_entries 390482 (max deg 11889), 73563 ms
    ...265000 merges, heap 13557107, nbr_entries 361766 (max deg 11497), 73625 ms
    ...270000 merges, heap 14918200, nbr_entries 331908 (max deg 11124), 73699 ms
    ...275000 merges, heap 16038904, nbr_entries 301754 (max deg 10644), 73761 ms
    ...280000 merges, heap 17799852, nbr_entries 271946 (max deg 10158), 73865 ms
    ...285000 merges, heap 18595264, nbr_entries 240290 (max deg 9691), 73923 ms
    ...290000 merges, heap 19137446, nbr_entries 206670 (max deg 9269), 73962 ms
    [compact] 20004295 -> 85120 live entries after 293612 merges (74210 ms)
    ...295000 merges, heap 360373, nbr_entries 174210 (max deg 8642), 74268 ms
    ...300000 merges, heap 1063845, nbr_entries 140190 (max deg 8145), 74352 ms
    ...305000 merges, heap 1815881, nbr_entries 104338 (max deg 7661), 74427 ms
    ...310000 merges, heap 2635499, nbr_entries 76288 (max deg 6908), 74586 ms
    ...315000 merges, heap 2785633, nbr_entries 59170 (max deg 6068), 74666 ms
    ...320000 merges, heap 2967871, nbr_entries 43336 (max deg 5309), 74891 ms
    ...325000 merges, heap 4924770, nbr_entries 30326 (max deg 4869), 75755 ms
    ...330000 merges, heap 7480218, nbr_entries 18832 (max deg 2335), 77197 ms
    trace: 333311 merges in 80827 ms
  [dblp_full] N=317080 M=1049866 -- CNM...
    ...5000 merges, heap 1054956, nbr_entries 2088714 (max deg 343), 196 ms
    ...10000 merges, heap 1083570, nbr_entries 2074078 (max deg 343), 205 ms
    ...15000 merges, heap 1130838, nbr_entries 2059618 (max deg 343), 215 ms
    ...20000 merges, heap 1183104, nbr_entries 2045274 (max deg 343), 226 ms
    ...25000 merges, heap 1222337, nbr_entries 2030630 (max deg 343), 235 ms
    ...30000 merges, heap 1237752, nbr_entries 2017768 (max deg 343), 244 ms
    [compact] 20008534 -> 957424 live entries after 32468 merges (1366 ms)
    [compact] 20001967 -> 938035 live entries after 33404 merges (2468 ms)
    [compact] 20000500 -> 928054 live entries after 34205 merges (3538 ms)
    [compact] 20003733 -> 919633 live entries after 34940 merges (4712 ms)
    ...35000 merges, heap 2558276, nbr_entries 1850838 (max deg 33883), 4826 ms
    [compact] 20011925 -> 912052 live entries after 35636 merges (5897 ms)
    [compact] 20009778 -> 906465 live entries after 36308 merges (7002 ms)
    [compact] 20025993 -> 898735 live entries after 36956 merges (8130 ms)
    [compact] 20015478 -> 891671 live entries after 37570 merges (9236 ms)
    [compact] 20018696 -> 884937 live entries after 38160 merges (10378 ms)
    [compact] 20024558 -> 881717 live entries after 38740 merges (12260 ms)
    [compact] 20020149 -> 876570 live entries after 39311 merges (14427 ms)
    [compact] 20008340 -> 873746 live entries after 39870 merges (17801 ms)
    ...40000 merges, heap 5263861, nbr_entries 1769990 (max deg 46733), 18562 ms
    [compact] 20030033 -> 869703 live entries after 40446 merges (20652 ms)
    [compact] 20026674 -> 864760 live entries after 41014 merges (22610 ms)
    [compact] 20007574 -> 861317 live entries after 41567 merges (23768 ms)
    [compact] 20006201 -> 857750 live entries after 42112 merges (25094 ms)
    [compact] 20025116 -> 853800 live entries after 42645 merges (26393 ms)
    [compact] 20017096 -> 847171 live entries after 43190 merges (27561 ms)
    [compact] 20000227 -> 841602 live entries after 43721 merges (28785 ms)
    [compact] 20003167 -> 835998 live entries after 44237 merges (30061 ms)
    [compact] 20026749 -> 834484 live entries after 44761 merges (31429 ms)
    ...45000 merges, heap 9594904, nbr_entries 1703298 (max deg 54573), 31883 ms
    [compact] 20003572 -> 833959 live entries after 45284 merges (32579 ms)
    [compact] 20014872 -> 831272 live entries after 45806 merges (33760 ms)
    [compact] 20024471 -> 828036 live entries after 46324 merges (35106 ms)
    [compact] 20005214 -> 823242 live entries after 46867 merges (36289 ms)
    [compact] 20022679 -> 821822 live entries after 47420 merges (37664 ms)
    [compact] 20028579 -> 819529 live entries after 47973 merges (38837 ms)
    [compact] 20030672 -> 816817 live entries after 48528 merges (40160 ms)
    [compact] 20002042 -> 812938 live entries after 49073 merges (41950 ms)
    [compact] 20022042 -> 808339 live entries after 49612 merges (43598 ms)
    ...50000 merges, heap 14649086, nbr_entries 1656072 (max deg 57549), 44448 ms
    [compact] 20027420 -> 805020 live entries after 50148 merges (44911 ms)
    [compact] 20028548 -> 802602 live entries after 50678 merges (46215 ms)
    [compact] 20018207 -> 799987 live entries after 51207 merges (47445 ms)
    [compact] 20016425 -> 795290 live entries after 51725 merges (48551 ms)
    [compact] 20008988 -> 791881 live entries after 52239 merges (49795 ms)
    [compact] 20025087 -> 784758 live entries after 52766 merges (51252 ms)
    [compact] 20012697 -> 780814 live entries after 53311 merges (52429 ms)
    [compact] 20003166 -> 777760 live entries after 53857 merges (53854 ms)
    [compact] 20035083 -> 775583 live entries after 54400 merges (55339 ms)
    [compact] 20010544 -> 773162 live entries after 54939 merges (56686 ms)
    ...55000 merges, heap 2964376, nbr_entries 1597480 (max deg 61966), 56844 ms
    [compact] 20020031 -> 770824 live entries after 55475 merges (58100 ms)
    [compact] 20030015 -> 767406 live entries after 56009 merges (59675 ms)
    [compact] 20014662 -> 764387 live entries after 56535 merges (60980 ms)
    [compact] 20000165 -> 762064 live entries after 57117 merges (62816 ms)
    [compact] 20004175 -> 761478 live entries after 57703 merges (64826 ms)
    [compact] 20003003 -> 760892 live entries after 58289 merges (66699 ms)
    [compact] 20001831 -> 760306 live entries after 58875 merges (68206 ms)
    [compact] 20032290 -> 759714 live entries after 59462 merges (69623 ms)
    ...60000 merges, heap 18420708, nbr_entries 1572396 (max deg 60112), 70839 ms
    [compact] 20029133 -> 759126 live entries after 60049 merges (70985 ms)
    [compact] 20028255 -> 756966 live entries after 60641 merges (72379 ms)
    [compact] 20025589 -> 754090 live entries after 61230 merges (73711 ms)
    [compact] 20016947 -> 751234 live entries after 61817 merges (74952 ms)
    [compact] 20026115 -> 748512 live entries after 62402 merges (76299 ms)
    [compact] 20026523 -> 746555 live entries after 63032 merges (79065 ms)
    [compact] 20024859 -> 744868 live entries after 63661 merges (81229 ms)
    [compact] 20011656 -> 743392 live entries after 64289 merges (83270 ms)
    [compact] 20001881 -> 741982 live entries after 64917 merges (84903 ms)
    ...65000 merges, heap 3288943, nbr_entries 1538828 (max deg 59339), 85099 ms
    [compact] 20025880 -> 740605 live entries after 65546 merges (86501 ms)
    [compact] 20019398 -> 739027 live entries after 66174 merges (87944 ms)
    [compact] 20007756 -> 737324 live entries after 66801 merges (89212 ms)
    [compact] 20024048 -> 735026 live entries after 67433 merges (90741 ms)
    ...70000 merges, heap 19032644, nbr_entries 1481776 (max deg 58073), 92313 ms
    [compact] 20002718 -> 707468 live entries after 70145 merges (92406 ms)
    [compact] 20010470 -> 694920 live entries after 72186 merges (93536 ms)
    [compact] 20004393 -> 686247 live entries after 73544 merges (94421 ms)
    [compact] 20016374 -> 679292 live entries after 74615 merges (95477 ms)
    ...75000 merges, heap 8053460, nbr_entries 1421142 (max deg 56182), 95798 ms
    [compact] 20016549 -> 674259 live entries after 75606 merges (96517 ms)
    [compact] 20007486 -> 669082 live entries after 76564 merges (97776 ms)
    [compact] 20014189 -> 667112 live entries after 77501 merges (98903 ms)
    [compact] 20004775 -> 664365 live entries after 78435 merges (100046 ms)
    [compact] 20020436 -> 661887 live entries after 79360 merges (101165 ms)
    ...80000 merges, heap 14306238, nbr_entries 1384546 (max deg 55032), 101849 ms
    [compact] 20014649 -> 656650 live entries after 80258 merges (102140 ms)
    [compact] 20011303 -> 652247 live entries after 81111 merges (103123 ms)
    [compact] 20018502 -> 648271 live entries after 81946 merges (104223 ms)
    [compact] 20015102 -> 643964 live entries after 82779 merges (105399 ms)
    [compact] 20004666 -> 641538 live entries after 83614 merges (106525 ms)
    [compact] 20018497 -> 638149 live entries after 84427 merges (107634 ms)
    ...85000 merges, heap 14496420, nbr_entries 1343586 (max deg 54027), 108371 ms
    [compact] 20014492 -> 634769 live entries after 85231 merges (108661 ms)
    [compact] 20004144 -> 632234 live entries after 86054 merges (109835 ms)
    [compact] 20011287 -> 629196 live entries after 86864 merges (111123 ms)
    [compact] 20011922 -> 626419 live entries after 87657 merges (112338 ms)
    [compact] 20017314 -> 622744 live entries after 88460 merges (113560 ms)
    [compact] 20001108 -> 620179 live entries after 89264 merges (114587 ms)
    ...90000 merges, heap 18219385, nbr_entries 1309484 (max deg 53003), 115660 ms
    [compact] 20017398 -> 617492 live entries after 90075 merges (115914 ms)
    [compact] 20024075 -> 614928 live entries after 90875 merges (117090 ms)
    [compact] 20023042 -> 612400 live entries after 91658 merges (118177 ms)
    [compact] 20009018 -> 608018 live entries after 92454 merges (119199 ms)
    [compact] 20011826 -> 605075 live entries after 93254 merges (120435 ms)
    [compact] 20017773 -> 602378 live entries after 94044 merges (121549 ms)
    [compact] 20013908 -> 599329 live entries after 94833 merges (122737 ms)
    ...95000 merges, heap 4750469, nbr_entries 1274052 (max deg 51929), 122973 ms
    [compact] 20013191 -> 595253 live entries after 95601 merges (123792 ms)
    [compact] 20022811 -> 590304 live entries after 96355 merges (124971 ms)
    [compact] 20013912 -> 587375 live entries after 97131 merges (126037 ms)
    [compact] 20000232 -> 579061 live entries after 99078 merges (127075 ms)
    ...100000 merges, heap 7052465, nbr_entries 1224656 (max deg 50288), 127338 ms
    [compact] 20007558 -> 565153 live entries after 101172 merges (128060 ms)
    [compact] 20015329 -> 557406 live entries after 102541 merges (129128 ms)
    [compact] 20010020 -> 550921 live entries after 103726 merges (130098 ms)
    [compact] 20007945 -> 545200 live entries after 104779 merges (130980 ms)
    ...105000 merges, heap 4909469, nbr_entries 1165114 (max deg 49058), 131177 ms
    [compact] 20009445 -> 542558 live entries after 105792 merges (132232 ms)
    [compact] 20017341 -> 540156 live entries after 106830 merges (133494 ms)
    [compact] 20003447 -> 536640 live entries after 107837 merges (134470 ms)
    [compact] 20020672 -> 531611 live entries after 108797 merges (135610 ms)
    [compact] 20022613 -> 526339 live entries after 109681 merges (136624 ms)
    ...110000 merges, heap 7850931, nbr_entries 1126890 (max deg 48350), 136934 ms
    [compact] 20014712 -> 521707 live entries after 110522 merges (137513 ms)
    [compact] 20016734 -> 517336 live entries after 111349 merges (138675 ms)
    [compact] 20015652 -> 514838 live entries after 112193 merges (139841 ms)
    [compact] 20023220 -> 512678 live entries after 113028 merges (141001 ms)
    [compact] 20001274 -> 509698 live entries after 113896 merges (142304 ms)
    [compact] 20001907 -> 507108 live entries after 114763 merges (143524 ms)
    ...115000 merges, heap 5856030, nbr_entries 1090834 (max deg 47768), 143807 ms
    [compact] 20011454 -> 502806 live entries after 115614 merges (144675 ms)
    [compact] 20018280 -> 500426 live entries after 116479 merges (145826 ms)
    [compact] 20015400 -> 497657 live entries after 117340 merges (146760 ms)
    [compact] 20011993 -> 494795 live entries after 118220 merges (147831 ms)
    [compact] 20010425 -> 489697 live entries after 119120 merges (148929 ms)
    ...120000 merges, heap 19748791, nbr_entries 1052610 (max deg 47136), 149830 ms
    [compact] 20012732 -> 486915 live entries after 120012 merges (150014 ms)
    [compact] 20004509 -> 484020 live entries after 120895 merges (150959 ms)
    [compact] 20017590 -> 480137 live entries after 121806 merges (152152 ms)
    [compact] 20005371 -> 477235 live entries after 122719 merges (153196 ms)
    [compact] 20012917 -> 474362 live entries after 123615 merges (154248 ms)
    [compact] 20010156 -> 471250 live entries after 124514 merges (155327 ms)
    ...125000 merges, heap 11137857, nbr_entries 1018058 (max deg 46303), 155887 ms
    [compact] 20008718 -> 467257 live entries after 125409 merges (156315 ms)
    [compact] 20002244 -> 453833 live entries after 129933 merges (157507 ms)
    ...130000 merges, heap 733127, nbr_entries 985974 (max deg 45544), 157544 ms
    ...135000 merges, heap 9600171, nbr_entries 954088 (max deg 44616), 157908 ms
    ...140000 merges, heap 19099091, nbr_entries 919446 (max deg 43726), 158407 ms
    [compact] 20003354 -> 422141 live entries after 140352 merges (158606 ms)
    ...145000 merges, heap 12670511, nbr_entries 884164 (max deg 42920), 159338 ms
    [compact] 20003988 -> 400963 live entries after 147250 merges (159855 ms)
    ...150000 merges, heap 7244304, nbr_entries 858926 (max deg 42305), 160177 ms
    ...155000 merges, heap 18756661, nbr_entries 838240 (max deg 41761), 161101 ms
    [compact] 20005674 -> 383291 live entries after 155616 merges (161343 ms)
    ...160000 merges, heap 13099972, nbr_entries 815378 (max deg 41059), 162291 ms
    [compact] 20017421 -> 368333 live entries after 162439 merges (162970 ms)
    ...165000 merges, heap 5016444, nbr_entries 790638 (max deg 40457), 163230 ms
    ...170000 merges, heap 15863781, nbr_entries 765696 (max deg 39884), 163848 ms
    [compact] 20006625 -> 342665 live entries after 172546 merges (164128 ms)
    ...175000 merges, heap 6255005, nbr_entries 738818 (max deg 39211), 164510 ms
    ...180000 merges, heap 15516745, nbr_entries 712386 (max deg 38549), 165059 ms
    [compact] 20016922 -> 315754 live entries after 182847 merges (165449 ms)
    ...185000 merges, heap 4111076, nbr_entries 682270 (max deg 37715), 165702 ms
    ...190000 merges, heap 12558356, nbr_entries 654526 (max deg 36948), 166250 ms
    [compact] 20019984 -> 286229 live entries after 193874 merges (166894 ms)
    ...195000 merges, heap 1993163, nbr_entries 627640 (max deg 36066), 167031 ms
    ...200000 merges, heap 10741210, nbr_entries 602364 (max deg 35186), 167595 ms
    ...205000 merges, heap 18956949, nbr_entries 577942 (max deg 34349), 168056 ms
    [compact] 20000598 -> 256191 live entries after 206454 merges (168179 ms)
    ...210000 merges, heap 3942055, nbr_entries 550746 (max deg 33331), 168422 ms
    ...215000 merges, heap 9230465, nbr_entries 524806 (max deg 32465), 168727 ms
    ...220000 merges, heap 13907218, nbr_entries 495044 (max deg 31414), 169081 ms
    ...225000 merges, heap 19178850, nbr_entries 466536 (max deg 30578), 169417 ms
    [compact] 20011956 -> 206434 live entries after 225328 merges (169621 ms)
    ...230000 merges, heap 5717758, nbr_entries 435716 (max deg 29485), 169997 ms
    ...235000 merges, heap 11846694, nbr_entries 403210 (max deg 28144), 170450 ms
    ...240000 merges, heap 17614391, nbr_entries 372986 (max deg 26824), 170843 ms
    [compact] 20002300 -> 159284 live entries after 241972 merges (171033 ms)
    ...245000 merges, heap 2497896, nbr_entries 343546 (max deg 25383), 171208 ms
    ...250000 merges, heap 6759871, nbr_entries 310036 (max deg 24179), 171459 ms
    ...255000 merges, heap 10047494, nbr_entries 272162 (max deg 22568), 171698 ms
    ...260000 merges, heap 12943135, nbr_entries 238288 (max deg 21368), 171878 ms
    ...265000 merges, heap 14879034, nbr_entries 201916 (max deg 19701), 172018 ms
    ...270000 merges, heap 16178244, nbr_entries 164028 (max deg 18179), 172169 ms
    ...275000 merges, heap 16903690, nbr_entries 124740 (max deg 16751), 172317 ms
    ...280000 merges, heap 16929486, nbr_entries 102252 (max deg 15455), 172470 ms
    ...285000 merges, heap 16256501, nbr_entries 87060 (max deg 14609), 173362 ms
    [compact] 20000322 -> 30445 live entries after 288669 merges (174233 ms)
    ...290000 merges, heap 811652, nbr_entries 73448 (max deg 13829), 174323 ms
    ...295000 merges, heap 6673063, nbr_entries 59126 (max deg 13002), 175630 ms
    ...300000 merges, heap 14991558, nbr_entries 48760 (max deg 12931), 177909 ms
    [compact] 20000805 -> 13224 live entries after 302959 merges (179881 ms)
    ...305000 merges, heap 4784155, nbr_entries 37742 (max deg 9387), 181343 ms
    ...310000 merges, heap 15586938, nbr_entries 26768 (max deg 4614), 183231 ms
    trace: 313922 merges in 189524 ms
